Archive member included to satisfy reference by file (symbol)

D:/NXP/S32DS.3.5/S32DS/build_tools/gcc_b1620/gcc-6.3-arm32-eabi/arm-none-eabi/newlib/lib/thumb/v7e-m/fpv4-sp/hard\libc_nano.a(lib_a-exit.o)
                              D:/NXP/S32DS.3.5/S32DS/build_tools/gcc_b1620/gcc-6.3-arm32-eabi/arm-none-eabi/newlib/lib/thumb/v7e-m/fpv4-sp/hard/crt0.o (exit)
D:/NXP/S32DS.3.5/S32DS/build_tools/gcc_b1620/gcc-6.3-arm32-eabi/arm-none-eabi/newlib/lib/thumb/v7e-m/fpv4-sp/hard\libc_nano.a(lib_a-impure.o)
                              D:/NXP/S32DS.3.5/S32DS/build_tools/gcc_b1620/gcc-6.3-arm32-eabi/arm-none-eabi/newlib/lib/thumb/v7e-m/fpv4-sp/hard\libc_nano.a(lib_a-exit.o) (_global_impure_ptr)
D:/NXP/S32DS.3.5/S32DS/build_tools/gcc_b1620/gcc-6.3-arm32-eabi/arm-none-eabi/newlib/lib/thumb/v7e-m/fpv4-sp/hard\libc_nano.a(lib_a-init.o)
                              D:/NXP/S32DS.3.5/S32DS/build_tools/gcc_b1620/gcc-6.3-arm32-eabi/arm-none-eabi/newlib/lib/thumb/v7e-m/fpv4-sp/hard/crt0.o (__libc_init_array)
D:/NXP/S32DS.3.5/S32DS/build_tools/gcc_b1620/gcc-6.3-arm32-eabi/arm-none-eabi/newlib/lib/thumb/v7e-m/fpv4-sp/hard\libc_nano.a(lib_a-memset.o)
                              D:/NXP/S32DS.3.5/S32DS/build_tools/gcc_b1620/gcc-6.3-arm32-eabi/arm-none-eabi/newlib/lib/thumb/v7e-m/fpv4-sp/hard/crt0.o (memset)
D:/NXP/S32DS.3.5/S32DS/build_tools/gcc_b1620/gcc-6.3-arm32-eabi/arm-none-eabi/newlib/lib/thumb/v7e-m/fpv4-sp/hard\libnosys.a(_exit.o)
                              D:/NXP/S32DS.3.5/S32DS/build_tools/gcc_b1620/gcc-6.3-arm32-eabi/arm-none-eabi/newlib/lib/thumb/v7e-m/fpv4-sp/hard\libc_nano.a(lib_a-exit.o) (_exit)

Discarded input sections

 .text          0x00000000        0x0 d:/nxp/s32ds.3.5/s32ds/build_tools/gcc_b1620/gcc-6.3-arm32-eabi/bin/../lib/gcc/arm-none-eabi/6.3.1/thumb/v7e-m/fpv4-sp/hard/crti.o
 .data          0x00000000        0x0 d:/nxp/s32ds.3.5/s32ds/build_tools/gcc_b1620/gcc-6.3-arm32-eabi/bin/../lib/gcc/arm-none-eabi/6.3.1/thumb/v7e-m/fpv4-sp/hard/crti.o
 .bss           0x00000000        0x0 d:/nxp/s32ds.3.5/s32ds/build_tools/gcc_b1620/gcc-6.3-arm32-eabi/bin/../lib/gcc/arm-none-eabi/6.3.1/thumb/v7e-m/fpv4-sp/hard/crti.o
 .text          0x00000000       0xa4 d:/nxp/s32ds.3.5/s32ds/build_tools/gcc_b1620/gcc-6.3-arm32-eabi/bin/../lib/gcc/arm-none-eabi/6.3.1/thumb/v7e-m/fpv4-sp/hard/crtbegin.o
 .data          0x00000000        0x4 d:/nxp/s32ds.3.5/s32ds/build_tools/gcc_b1620/gcc-6.3-arm32-eabi/bin/../lib/gcc/arm-none-eabi/6.3.1/thumb/v7e-m/fpv4-sp/hard/crtbegin.o
 .bss           0x00000000       0x1c d:/nxp/s32ds.3.5/s32ds/build_tools/gcc_b1620/gcc-6.3-arm32-eabi/bin/../lib/gcc/arm-none-eabi/6.3.1/thumb/v7e-m/fpv4-sp/hard/crtbegin.o
 .init_array    0x00000000        0x4 d:/nxp/s32ds.3.5/s32ds/build_tools/gcc_b1620/gcc-6.3-arm32-eabi/bin/../lib/gcc/arm-none-eabi/6.3.1/thumb/v7e-m/fpv4-sp/hard/crtbegin.o
 .fini_array    0x00000000        0x4 d:/nxp/s32ds.3.5/s32ds/build_tools/gcc_b1620/gcc-6.3-arm32-eabi/bin/../lib/gcc/arm-none-eabi/6.3.1/thumb/v7e-m/fpv4-sp/hard/crtbegin.o
 .eh_frame      0x00000000        0x0 d:/nxp/s32ds.3.5/s32ds/build_tools/gcc_b1620/gcc-6.3-arm32-eabi/bin/../lib/gcc/arm-none-eabi/6.3.1/thumb/v7e-m/fpv4-sp/hard/crtbegin.o
 .jcr           0x00000000        0x0 d:/nxp/s32ds.3.5/s32ds/build_tools/gcc_b1620/gcc-6.3-arm32-eabi/bin/../lib/gcc/arm-none-eabi/6.3.1/thumb/v7e-m/fpv4-sp/hard/crtbegin.o
 .tm_clone_table
                0x00000000        0x0 d:/nxp/s32ds.3.5/s32ds/build_tools/gcc_b1620/gcc-6.3-arm32-eabi/bin/../lib/gcc/arm-none-eabi/6.3.1/thumb/v7e-m/fpv4-sp/hard/crtbegin.o
 .comment       0x00000000       0x7f d:/nxp/s32ds.3.5/s32ds/build_tools/gcc_b1620/gcc-6.3-arm32-eabi/bin/../lib/gcc/arm-none-eabi/6.3.1/thumb/v7e-m/fpv4-sp/hard/crtbegin.o
 .ARM.attributes
                0x00000000       0x34 d:/nxp/s32ds.3.5/s32ds/build_tools/gcc_b1620/gcc-6.3-arm32-eabi/bin/../lib/gcc/arm-none-eabi/6.3.1/thumb/v7e-m/fpv4-sp/hard/crtbegin.o
 .text          0x00000000       0x7c D:/NXP/S32DS.3.5/S32DS/build_tools/gcc_b1620/gcc-6.3-arm32-eabi/arm-none-eabi/newlib/lib/thumb/v7e-m/fpv4-sp/hard/crt0.o
 .data          0x00000000        0x0 D:/NXP/S32DS.3.5/S32DS/build_tools/gcc_b1620/gcc-6.3-arm32-eabi/arm-none-eabi/newlib/lib/thumb/v7e-m/fpv4-sp/hard/crt0.o
 .bss           0x00000000        0x0 D:/NXP/S32DS.3.5/S32DS/build_tools/gcc_b1620/gcc-6.3-arm32-eabi/arm-none-eabi/newlib/lib/thumb/v7e-m/fpv4-sp/hard/crt0.o
 .ARM.extab     0x00000000        0x0 D:/NXP/S32DS.3.5/S32DS/build_tools/gcc_b1620/gcc-6.3-arm32-eabi/arm-none-eabi/newlib/lib/thumb/v7e-m/fpv4-sp/hard/crt0.o
 .ARM.exidx     0x00000000       0x10 D:/NXP/S32DS.3.5/S32DS/build_tools/gcc_b1620/gcc-6.3-arm32-eabi/arm-none-eabi/newlib/lib/thumb/v7e-m/fpv4-sp/hard/crt0.o
 .ARM.attributes
                0x00000000       0x20 D:/NXP/S32DS.3.5/S32DS/build_tools/gcc_b1620/gcc-6.3-arm32-eabi/arm-none-eabi/newlib/lib/thumb/v7e-m/fpv4-sp/hard/crt0.o
 .data          0x00000000        0x0 ./Project_Settings/Startup_Code/startup_S32K144.o
 .bss           0x00000000        0x0 ./Project_Settings/Startup_Code/startup_S32K144.o
 .text          0x00000000        0x0 ./SDK/platform/devices/S32K144/startup/system_S32K144.o
 .data          0x00000000        0x0 ./SDK/platform/devices/S32K144/startup/system_S32K144.o
 .bss           0x00000000        0x0 ./SDK/platform/devices/S32K144/startup/system_S32K144.o
 .text.SystemCoreClockUpdate
                0x00000000       0x88 ./SDK/platform/devices/S32K144/startup/system_S32K144.o
 .text.SystemSoftwareReset
                0x00000000       0x18 ./SDK/platform/devices/S32K144/startup/system_S32K144.o
 .data.SystemCoreClock
                0x00000000        0x4 ./SDK/platform/devices/S32K144/startup/system_S32K144.o
 .text          0x00000000        0x0 ./SDK/platform/devices/startup.o
 .data          0x00000000        0x0 ./SDK/platform/devices/startup.o
 .bss           0x00000000        0x0 ./SDK/platform/devices/startup.o
 .text          0x00000000        0x0 ./SDK/platform/drivers/src/clock/S32K1xx/clock_S32K1xx.o
 .data          0x00000000        0x0 ./SDK/platform/drivers/src/clock/S32K1xx/clock_S32K1xx.o
 .bss           0x00000000        0x0 ./SDK/platform/drivers/src/clock/S32K1xx/clock_S32K1xx.o
 .text.CLOCK_SYS_GetSystemClockFreq
                0x00000000       0x78 ./SDK/platform/drivers/src/clock/S32K1xx/clock_S32K1xx.o
 .text.CLOCK_SYS_GetScgClkOutFreq
                0x00000000       0x48 ./SDK/platform/drivers/src/clock/S32K1xx/clock_S32K1xx.o
 .text.CLOCK_SYS_GetSysAsyncFreq
                0x00000000       0xdc ./SDK/platform/drivers/src/clock/S32K1xx/clock_S32K1xx.o
 .text.CLOCK_SYS_GetSimRtcClkFreq
                0x00000000       0x50 ./SDK/platform/drivers/src/clock/S32K1xx/clock_S32K1xx.o
 .text.CLOCK_SYS_GetLpoFreq
                0x00000000       0x4c ./SDK/platform/drivers/src/clock/S32K1xx/clock_S32K1xx.o
 .text.CLOCK_SYS_GetSimClkOutFreq
                0x00000000       0xac ./SDK/platform/drivers/src/clock/S32K1xx/clock_S32K1xx.o
 .text.CLOCK_SYS_GetSimClockFreq
                0x00000000      0x1a8 ./SDK/platform/drivers/src/clock/S32K1xx/clock_S32K1xx.o
 .text.CLOCK_SYS_GetPeripheralClock
                0x00000000       0xcc ./SDK/platform/drivers/src/clock/S32K1xx/clock_S32K1xx.o
 .text.CLOCK_SYS_TransitionToTmpSysClk
                0x00000000       0xee ./SDK/platform/drivers/src/clock/S32K1xx/clock_S32K1xx.o
 .text.CLOCK_SYS_GetCurrentSysClkConfig
                0x00000000       0x5c ./SDK/platform/drivers/src/clock/S32K1xx/clock_S32K1xx.o
 .text.CLOCK_SYS_ConvertAsyncDividerValue
                0x00000000       0x3e ./SDK/platform/drivers/src/clock/S32K1xx/clock_S32K1xx.o
 .text.CLOCK_DRV_GetFreq
                0x00000000      0x230 ./SDK/platform/drivers/src/clock/S32K1xx/clock_S32K1xx.o
 .text.CLOCK_DRV_SetModuleClock
                0x00000000      0x174 ./SDK/platform/drivers/src/clock/S32K1xx/clock_S32K1xx.o
 .text.CLOCK_DRV_SetSystemClock
                0x00000000      0x120 ./SDK/platform/drivers/src/clock/S32K1xx/clock_S32K1xx.o
 .text.CLOCK_DRV_GetSystemClockSource
                0x00000000       0x5c ./SDK/platform/drivers/src/clock/S32K1xx/clock_S32K1xx.o
 .text.CLOCK_DRV_SetClockSource
                0x00000000      0x298 ./SDK/platform/drivers/src/clock/S32K1xx/clock_S32K1xx.o
 .text.CLOCK_SYS_GetCurrentConfiguration
                0x00000000        0xc ./SDK/platform/drivers/src/clock/S32K1xx/clock_S32K1xx.o
 .text.CLOCK_SYS_GetErrorCallback
                0x00000000       0x1c ./SDK/platform/drivers/src/clock/S32K1xx/clock_S32K1xx.o
 .text.CLOCK_SYS_GetFreq
                0x00000000        0x8 ./SDK/platform/drivers/src/clock/S32K1xx/clock_S32K1xx.o
 .text.CLOCK_SYS_SetConfiguration
                0x00000000        0x8 ./SDK/platform/drivers/src/clock/S32K1xx/clock_S32K1xx.o
 .rodata.peripheralFeaturesList
                0x00000000       0x4f ./SDK/platform/drivers/src/clock/S32K1xx/clock_S32K1xx.o
 .rodata.sysClkDivMappings.7695
                0x00000000       0x10 ./SDK/platform/drivers/src/clock/S32K1xx/clock_S32K1xx.o
 .rodata.sysClkDivMappings.7773
                0x00000000       0x11 ./SDK/platform/drivers/src/clock/S32K1xx/clock_S32K1xx.o
 .text          0x00000000        0x0 ./SDK/platform/drivers/src/edma/edma_driver.o
 .data          0x00000000        0x0 ./SDK/platform/drivers/src/edma/edma_driver.o
 .bss           0x00000000        0x0 ./SDK/platform/drivers/src/edma/edma_driver.o
 .text.EDMA_DRV_ClearStructure
                0x00000000       0x10 ./SDK/platform/drivers/src/edma/edma_driver.o
 .text.EDMA_DRV_InstallCallback
                0x00000000       0x20 ./SDK/platform/drivers/src/edma/edma_driver.o
 .text.EDMA_DRV_ReleaseChannel
                0x00000000       0x34 ./SDK/platform/drivers/src/edma/edma_driver.o
 .text.EDMA_DRV_Deinit
                0x00000000       0x50 ./SDK/platform/drivers/src/edma/edma_driver.o
 .text.EDMA_DRV_ConfigSingleBlockTransfer
                0x00000000      0x154 ./SDK/platform/drivers/src/edma/edma_driver.o
 .text.EDMA_DRV_ConfigMultiBlockTransfer
                0x00000000       0x64 ./SDK/platform/drivers/src/edma/edma_driver.o
 .text.EDMA_DRV_StartChannel
                0x00000000       0x18 ./SDK/platform/drivers/src/edma/edma_driver.o
 .text.EDMA_DRV_SetChannelRequestAndTrigger
                0x00000000       0x44 ./SDK/platform/drivers/src/edma/edma_driver.o
 .text.EDMA_DRV_ChannelInit
                0x00000000       0xa0 ./SDK/platform/drivers/src/edma/edma_driver.o
 .text.EDMA_DRV_Init
                0x00000000       0xb0 ./SDK/platform/drivers/src/edma/edma_driver.o
 .text.EDMA_DRV_ClearTCD
                0x00000000       0x14 ./SDK/platform/drivers/src/edma/edma_driver.o
 .text.EDMA_DRV_SetSrcAddr
                0x00000000       0x14 ./SDK/platform/drivers/src/edma/edma_driver.o
 .text.EDMA_DRV_SetSrcOffset
                0x00000000       0x14 ./SDK/platform/drivers/src/edma/edma_driver.o
 .text.EDMA_DRV_SetSrcReadChunkSize
                0x00000000       0x26 ./SDK/platform/drivers/src/edma/edma_driver.o
 .text.EDMA_DRV_SetSrcLastAddrAdjustment
                0x00000000       0x16 ./SDK/platform/drivers/src/edma/edma_driver.o
 .text.EDMA_DRV_SetDestLastAddrAdjustment
                0x00000000       0x16 ./SDK/platform/drivers/src/edma/edma_driver.o
 .text.EDMA_DRV_SetDestAddr
                0x00000000       0x16 ./SDK/platform/drivers/src/edma/edma_driver.o
 .text.EDMA_DRV_SetDestOffset
                0x00000000       0x18 ./SDK/platform/drivers/src/edma/edma_driver.o
 .text.EDMA_DRV_SetDestWriteChunkSize
                0x00000000       0x24 ./SDK/platform/drivers/src/edma/edma_driver.o
 .text.EDMA_DRV_SetMinorLoopBlockSize
                0x00000000       0x14 ./SDK/platform/drivers/src/edma/edma_driver.o
 .text.EDMA_DRV_SetMajorLoopIterationCount
                0x00000000       0x14 ./SDK/platform/drivers/src/edma/edma_driver.o
 .text.EDMA_DRV_GetRemainingMajorIterationsCount
                0x00000000       0x14 ./SDK/platform/drivers/src/edma/edma_driver.o
 .text.EDMA_DRV_SetScatterGatherLink
                0x00000000       0x14 ./SDK/platform/drivers/src/edma/edma_driver.o
 .text.EDMA_DRV_DisableRequestsOnTransferComplete
                0x00000000       0x38 ./SDK/platform/drivers/src/edma/edma_driver.o
 .text.EDMA_DRV_ConfigureInterrupt
                0x00000000       0x80 ./SDK/platform/drivers/src/edma/edma_driver.o
 .text.EDMA_DRV_CancelTransfer
                0x00000000       0x18 ./SDK/platform/drivers/src/edma/edma_driver.o
 .text.EDMA_DRV_TriggerSwRequest
                0x00000000       0x10 ./SDK/platform/drivers/src/edma/edma_driver.o
 .text.EDMA_DRV_PushConfigToSTCD
                0x00000000       0x8e ./SDK/platform/drivers/src/edma/edma_driver.o
 .text.EDMA_DRV_PushConfigToReg
                0x00000000      0x1d8 ./SDK/platform/drivers/src/edma/edma_driver.o
 .text.EDMA_DRV_ConfigLoopTransfer
                0x00000000       0x28 ./SDK/platform/drivers/src/edma/edma_driver.o
 .text.EDMA_DRV_ConfigScatterGatherTransfer
                0x00000000      0x194 ./SDK/platform/drivers/src/edma/edma_driver.o
 .text.EDMA_DRV_GetChannelStatus
                0x00000000       0x10 ./SDK/platform/drivers/src/edma/edma_driver.o
 .rodata.s_edmaIrqId
                0x00000000       0x10 ./SDK/platform/drivers/src/edma/edma_driver.o
 .text          0x00000000        0x0 ./SDK/platform/drivers/src/edma/edma_hw_access.o
 .data          0x00000000        0x0 ./SDK/platform/drivers/src/edma/edma_hw_access.o
 .bss           0x00000000        0x0 ./SDK/platform/drivers/src/edma/edma_hw_access.o
 .text.EDMA_CancelTransfer
                0x00000000       0x12 ./SDK/platform/drivers/src/edma/edma_hw_access.o
 .text.EDMA_CancelTransferWithError
                0x00000000       0x12 ./SDK/platform/drivers/src/edma/edma_hw_access.o
 .text.EDMA_SetErrorIntCmd
                0x00000000        0xa ./SDK/platform/drivers/src/edma/edma_hw_access.o
 .text.EDMA_TCDClearReg
                0x00000000       0x4a ./SDK/platform/drivers/src/edma/edma_hw_access.o
 .text.EDMA_Init
                0x00000000       0x22 ./SDK/platform/drivers/src/edma/edma_hw_access.o
 .text.EDMA_TCDSetAttribute
                0x00000000       0x30 ./SDK/platform/drivers/src/edma/edma_hw_access.o
 .text.EDMA_TCDSetNbytes
                0x00000000       0x5c ./SDK/platform/drivers/src/edma/edma_hw_access.o
 .text.EDMA_TCDSetMinorLoopOffset
                0x00000000       0x44 ./SDK/platform/drivers/src/edma/edma_hw_access.o
 .text.EDMA_TCDSetScatterGatherLink
                0x00000000        0xc ./SDK/platform/drivers/src/edma/edma_hw_access.o
 .text.EDMA_TCDSetChannelMinorLink
                0x00000000       0x6a ./SDK/platform/drivers/src/edma/edma_hw_access.o
 .text.EDMA_TCDSetMajorCount
                0x00000000       0x5e ./SDK/platform/drivers/src/edma/edma_hw_access.o
 .text.EDMA_TCDGetCurrentMajorCount
                0x00000000       0x2c ./SDK/platform/drivers/src/edma/edma_hw_access.o
 .text.DMAMUX_Init
                0x00000000        0xe ./SDK/platform/drivers/src/edma/edma_hw_access.o
 .text          0x00000000        0x0 ./SDK/platform/drivers/src/edma/edma_irq.o
 .data          0x00000000        0x0 ./SDK/platform/drivers/src/edma/edma_irq.o
 .bss           0x00000000        0x0 ./SDK/platform/drivers/src/edma/edma_irq.o
 .text          0x00000000        0x0 ./SDK/platform/drivers/src/flexcan/flexcan_driver.o
 .data          0x00000000        0x0 ./SDK/platform/drivers/src/flexcan/flexcan_driver.o
 .bss           0x00000000        0x0 ./SDK/platform/drivers/src/flexcan/flexcan_driver.o
 .text.FLEXCAN_StartRxMessageBufferData
                0x00000000       0x80 ./SDK/platform/drivers/src/flexcan/flexcan_driver.o
 .text.FLEXCAN_StartRxMessageFifoData
                0x00000000      0x114 ./SDK/platform/drivers/src/flexcan/flexcan_driver.o
 .text.FLEXCAN_CompleteRxFifoDataDMA
                0x00000000       0x30 ./SDK/platform/drivers/src/flexcan/flexcan_driver.o
 .text.FLEXCAN_DRV_SetBitrate
                0x00000000       0xb0 ./SDK/platform/drivers/src/flexcan/flexcan_driver.o
 .text.FLEXCAN_DRV_SetBitrateCbt
                0x00000000       0x74 ./SDK/platform/drivers/src/flexcan/flexcan_driver.o
 .text.FLEXCAN_DRV_GetBitrate
                0x00000000       0x64 ./SDK/platform/drivers/src/flexcan/flexcan_driver.o
 .text.FLEXCAN_DRV_GetBitrateFD
                0x00000000       0x40 ./SDK/platform/drivers/src/flexcan/flexcan_driver.o
 .text.FLEXCAN_DRV_SetRxMaskType
                0x00000000       0x40 ./SDK/platform/drivers/src/flexcan/flexcan_driver.o
 .text.FLEXCAN_DRV_SetRxFifoGlobalMask
                0x00000000       0x98 ./SDK/platform/drivers/src/flexcan/flexcan_driver.o
 .text.FLEXCAN_DRV_SetRxMbGlobalMask
                0x00000000       0x48 ./SDK/platform/drivers/src/flexcan/flexcan_driver.o
 .text.FLEXCAN_DRV_SetRxMb14Mask
                0x00000000       0x48 ./SDK/platform/drivers/src/flexcan/flexcan_driver.o
 .text.FLEXCAN_DRV_SetRxMb15Mask
                0x00000000       0x48 ./SDK/platform/drivers/src/flexcan/flexcan_driver.o
 .text.FLEXCAN_DRV_SetRxIndividualMask
                0x00000000      0x150 ./SDK/platform/drivers/src/flexcan/flexcan_driver.o
 .text.FLEXCAN_DRV_ConfigRemoteResponseMb
                0x00000000       0x4c ./SDK/platform/drivers/src/flexcan/flexcan_driver.o
 .text.FLEXCAN_DRV_SendBlocking
                0x00000000       0xe0 ./SDK/platform/drivers/src/flexcan/flexcan_driver.o
 .text.FLEXCAN_DRV_ConfigRxMb
                0x00000000       0x98 ./SDK/platform/drivers/src/flexcan/flexcan_driver.o
 .text.FLEXCAN_DRV_ConfigRxFifo
                0x00000000       0x38 ./SDK/platform/drivers/src/flexcan/flexcan_driver.o
 .text.FLEXCAN_DRV_ReceiveBlocking
                0x00000000       0x88 ./SDK/platform/drivers/src/flexcan/flexcan_driver.o
 .text.FLEXCAN_DRV_Receive
                0x00000000       0x2c ./SDK/platform/drivers/src/flexcan/flexcan_driver.o
 .text.FLEXCAN_DRV_RxFifoBlocking
                0x00000000       0x84 ./SDK/platform/drivers/src/flexcan/flexcan_driver.o
 .text.FLEXCAN_DRV_RxFifo
                0x00000000        0xa ./SDK/platform/drivers/src/flexcan/flexcan_driver.o
 .text.FLEXCAN_DRV_Deinit
                0x00000000       0xe0 ./SDK/platform/drivers/src/flexcan/flexcan_driver.o
 .text.FLEXCAN_DRV_SetTDCOffset
                0x00000000       0x68 ./SDK/platform/drivers/src/flexcan/flexcan_driver.o
 .text.FLEXCAN_DRV_GetTDCValue
                0x00000000       0x14 ./SDK/platform/drivers/src/flexcan/flexcan_driver.o
 .text.FLEXCAN_DRV_GetTDCFail
                0x00000000       0x14 ./SDK/platform/drivers/src/flexcan/flexcan_driver.o
 .text.FLEXCAN_DRV_ClearTDCFail
                0x00000000       0x18 ./SDK/platform/drivers/src/flexcan/flexcan_driver.o
 .text.FLEXCAN_DRV_GetErrorStatus
                0x00000000       0x10 ./SDK/platform/drivers/src/flexcan/flexcan_driver.o
 .text.FLEXCAN_DRV_AbortTransfer
                0x00000000      0x154 ./SDK/platform/drivers/src/flexcan/flexcan_driver.o
 .text.FLEXCAN_DRV_InstallEventCallback
                0x00000000       0x14 ./SDK/platform/drivers/src/flexcan/flexcan_driver.o
 .text.FLEXCAN_DRV_InstallErrorCallback
                0x00000000       0xa0 ./SDK/platform/drivers/src/flexcan/flexcan_driver.o
 .text.FLEXCAN_DRV_ConfigPN
                0x00000000       0x50 ./SDK/platform/drivers/src/flexcan/flexcan_driver.o
 .text.FLEXCAN_DRV_GetWMB
                0x00000000       0x3c ./SDK/platform/drivers/src/flexcan/flexcan_driver.o
 .text.FLEXCAN_DRV_GetDefaultConfig
                0x00000000      0x158 ./SDK/platform/drivers/src/flexcan/flexcan_driver.o
 .text          0x00000000        0x0 ./SDK/platform/drivers/src/flexcan/flexcan_hw_access.o
 .data          0x00000000        0x0 ./SDK/platform/drivers/src/flexcan/flexcan_hw_access.o
 .bss           0x00000000        0x0 ./SDK/platform/drivers/src/flexcan/flexcan_hw_access.o
 .text.FLEXCAN_GetRxFifoMask
                0x00000000       0x60 ./SDK/platform/drivers/src/flexcan/flexcan_hw_access.o
 .text.FLEXCAN_SetRxFifoFilter
                0x00000000      0x1dc ./SDK/platform/drivers/src/flexcan/flexcan_hw_access.o
 .text.FLEXCAN_SetErrIntCmd
                0x00000000       0x5a ./SDK/platform/drivers/src/flexcan/flexcan_hw_access.o
 .text.FLEXCAN_AbortTxMsgBuff
                0x00000000       0x14 ./SDK/platform/drivers/src/flexcan/flexcan_hw_access.o
 .text.FLEXCAN_ResetRxMsgBuff
                0x00000000       0x16 ./SDK/platform/drivers/src/flexcan/flexcan_hw_access.o
 .text.FLEXCAN_SetRxMsgBuff
                0x00000000       0xc8 ./SDK/platform/drivers/src/flexcan/flexcan_hw_access.o
 .text.FLEXCAN_ConfigPN
                0x00000000      0x1a8 ./SDK/platform/drivers/src/flexcan/flexcan_hw_access.o
 .text          0x00000000        0x0 ./SDK/platform/drivers/src/flexcan/flexcan_irq.o
 .data          0x00000000        0x0 ./SDK/platform/drivers/src/flexcan/flexcan_irq.o
 .bss           0x00000000        0x0 ./SDK/platform/drivers/src/flexcan/flexcan_irq.o
 .text.CAN1_ORed_16_31_MB_IRQHandler
                0x00000000        0xa ./SDK/platform/drivers/src/flexcan/flexcan_irq.o
 .text.CAN2_ORed_16_31_MB_IRQHandler
                0x00000000        0xa ./SDK/platform/drivers/src/flexcan/flexcan_irq.o
 .text          0x00000000        0x0 ./SDK/platform/drivers/src/interrupt/interrupt_manager.o
 .data          0x00000000        0x0 ./SDK/platform/drivers/src/interrupt/interrupt_manager.o
 .bss           0x00000000        0x0 ./SDK/platform/drivers/src/interrupt/interrupt_manager.o
 .text.INT_SYS_InstallHandler
                0x00000000       0x40 ./SDK/platform/drivers/src/interrupt/interrupt_manager.o
 .text.INT_SYS_DisableIRQ
                0x00000000       0x1c ./SDK/platform/drivers/src/interrupt/interrupt_manager.o
 .text.INT_SYS_SetPriority
                0x00000000       0x58 ./SDK/platform/drivers/src/interrupt/interrupt_manager.o
 .text.INT_SYS_GetPriority
                0x00000000       0x44 ./SDK/platform/drivers/src/interrupt/interrupt_manager.o
 .text.INT_SYS_ClearPending
                0x00000000       0x1c ./SDK/platform/drivers/src/interrupt/interrupt_manager.o
 .text.INT_SYS_SetPending
                0x00000000       0x1c ./SDK/platform/drivers/src/interrupt/interrupt_manager.o
 .text.INT_SYS_GetPending
                0x00000000       0x1c ./SDK/platform/drivers/src/interrupt/interrupt_manager.o
 .text.INT_SYS_GetActive
                0x00000000       0x1c ./SDK/platform/drivers/src/interrupt/interrupt_manager.o
 .text          0x00000000        0x0 ./SDK/platform/drivers/src/pins/pins_driver.o
 .data          0x00000000        0x0 ./SDK/platform/drivers/src/pins/pins_driver.o
 .bss           0x00000000        0x0 ./SDK/platform/drivers/src/pins/pins_driver.o
 .text.PINS_DRV_SetPullSel
                0x00000000       0x3a ./SDK/platform/drivers/src/pins/pins_driver.o
 .text.PINS_DRV_SetMuxModeSel
                0x00000000        0x8 ./SDK/platform/drivers/src/pins/pins_driver.o
 .text.PINS_DRV_SetPinIntSel
                0x00000000       0x16 ./SDK/platform/drivers/src/pins/pins_driver.o
 .text.PINS_DRV_GetPinIntSel
                0x00000000        0xa ./SDK/platform/drivers/src/pins/pins_driver.o
 .text.PINS_DRV_ClearPinIntFlagCmd
                0x00000000        0xe ./SDK/platform/drivers/src/pins/pins_driver.o
 .text.PINS_DRV_EnableDigitalFilter
                0x00000000       0x12 ./SDK/platform/drivers/src/pins/pins_driver.o
 .text.PINS_DRV_DisableDigitalFilter
                0x00000000       0x14 ./SDK/platform/drivers/src/pins/pins_driver.o
 .text.PINS_DRV_ConfigDigitalFilter
                0x00000000       0x16 ./SDK/platform/drivers/src/pins/pins_driver.o
 .text.PINS_DRV_GetPortIntFlag
                0x00000000        0x6 ./SDK/platform/drivers/src/pins/pins_driver.o
 .text.PINS_DRV_ClearPortIntFlagCmd
                0x00000000        0xa ./SDK/platform/drivers/src/pins/pins_driver.o
 .text.PINS_DRV_GetPinsDirection
                0x00000000        0x4 ./SDK/platform/drivers/src/pins/pins_driver.o
 .text.PINS_DRV_SetPinDirection
                0x00000000       0x18 ./SDK/platform/drivers/src/pins/pins_driver.o
 .text.PINS_DRV_SetPinsDirection
                0x00000000        0x4 ./SDK/platform/drivers/src/pins/pins_driver.o
 .text.PINS_DRV_SetPortInputDisable
                0x00000000        0x4 ./SDK/platform/drivers/src/pins/pins_driver.o
 .text.PINS_DRV_GetPortInputDisable
                0x00000000        0x4 ./SDK/platform/drivers/src/pins/pins_driver.o
 .text.PINS_DRV_SetGlobalPinControl
                0x00000000        0x8 ./SDK/platform/drivers/src/pins/pins_driver.o
 .text.PINS_DRV_SetGlobalIntControl
                0x00000000        0x8 ./SDK/platform/drivers/src/pins/pins_driver.o
 .text.PINS_DRV_WritePin
                0x00000000       0x18 ./SDK/platform/drivers/src/pins/pins_driver.o
 .text.PINS_DRV_WritePins
                0x00000000        0x4 ./SDK/platform/drivers/src/pins/pins_driver.o
 .text.PINS_DRV_GetPinsOutput
                0x00000000        0x4 ./SDK/platform/drivers/src/pins/pins_driver.o
 .text.PINS_DRV_SetPins
                0x00000000        0x4 ./SDK/platform/drivers/src/pins/pins_driver.o
 .text.PINS_DRV_ClearPins
                0x00000000        0x4 ./SDK/platform/drivers/src/pins/pins_driver.o
 .text.PINS_DRV_TogglePins
                0x00000000        0x4 ./SDK/platform/drivers/src/pins/pins_driver.o
 .text.PINS_DRV_ReadPins
                0x00000000        0x4 ./SDK/platform/drivers/src/pins/pins_driver.o
 .text          0x00000000        0x0 ./SDK/platform/drivers/src/pins/pins_port_hw_access.o
 .data          0x00000000        0x0 ./SDK/platform/drivers/src/pins/pins_port_hw_access.o
 .bss           0x00000000        0x0 ./SDK/platform/drivers/src/pins/pins_port_hw_access.o
 .text.PINS_SetMuxModeSel
                0x00000000       0x50 ./SDK/platform/drivers/src/pins/pins_port_hw_access.o
 .text.PINS_SetGlobalPinControl
                0x00000000       0x2c ./SDK/platform/drivers/src/pins/pins_port_hw_access.o
 .text.PINS_SetGlobalIntControl
                0x00000000       0x24 ./SDK/platform/drivers/src/pins/pins_port_hw_access.o
 .text          0x00000000        0x0 ./SDK/rtos/osif/osif_baremetal.o
 .data          0x00000000        0x0 ./SDK/rtos/osif/osif_baremetal.o
 .bss           0x00000000        0x0 ./SDK/rtos/osif/osif_baremetal.o
 .text.OSIF_TimeDelay
                0x00000000       0x60 ./SDK/rtos/osif/osif_baremetal.o
 .text.OSIF_GetMilliseconds
                0x00000000        0xc ./SDK/rtos/osif/osif_baremetal.o
 .text.OSIF_MutexLock
                0x00000000        0x4 ./SDK/rtos/osif/osif_baremetal.o
 .text.OSIF_MutexUnlock
                0x00000000        0x4 ./SDK/rtos/osif/osif_baremetal.o
 .text.OSIF_MutexCreate
                0x00000000        0x4 ./SDK/rtos/osif/osif_baremetal.o
 .text.OSIF_MutexDestroy
                0x00000000        0x4 ./SDK/rtos/osif/osif_baremetal.o
 .text.OSIF_SemaWait
                0x00000000       0x84 ./SDK/rtos/osif/osif_baremetal.o
 .data.first_init.6874
                0x00000000        0x1 ./SDK/rtos/osif/osif_baremetal.o
 .text          0x00000000        0x0 ./board/clock_config.o
 .data          0x00000000        0x0 ./board/clock_config.o
 .bss           0x00000000        0x0 ./board/clock_config.o
 .text          0x00000000        0x0 ./board/peripherals_edma_config_1.o
 .data          0x00000000        0x0 ./board/peripherals_edma_config_1.o
 .bss           0x00000000        0x0 ./board/peripherals_edma_config_1.o
 .bss.dmaControllerChn0_State
                0x00000000       0x10 ./board/peripherals_edma_config_1.o
 .bss.dmaController_State
                0x00000000       0x40 ./board/peripherals_edma_config_1.o
 .data.dmaControllerChn0_Config
                0x00000000       0x10 ./board/peripherals_edma_config_1.o
 .rodata.dmaController_InitConfig
                0x00000000        0x2 ./board/peripherals_edma_config_1.o
 .rodata.edmaChnConfigArray
                0x00000000        0x4 ./board/peripherals_edma_config_1.o
 .rodata.edmaChnStateArray
                0x00000000        0x4 ./board/peripherals_edma_config_1.o
 .debug_info    0x00000000      0x4d6 ./board/peripherals_edma_config_1.o
 .debug_abbrev  0x00000000       0xfd ./board/peripherals_edma_config_1.o
 .debug_aranges
                0x00000000       0x18 ./board/peripherals_edma_config_1.o
 .debug_line    0x00000000      0x1c0 ./board/peripherals_edma_config_1.o
 .debug_str     0x00000000      0xa17 ./board/peripherals_edma_config_1.o
 .comment       0x00000000       0x7f ./board/peripherals_edma_config_1.o
 .ARM.attributes
                0x00000000       0x39 ./board/peripherals_edma_config_1.o
 .text          0x00000000        0x0 ./board/peripherals_flexcan_config_1.o
 .data          0x00000000        0x0 ./board/peripherals_flexcan_config_1.o
 .bss           0x00000000        0x0 ./board/peripherals_flexcan_config_1.o
 .text          0x00000000        0x0 ./board/peripherals_osif_1.o
 .data          0x00000000        0x0 ./board/peripherals_osif_1.o
 .bss           0x00000000        0x0 ./board/peripherals_osif_1.o
 .debug_info    0x00000000       0x64 ./board/peripherals_osif_1.o
 .debug_abbrev  0x00000000       0x26 ./board/peripherals_osif_1.o
 .debug_aranges
                0x00000000       0x18 ./board/peripherals_osif_1.o
 .debug_line    0x00000000       0x1d ./board/peripherals_osif_1.o
 .debug_str     0x00000000      0x20f ./board/peripherals_osif_1.o
 .comment       0x00000000       0x7f ./board/peripherals_osif_1.o
 .ARM.attributes
                0x00000000       0x39 ./board/peripherals_osif_1.o
 .text          0x00000000        0x0 ./board/pin_mux.o
 .data          0x00000000        0x0 ./board/pin_mux.o
 .bss           0x00000000        0x0 ./board/pin_mux.o
 .text          0x00000000        0x0 ./src/main.o
 .data          0x00000000        0x0 ./src/main.o
 .bss           0x00000000        0x0 ./src/main.o
 .text          0x00000000        0x0 D:/NXP/S32DS.3.5/S32DS/build_tools/gcc_b1620/gcc-6.3-arm32-eabi/arm-none-eabi/newlib/lib/thumb/v7e-m/fpv4-sp/hard\libc_nano.a(lib_a-exit.o)
 .data          0x00000000        0x0 D:/NXP/S32DS.3.5/S32DS/build_tools/gcc_b1620/gcc-6.3-arm32-eabi/arm-none-eabi/newlib/lib/thumb/v7e-m/fpv4-sp/hard\libc_nano.a(lib_a-exit.o)
 .bss           0x00000000        0x0 D:/NXP/S32DS.3.5/S32DS/build_tools/gcc_b1620/gcc-6.3-arm32-eabi/arm-none-eabi/newlib/lib/thumb/v7e-m/fpv4-sp/hard\libc_nano.a(lib_a-exit.o)
 .text.exit     0x00000000       0x28 D:/NXP/S32DS.3.5/S32DS/build_tools/gcc_b1620/gcc-6.3-arm32-eabi/arm-none-eabi/newlib/lib/thumb/v7e-m/fpv4-sp/hard\libc_nano.a(lib_a-exit.o)
 .debug_frame   0x00000000       0x28 D:/NXP/S32DS.3.5/S32DS/build_tools/gcc_b1620/gcc-6.3-arm32-eabi/arm-none-eabi/newlib/lib/thumb/v7e-m/fpv4-sp/hard\libc_nano.a(lib_a-exit.o)
 .ARM.attributes
                0x00000000       0x34 D:/NXP/S32DS.3.5/S32DS/build_tools/gcc_b1620/gcc-6.3-arm32-eabi/arm-none-eabi/newlib/lib/thumb/v7e-m/fpv4-sp/hard\libc_nano.a(lib_a-exit.o)
 .text          0x00000000        0x0 D:/NXP/S32DS.3.5/S32DS/build_tools/gcc_b1620/gcc-6.3-arm32-eabi/arm-none-eabi/newlib/lib/thumb/v7e-m/fpv4-sp/hard\libc_nano.a(lib_a-impure.o)
 .data          0x00000000        0x0 D:/NXP/S32DS.3.5/S32DS/build_tools/gcc_b1620/gcc-6.3-arm32-eabi/arm-none-eabi/newlib/lib/thumb/v7e-m/fpv4-sp/hard\libc_nano.a(lib_a-impure.o)
 .bss           0x00000000        0x0 D:/NXP/S32DS.3.5/S32DS/build_tools/gcc_b1620/gcc-6.3-arm32-eabi/arm-none-eabi/newlib/lib/thumb/v7e-m/fpv4-sp/hard\libc_nano.a(lib_a-impure.o)
 .data._impure_ptr
                0x00000000        0x4 D:/NXP/S32DS.3.5/S32DS/build_tools/gcc_b1620/gcc-6.3-arm32-eabi/arm-none-eabi/newlib/lib/thumb/v7e-m/fpv4-sp/hard\libc_nano.a(lib_a-impure.o)
 .data.impure_data
                0x00000000       0x60 D:/NXP/S32DS.3.5/S32DS/build_tools/gcc_b1620/gcc-6.3-arm32-eabi/arm-none-eabi/newlib/lib/thumb/v7e-m/fpv4-sp/hard\libc_nano.a(lib_a-impure.o)
 .rodata._global_impure_ptr
                0x00000000        0x4 D:/NXP/S32DS.3.5/S32DS/build_tools/gcc_b1620/gcc-6.3-arm32-eabi/arm-none-eabi/newlib/lib/thumb/v7e-m/fpv4-sp/hard\libc_nano.a(lib_a-impure.o)
 .ARM.attributes
                0x00000000       0x34 D:/NXP/S32DS.3.5/S32DS/build_tools/gcc_b1620/gcc-6.3-arm32-eabi/arm-none-eabi/newlib/lib/thumb/v7e-m/fpv4-sp/hard\libc_nano.a(lib_a-impure.o)
 .text          0x00000000        0x0 D:/NXP/S32DS.3.5/S32DS/build_tools/gcc_b1620/gcc-6.3-arm32-eabi/arm-none-eabi/newlib/lib/thumb/v7e-m/fpv4-sp/hard\libc_nano.a(lib_a-init.o)
 .data          0x00000000        0x0 D:/NXP/S32DS.3.5/S32DS/build_tools/gcc_b1620/gcc-6.3-arm32-eabi/arm-none-eabi/newlib/lib/thumb/v7e-m/fpv4-sp/hard\libc_nano.a(lib_a-init.o)
 .bss           0x00000000        0x0 D:/NXP/S32DS.3.5/S32DS/build_tools/gcc_b1620/gcc-6.3-arm32-eabi/arm-none-eabi/newlib/lib/thumb/v7e-m/fpv4-sp/hard\libc_nano.a(lib_a-init.o)
 .text.__libc_init_array
                0x00000000       0x48 D:/NXP/S32DS.3.5/S32DS/build_tools/gcc_b1620/gcc-6.3-arm32-eabi/arm-none-eabi/newlib/lib/thumb/v7e-m/fpv4-sp/hard\libc_nano.a(lib_a-init.o)
 .debug_frame   0x00000000       0x2c D:/NXP/S32DS.3.5/S32DS/build_tools/gcc_b1620/gcc-6.3-arm32-eabi/arm-none-eabi/newlib/lib/thumb/v7e-m/fpv4-sp/hard\libc_nano.a(lib_a-init.o)
 .ARM.attributes
                0x00000000       0x34 D:/NXP/S32DS.3.5/S32DS/build_tools/gcc_b1620/gcc-6.3-arm32-eabi/arm-none-eabi/newlib/lib/thumb/v7e-m/fpv4-sp/hard\libc_nano.a(lib_a-init.o)
 .text          0x00000000        0x0 D:/NXP/S32DS.3.5/S32DS/build_tools/gcc_b1620/gcc-6.3-arm32-eabi/arm-none-eabi/newlib/lib/thumb/v7e-m/fpv4-sp/hard\libc_nano.a(lib_a-memset.o)
 .data          0x00000000        0x0 D:/NXP/S32DS.3.5/S32DS/build_tools/gcc_b1620/gcc-6.3-arm32-eabi/arm-none-eabi/newlib/lib/thumb/v7e-m/fpv4-sp/hard\libc_nano.a(lib_a-memset.o)
 .bss           0x00000000        0x0 D:/NXP/S32DS.3.5/S32DS/build_tools/gcc_b1620/gcc-6.3-arm32-eabi/arm-none-eabi/newlib/lib/thumb/v7e-m/fpv4-sp/hard\libc_nano.a(lib_a-memset.o)
 .text.memset   0x00000000       0x10 D:/NXP/S32DS.3.5/S32DS/build_tools/gcc_b1620/gcc-6.3-arm32-eabi/arm-none-eabi/newlib/lib/thumb/v7e-m/fpv4-sp/hard\libc_nano.a(lib_a-memset.o)
 .debug_frame   0x00000000       0x20 D:/NXP/S32DS.3.5/S32DS/build_tools/gcc_b1620/gcc-6.3-arm32-eabi/arm-none-eabi/newlib/lib/thumb/v7e-m/fpv4-sp/hard\libc_nano.a(lib_a-memset.o)
 .ARM.attributes
                0x00000000       0x34 D:/NXP/S32DS.3.5/S32DS/build_tools/gcc_b1620/gcc-6.3-arm32-eabi/arm-none-eabi/newlib/lib/thumb/v7e-m/fpv4-sp/hard\libc_nano.a(lib_a-memset.o)
 .text          0x00000000        0x0 D:/NXP/S32DS.3.5/S32DS/build_tools/gcc_b1620/gcc-6.3-arm32-eabi/arm-none-eabi/newlib/lib/thumb/v7e-m/fpv4-sp/hard\libnosys.a(_exit.o)
 .data          0x00000000        0x0 D:/NXP/S32DS.3.5/S32DS/build_tools/gcc_b1620/gcc-6.3-arm32-eabi/arm-none-eabi/newlib/lib/thumb/v7e-m/fpv4-sp/hard\libnosys.a(_exit.o)
 .bss           0x00000000        0x0 D:/NXP/S32DS.3.5/S32DS/build_tools/gcc_b1620/gcc-6.3-arm32-eabi/arm-none-eabi/newlib/lib/thumb/v7e-m/fpv4-sp/hard\libnosys.a(_exit.o)
 .text._exit    0x00000000        0x2 D:/NXP/S32DS.3.5/S32DS/build_tools/gcc_b1620/gcc-6.3-arm32-eabi/arm-none-eabi/newlib/lib/thumb/v7e-m/fpv4-sp/hard\libnosys.a(_exit.o)
 .debug_frame   0x00000000       0x20 D:/NXP/S32DS.3.5/S32DS/build_tools/gcc_b1620/gcc-6.3-arm32-eabi/arm-none-eabi/newlib/lib/thumb/v7e-m/fpv4-sp/hard\libnosys.a(_exit.o)
 .ARM.attributes
                0x00000000       0x34 D:/NXP/S32DS.3.5/S32DS/build_tools/gcc_b1620/gcc-6.3-arm32-eabi/arm-none-eabi/newlib/lib/thumb/v7e-m/fpv4-sp/hard\libnosys.a(_exit.o)
 .text          0x00000000        0x0 d:/nxp/s32ds.3.5/s32ds/build_tools/gcc_b1620/gcc-6.3-arm32-eabi/bin/../lib/gcc/arm-none-eabi/6.3.1/thumb/v7e-m/fpv4-sp/hard/crtend.o
 .data          0x00000000        0x0 d:/nxp/s32ds.3.5/s32ds/build_tools/gcc_b1620/gcc-6.3-arm32-eabi/bin/../lib/gcc/arm-none-eabi/6.3.1/thumb/v7e-m/fpv4-sp/hard/crtend.o
 .bss           0x00000000        0x0 d:/nxp/s32ds.3.5/s32ds/build_tools/gcc_b1620/gcc-6.3-arm32-eabi/bin/../lib/gcc/arm-none-eabi/6.3.1/thumb/v7e-m/fpv4-sp/hard/crtend.o
 .eh_frame      0x00000000        0x4 d:/nxp/s32ds.3.5/s32ds/build_tools/gcc_b1620/gcc-6.3-arm32-eabi/bin/../lib/gcc/arm-none-eabi/6.3.1/thumb/v7e-m/fpv4-sp/hard/crtend.o
 .jcr           0x00000000        0x4 d:/nxp/s32ds.3.5/s32ds/build_tools/gcc_b1620/gcc-6.3-arm32-eabi/bin/../lib/gcc/arm-none-eabi/6.3.1/thumb/v7e-m/fpv4-sp/hard/crtend.o
 .tm_clone_table
                0x00000000        0x0 d:/nxp/s32ds.3.5/s32ds/build_tools/gcc_b1620/gcc-6.3-arm32-eabi/bin/../lib/gcc/arm-none-eabi/6.3.1/thumb/v7e-m/fpv4-sp/hard/crtend.o
 .comment       0x00000000       0x7f d:/nxp/s32ds.3.5/s32ds/build_tools/gcc_b1620/gcc-6.3-arm32-eabi/bin/../lib/gcc/arm-none-eabi/6.3.1/thumb/v7e-m/fpv4-sp/hard/crtend.o
 .ARM.attributes
                0x00000000       0x34 d:/nxp/s32ds.3.5/s32ds/build_tools/gcc_b1620/gcc-6.3-arm32-eabi/bin/../lib/gcc/arm-none-eabi/6.3.1/thumb/v7e-m/fpv4-sp/hard/crtend.o
 .text          0x00000000        0x0 d:/nxp/s32ds.3.5/s32ds/build_tools/gcc_b1620/gcc-6.3-arm32-eabi/bin/../lib/gcc/arm-none-eabi/6.3.1/thumb/v7e-m/fpv4-sp/hard/crtn.o
 .data          0x00000000        0x0 d:/nxp/s32ds.3.5/s32ds/build_tools/gcc_b1620/gcc-6.3-arm32-eabi/bin/../lib/gcc/arm-none-eabi/6.3.1/thumb/v7e-m/fpv4-sp/hard/crtn.o
 .bss           0x00000000        0x0 d:/nxp/s32ds.3.5/s32ds/build_tools/gcc_b1620/gcc-6.3-arm32-eabi/bin/../lib/gcc/arm-none-eabi/6.3.1/thumb/v7e-m/fpv4-sp/hard/crtn.o
 .init          0x00000000        0x8 d:/nxp/s32ds.3.5/s32ds/build_tools/gcc_b1620/gcc-6.3-arm32-eabi/bin/../lib/gcc/arm-none-eabi/6.3.1/thumb/v7e-m/fpv4-sp/hard/crtn.o
 .fini          0x00000000        0x8 d:/nxp/s32ds.3.5/s32ds/build_tools/gcc_b1620/gcc-6.3-arm32-eabi/bin/../lib/gcc/arm-none-eabi/6.3.1/thumb/v7e-m/fpv4-sp/hard/crtn.o
 .ARM.attributes
                0x00000000       0x22 d:/nxp/s32ds.3.5/s32ds/build_tools/gcc_b1620/gcc-6.3-arm32-eabi/bin/../lib/gcc/arm-none-eabi/6.3.1/thumb/v7e-m/fpv4-sp/hard/crtn.o

Memory Configuration

Name             Origin             Length             Attributes
m_interrupts     0x00000000         0x00000400         xr
m_flash_config   0x00000400         0x00000010         xr
m_text           0x00000410         0x0007fbf0         xr
m_data           0x1fff8000         0x00008000         rw
m_data_2         0x20000000         0x00007000         rw
*default*        0x00000000         0xffffffff

Linker script and memory map

LOAD d:/nxp/s32ds.3.5/s32ds/build_tools/gcc_b1620/gcc-6.3-arm32-eabi/bin/../lib/gcc/arm-none-eabi/6.3.1/thumb/v7e-m/fpv4-sp/hard/crti.o
LOAD d:/nxp/s32ds.3.5/s32ds/build_tools/gcc_b1620/gcc-6.3-arm32-eabi/bin/../lib/gcc/arm-none-eabi/6.3.1/thumb/v7e-m/fpv4-sp/hard/crtbegin.o
LOAD D:/NXP/S32DS.3.5/S32DS/build_tools/gcc_b1620/gcc-6.3-arm32-eabi/arm-none-eabi/newlib/lib/thumb/v7e-m/fpv4-sp/hard/crt0.o
LOAD ./Project_Settings/Startup_Code/startup_S32K144.o
LOAD ./SDK/platform/devices/S32K144/startup/system_S32K144.o
LOAD ./SDK/platform/devices/startup.o
LOAD ./SDK/platform/drivers/src/clock/S32K1xx/clock_S32K1xx.o
LOAD ./SDK/platform/drivers/src/edma/edma_driver.o
LOAD ./SDK/platform/drivers/src/edma/edma_hw_access.o
LOAD ./SDK/platform/drivers/src/edma/edma_irq.o
LOAD ./SDK/platform/drivers/src/flexcan/flexcan_driver.o
LOAD ./SDK/platform/drivers/src/flexcan/flexcan_hw_access.o
LOAD ./SDK/platform/drivers/src/flexcan/flexcan_irq.o
LOAD ./SDK/platform/drivers/src/interrupt/interrupt_manager.o
LOAD ./SDK/platform/drivers/src/pins/pins_driver.o
LOAD ./SDK/platform/drivers/src/pins/pins_port_hw_access.o
LOAD ./SDK/rtos/osif/osif_baremetal.o
LOAD ./board/clock_config.o
LOAD ./board/peripherals_edma_config_1.o
LOAD ./board/peripherals_flexcan_config_1.o
LOAD ./board/peripherals_osif_1.o
LOAD ./board/pin_mux.o
LOAD ./src/main.o
START GROUP
LOAD d:/nxp/s32ds.3.5/s32ds/build_tools/gcc_b1620/gcc-6.3-arm32-eabi/bin/../lib/gcc/arm-none-eabi/6.3.1/thumb/v7e-m/fpv4-sp/hard\libgcc.a
LOAD D:/NXP/S32DS.3.5/S32DS/build_tools/gcc_b1620/gcc-6.3-arm32-eabi/arm-none-eabi/newlib/lib/thumb/v7e-m/fpv4-sp/hard\libc_nano.a
END GROUP
START GROUP
LOAD d:/nxp/s32ds.3.5/s32ds/build_tools/gcc_b1620/gcc-6.3-arm32-eabi/bin/../lib/gcc/arm-none-eabi/6.3.1/thumb/v7e-m/fpv4-sp/hard\libgcc.a
LOAD D:/NXP/S32DS.3.5/S32DS/build_tools/gcc_b1620/gcc-6.3-arm32-eabi/arm-none-eabi/newlib/lib/thumb/v7e-m/fpv4-sp/hard\libc_nano.a
LOAD D:/NXP/S32DS.3.5/S32DS/build_tools/gcc_b1620/gcc-6.3-arm32-eabi/arm-none-eabi/newlib/lib/thumb/v7e-m/fpv4-sp/hard\libnosys.a
END GROUP
START GROUP
LOAD d:/nxp/s32ds.3.5/s32ds/build_tools/gcc_b1620/gcc-6.3-arm32-eabi/bin/../lib/gcc/arm-none-eabi/6.3.1/thumb/v7e-m/fpv4-sp/hard\libgcc.a
LOAD D:/NXP/S32DS.3.5/S32DS/build_tools/gcc_b1620/gcc-6.3-arm32-eabi/arm-none-eabi/newlib/lib/thumb/v7e-m/fpv4-sp/hard\libc_nano.a
LOAD D:/NXP/S32DS.3.5/S32DS/build_tools/gcc_b1620/gcc-6.3-arm32-eabi/arm-none-eabi/newlib/lib/thumb/v7e-m/fpv4-sp/hard\libnosys.a
END GROUP
LOAD d:/nxp/s32ds.3.5/s32ds/build_tools/gcc_b1620/gcc-6.3-arm32-eabi/bin/../lib/gcc/arm-none-eabi/6.3.1/thumb/v7e-m/fpv4-sp/hard/crtend.o
LOAD d:/nxp/s32ds.3.5/s32ds/build_tools/gcc_b1620/gcc-6.3-arm32-eabi/bin/../lib/gcc/arm-none-eabi/6.3.1/thumb/v7e-m/fpv4-sp/hard/crtn.o
                0x00000400                HEAP_SIZE = DEFINED (__heap_size__)?__heap_size__:0x400
                0x00000400                STACK_SIZE = DEFINED (__stack_size__)?__stack_size__:0x400
                0x00000400                M_VECTOR_RAM_SIZE = DEFINED (__flash_vector_table__)?0x0:0x400

.interrupts     0x00000000      0x400
                0x00000000                __VECTOR_TABLE = .
                0x00000000                __interrupts_start__ = .
                0x00000000                . = ALIGN (0x4)
 *(.isr_vector)
 .isr_vector    0x00000000      0x400 ./Project_Settings/Startup_Code/startup_S32K144.o
                0x00000000                __isr_vector
                0x00000400                __interrupts_end__ = .
                0x00000400                . = ALIGN (0x4)

.flash_config   0x00000400       0x10
                0x00000400                . = ALIGN (0x4)
 *(.FlashConfig)
 .FlashConfig   0x00000400       0x10 ./Project_Settings/Startup_Code/startup_S32K144.o
                0x00000410                . = ALIGN (0x4)

.text           0x00000410     0x24ac
                0x00000410                . = ALIGN (0x4)
 *(.text)
 .text          0x00000410       0x4c ./Project_Settings/Startup_Code/startup_S32K144.o
                0x00000410                Reset_Handler
                0x00000458                DebugMon_Handler
                0x00000458                Reserved88_IRQHandler
                0x00000458                HardFault_Handler
                0x00000458                Reserved86_IRQHandler
                0x00000458                Reserved103_IRQHandler
                0x00000458                FTM2_Ovf_Reload_IRQHandler
                0x00000458                Reserved50_IRQHandler
                0x00000458                FTFC_Fault_IRQHandler
                0x00000458                FTM0_Ch6_Ch7_IRQHandler
                0x00000458                Reserved114_IRQHandler
                0x00000458                PendSV_Handler
                0x00000458                NMI_Handler
                0x00000458                Reserved89_IRQHandler
                0x00000458                ERM_double_fault_IRQHandler
                0x00000458                Reserved59_IRQHandler
                0x00000458                LPIT0_Ch0_IRQHandler
                0x00000458                Reserved99_IRQHandler
                0x00000458                FTM3_Ch6_Ch7_IRQHandler
                0x00000458                LPIT0_Ch3_IRQHandler
                0x00000458                Reserved92_IRQHandler
                0x00000458                FTM0_Ch4_Ch5_IRQHandler
                0x00000458                FTM3_Ch0_Ch1_IRQHandler
                0x00000458                SWI_IRQHandler
                0x00000458                ADC0_IRQHandler
                0x00000458                FTM2_Ch4_Ch5_IRQHandler
                0x00000458                UsageFault_Handler
                0x00000458                FTM0_Ovf_Reload_IRQHandler
                0x00000458                DefaultISR
                0x00000458                Reserved58_IRQHandler
                0x00000458                FTM1_Ch2_Ch3_IRQHandler
                0x00000458                Reserved82_IRQHandler
                0x00000458                LPI2C0_Slave_IRQHandler
                0x00000458                Reserved71_IRQHandler
                0x00000458                PORTD_IRQHandler
                0x00000458                Reserved69_IRQHandler
                0x00000458                PORTB_IRQHandler
                0x00000458                Reserved70_IRQHandler
                0x00000458                ADC1_IRQHandler
                0x00000458                FTM2_Ch2_Ch3_IRQHandler
                0x00000458                Reserved53_IRQHandler
                0x00000458                RTC_IRQHandler
                0x00000458                PDB0_IRQHandler
                0x00000458                Reserved54_IRQHandler
                0x00000458                FTM2_Ch6_Ch7_IRQHandler
                0x00000458                FTM3_Ch2_Ch3_IRQHandler
                0x00000458                FTM2_Ch0_Ch1_IRQHandler
                0x00000458                LPSPI1_IRQHandler
                0x00000458                LPUART1_RxTx_IRQHandler
                0x00000458                RTC_Seconds_IRQHandler
                0x00000458                Reserved72_IRQHandler
                0x00000458                Reserved110_IRQHandler
                0x00000458                Reserved107_IRQHandler
                0x00000458                Read_Collision_IRQHandler
                0x00000458                FTFC_IRQHandler
                0x00000458                FTM1_Ch6_Ch7_IRQHandler
                0x00000458                Reserved105_IRQHandler
                0x00000458                LPIT0_Ch1_IRQHandler
                0x00000458                FTM1_Ch4_Ch5_IRQHandler
                0x00000458                FTM3_Ovf_Reload_IRQHandler
                0x00000458                LPUART2_RxTx_IRQHandler
                0x00000458                LPSPI0_IRQHandler
                0x00000458                WDOG_EWM_IRQHandler
                0x00000458                MemManage_Handler
                0x00000458                Reserved90_IRQHandler
                0x00000458                Reserved83_IRQHandler
                0x00000458                FTM0_Fault_IRQHandler
                0x00000458                Reserved48_IRQHandler
                0x00000458                SVC_Handler
                0x00000458                ERM_single_fault_IRQHandler
                0x00000458                FTM2_Fault_IRQHandler
                0x00000458                FTM0_Ch2_Ch3_IRQHandler
                0x00000458                FTM0_Ch0_Ch1_IRQHandler
                0x00000458                FTM3_Fault_IRQHandler
                0x00000458                RCM_IRQHandler
                0x00000458                Reserved100_IRQHandler
                0x00000458                Reserved91_IRQHandler
                0x00000458                SCG_IRQHandler
                0x00000458                PDB1_IRQHandler
                0x00000458                Reserved81_IRQHandler
                0x00000458                Reserved46_IRQHandler
                0x00000458                Reserved45_IRQHandler
                0x00000458                Reserved112_IRQHandler
                0x00000458                LPI2C0_Master_IRQHandler
                0x00000458                FTM1_Fault_IRQHandler
                0x00000458                Reserved106_IRQHandler
                0x00000458                LVD_LVW_IRQHandler
                0x00000458                LPIT0_Ch2_IRQHandler
                0x00000458                PORTA_IRQHandler
                0x00000458                MCM_IRQHandler
                0x00000458                LPSPI2_IRQHandler
                0x00000458                FTM3_Ch4_Ch5_IRQHandler
                0x00000458                PORTE_IRQHandler
                0x00000458                LPUART0_RxTx_IRQHandler
                0x00000458                LPTMR0_IRQHandler
                0x00000458                BusFault_Handler
                0x00000458                Reserved87_IRQHandler
                0x00000458                FTM1_Ovf_Reload_IRQHandler
                0x00000458                Reserved93_IRQHandler
                0x00000458                CMP0_IRQHandler
                0x00000458                Reserved52_IRQHandler
                0x00000458                PORTC_IRQHandler
                0x00000458                FTM1_Ch0_Ch1_IRQHandler
                0x00000458                FLEXIO_IRQHandler
                0x00000458                Reserved113_IRQHandler
 *(.text*)
 .text.SystemInit
                0x0000045c       0x3c ./SDK/platform/devices/S32K144/startup/system_S32K144.o
                0x0000045c                SystemInit
 .text.init_data_bss
                0x00000498       0xd8 ./SDK/platform/devices/startup.o
                0x00000498                init_data_bss
 .text.CLOCK_SYS_GetCurrentRunMode
                0x00000570       0x24 ./SDK/platform/drivers/src/clock/S32K1xx/clock_S32K1xx.o
 .text.CLOCK_SYS_GetSysOscFreq
                0x00000594       0x1c ./SDK/platform/drivers/src/clock/S32K1xx/clock_S32K1xx.o
 .text.CLOCK_SYS_ConfigureSOSC
                0x000005b0      0x12c ./SDK/platform/drivers/src/clock/S32K1xx/clock_S32K1xx.o
 .text.CLOCK_SYS_GetSircFreq
                0x000006dc       0x2c ./SDK/platform/drivers/src/clock/S32K1xx/clock_S32K1xx.o
 .text.CLOCK_SYS_ConfigureSIRC
                0x00000708       0xc4 ./SDK/platform/drivers/src/clock/S32K1xx/clock_S32K1xx.o
 .text.CLOCK_SYS_GetFircFreq
                0x000007cc       0x20 ./SDK/platform/drivers/src/clock/S32K1xx/clock_S32K1xx.o
 .text.CLOCK_SYS_ConfigureFIRC
                0x000007ec       0xb4 ./SDK/platform/drivers/src/clock/S32K1xx/clock_S32K1xx.o
 .text.CLOCK_SYS_GetSysPllFreq
                0x000008a0       0x44 ./SDK/platform/drivers/src/clock/S32K1xx/clock_S32K1xx.o
 .text.CLOCK_SYS_ConfigureSPLL
                0x000008e4      0x104 ./SDK/platform/drivers/src/clock/S32K1xx/clock_S32K1xx.o
 .text.CLOCK_SYS_SetSystemClockConfig
                0x000009e8      0x1e4 ./SDK/platform/drivers/src/clock/S32K1xx/clock_S32K1xx.o
 .text.CLOCK_SYS_TransitionSystemClock
                0x00000bcc       0x3c ./SDK/platform/drivers/src/clock/S32K1xx/clock_S32K1xx.o
 .text.CLOCK_DRV_Init
                0x00000c08      0x618 ./SDK/platform/drivers/src/clock/S32K1xx/clock_S32K1xx.o
                0x00000c08                CLOCK_DRV_Init
 .text.CLOCK_SYS_Init
                0x00001220       0x1c ./SDK/platform/drivers/src/clock/S32K1xx/clock_S32K1xx.o
                0x00001220                CLOCK_SYS_Init
 .text.CLOCK_SYS_UpdateConfiguration
                0x0000123c       0xe8 ./SDK/platform/drivers/src/clock/S32K1xx/clock_S32K1xx.o
                0x0000123c                CLOCK_SYS_UpdateConfiguration
 .text.EDMA_DRV_IRQHandler
                0x00001324       0x2c ./SDK/platform/drivers/src/edma/edma_driver.o
                0x00001324                EDMA_DRV_IRQHandler
 .text.EDMA_DRV_ErrorIRQHandler
                0x00001350       0x3c ./SDK/platform/drivers/src/edma/edma_driver.o
                0x00001350                EDMA_DRV_ErrorIRQHandler
 .text.EDMA_DRV_StopChannel
                0x0000138c       0x18 ./SDK/platform/drivers/src/edma/edma_driver.o
                0x0000138c                EDMA_DRV_StopChannel
 .text.EDMA_DRV_GetDmaRegBaseAddr
                0x000013a4        0x8 ./SDK/platform/drivers/src/edma/edma_driver.o
                0x000013a4                EDMA_DRV_GetDmaRegBaseAddr
 .text.EDMA_SetDmaRequestCmd
                0x000013ac        0xa ./SDK/platform/drivers/src/edma/edma_hw_access.o
                0x000013ac                EDMA_SetDmaRequestCmd
 .text.DMA0_IRQHandler
                0x000013b6        0xa ./SDK/platform/drivers/src/edma/edma_irq.o
                0x000013b6                DMA0_IRQHandler
 .text.DMA1_IRQHandler
                0x000013c0        0xa ./SDK/platform/drivers/src/edma/edma_irq.o
                0x000013c0                DMA1_IRQHandler
 .text.DMA2_IRQHandler
                0x000013ca        0xa ./SDK/platform/drivers/src/edma/edma_irq.o
                0x000013ca                DMA2_IRQHandler
 .text.DMA3_IRQHandler
                0x000013d4        0xa ./SDK/platform/drivers/src/edma/edma_irq.o
                0x000013d4                DMA3_IRQHandler
 .text.DMA4_IRQHandler
                0x000013de        0xa ./SDK/platform/drivers/src/edma/edma_irq.o
                0x000013de                DMA4_IRQHandler
 .text.DMA5_IRQHandler
                0x000013e8        0xa ./SDK/platform/drivers/src/edma/edma_irq.o
                0x000013e8                DMA5_IRQHandler
 .text.DMA6_IRQHandler
                0x000013f2        0xa ./SDK/platform/drivers/src/edma/edma_irq.o
                0x000013f2                DMA6_IRQHandler
 .text.DMA7_IRQHandler
                0x000013fc        0xa ./SDK/platform/drivers/src/edma/edma_irq.o
                0x000013fc                DMA7_IRQHandler
 .text.DMA8_IRQHandler
                0x00001406        0xa ./SDK/platform/drivers/src/edma/edma_irq.o
                0x00001406                DMA8_IRQHandler
 .text.DMA9_IRQHandler
                0x00001410        0xa ./SDK/platform/drivers/src/edma/edma_irq.o
                0x00001410                DMA9_IRQHandler
 .text.DMA10_IRQHandler
                0x0000141a        0xa ./SDK/platform/drivers/src/edma/edma_irq.o
                0x0000141a                DMA10_IRQHandler
 .text.DMA11_IRQHandler
                0x00001424        0xa ./SDK/platform/drivers/src/edma/edma_irq.o
                0x00001424                DMA11_IRQHandler
 .text.DMA12_IRQHandler
                0x0000142e        0xa ./SDK/platform/drivers/src/edma/edma_irq.o
                0x0000142e                DMA12_IRQHandler
 .text.DMA13_IRQHandler
                0x00001438        0xa ./SDK/platform/drivers/src/edma/edma_irq.o
                0x00001438                DMA13_IRQHandler
 .text.DMA14_IRQHandler
                0x00001442        0xa ./SDK/platform/drivers/src/edma/edma_irq.o
                0x00001442                DMA14_IRQHandler
 .text.DMA15_IRQHandler
                0x0000144c        0xa ./SDK/platform/drivers/src/edma/edma_irq.o
                0x0000144c                DMA15_IRQHandler
 .text.DMA_Error_IRQHandler
                0x00001456       0x28 ./SDK/platform/drivers/src/edma/edma_irq.o
                0x00001456                DMA_Error_IRQHandler
 *fill*         0x0000147e        0x2 
 .text.FLEXCAN_StartSendData
                0x00001480       0xa8 ./SDK/platform/drivers/src/flexcan/flexcan_driver.o
 .text.FLEXCAN_CompleteRxMessageFifoData
                0x00001528       0xb0 ./SDK/platform/drivers/src/flexcan/flexcan_driver.o
 .text.FLEXCAN_CompleteTransfer
                0x000015d8       0x38 ./SDK/platform/drivers/src/flexcan/flexcan_driver.o
 .text.FLEXCAN_DRV_Init
                0x00001610      0x2e4 ./SDK/platform/drivers/src/flexcan/flexcan_driver.o
                0x00001610                FLEXCAN_DRV_Init
 .text.FLEXCAN_DRV_ConfigTxMb
                0x000018f4       0x5c ./SDK/platform/drivers/src/flexcan/flexcan_driver.o
                0x000018f4                FLEXCAN_DRV_ConfigTxMb
 .text.FLEXCAN_DRV_Send
                0x00001950       0x54 ./SDK/platform/drivers/src/flexcan/flexcan_driver.o
                0x00001950                FLEXCAN_DRV_Send
 .text.FLEXCAN_BusOff_IRQHandler
                0x000019a4       0x28 ./SDK/platform/drivers/src/flexcan/flexcan_driver.o
                0x000019a4                FLEXCAN_BusOff_IRQHandler
 .text.FLEXCAN_IRQHandler
                0x000019cc      0x250 ./SDK/platform/drivers/src/flexcan/flexcan_driver.o
                0x000019cc                FLEXCAN_IRQHandler
 .text.FLEXCAN_Error_IRQHandler
                0x00001c1c       0x28 ./SDK/platform/drivers/src/flexcan/flexcan_driver.o
                0x00001c1c                FLEXCAN_Error_IRQHandler
 .text.FLEXCAN_WakeUpHandler
                0x00001c44       0x6c ./SDK/platform/drivers/src/flexcan/flexcan_driver.o
                0x00001c44                FLEXCAN_WakeUpHandler
 .text.FLEXCAN_DRV_GetTransferStatus
                0x00001cb0       0x24 ./SDK/platform/drivers/src/flexcan/flexcan_driver.o
                0x00001cb0                FLEXCAN_DRV_GetTransferStatus
 .text.FLEXCAN_ComputePayloadSize
                0x00001cd4       0x3e ./SDK/platform/drivers/src/flexcan/flexcan_hw_access.o
 *fill*         0x00001d12        0x2 
 .text.FLEXCAN_GetMaxMbNum
                0x00001d14       0x2c ./SDK/platform/drivers/src/flexcan/flexcan_hw_access.o
                0x00001d14                FLEXCAN_GetMaxMbNum
 .text.FLEXCAN_Enable
                0x00001d40       0x2a ./SDK/platform/drivers/src/flexcan/flexcan_hw_access.o
                0x00001d40                FLEXCAN_Enable
 .text.FLEXCAN_Disable
                0x00001d6a       0x18 ./SDK/platform/drivers/src/flexcan/flexcan_hw_access.o
                0x00001d6a                FLEXCAN_Disable
 *fill*         0x00001d82        0x2 
 .text.FLEXCAN_Init
                0x00001d84       0x68 ./SDK/platform/drivers/src/flexcan/flexcan_hw_access.o
                0x00001d84                FLEXCAN_Init
 .text.FLEXCAN_EnableRxFifo
                0x00001dec       0x54 ./SDK/platform/drivers/src/flexcan/flexcan_hw_access.o
                0x00001dec                FLEXCAN_EnableRxFifo
 .text.FLEXCAN_SetMsgBuffIntCmd
                0x00001e40       0x24 ./SDK/platform/drivers/src/flexcan/flexcan_hw_access.o
                0x00001e40                FLEXCAN_SetMsgBuffIntCmd
 .text.FLEXCAN_ExitFreezeMode
                0x00001e64       0x1a ./SDK/platform/drivers/src/flexcan/flexcan_hw_access.o
                0x00001e64                FLEXCAN_ExitFreezeMode
 .text.FLEXCAN_EnterFreezeMode
                0x00001e7e       0x9e ./SDK/platform/drivers/src/flexcan/flexcan_hw_access.o
                0x00001e7e                FLEXCAN_EnterFreezeMode
 .text.FLEXCAN_ClearErrIntStatusFlag
                0x00001f1c       0x18 ./SDK/platform/drivers/src/flexcan/flexcan_hw_access.o
                0x00001f1c                FLEXCAN_ClearErrIntStatusFlag
 .text.FLEXCAN_ClearBusOffIntStatusFlag
                0x00001f34       0x14 ./SDK/platform/drivers/src/flexcan/flexcan_hw_access.o
                0x00001f34                FLEXCAN_ClearBusOffIntStatusFlag
 .text.FLEXCAN_ReadRxFifo
                0x00001f48       0x56 ./SDK/platform/drivers/src/flexcan/flexcan_hw_access.o
                0x00001f48                FLEXCAN_ReadRxFifo
 .text.FLEXCAN_SetOperationMode
                0x00001f9e       0x68 ./SDK/platform/drivers/src/flexcan/flexcan_hw_access.o
                0x00001f9e                FLEXCAN_SetOperationMode
 .text.FLEXCAN_IsOutOfRangeMbIdx
                0x00002006       0x2e ./SDK/platform/drivers/src/flexcan/flexcan_hw_access.o
                0x00002006                FLEXCAN_IsOutOfRangeMbIdx
 .text.FLEXCAN_SetPayloadSize
                0x00002034       0x1a ./SDK/platform/drivers/src/flexcan/flexcan_hw_access.o
                0x00002034                FLEXCAN_SetPayloadSize
 .text.FLEXCAN_GetPayloadSize
                0x0000204e       0x20 ./SDK/platform/drivers/src/flexcan/flexcan_hw_access.o
                0x0000204e                FLEXCAN_GetPayloadSize
 .text.FLEXCAN_GetMsgBuffRegion
                0x0000206e       0x30 ./SDK/platform/drivers/src/flexcan/flexcan_hw_access.o
                0x0000206e                FLEXCAN_GetMsgBuffRegion
 *fill*         0x0000209e        0x2 
 .text.FLEXCAN_SetTxMsgBuff
                0x000020a0      0x190 ./SDK/platform/drivers/src/flexcan/flexcan_hw_access.o
                0x000020a0                FLEXCAN_SetTxMsgBuff
 .text.FLEXCAN_LockRxMsgBuff
                0x00002230        0xa ./SDK/platform/drivers/src/flexcan/flexcan_hw_access.o
                0x00002230                FLEXCAN_LockRxMsgBuff
 .text.FLEXCAN_GetMsgBuff
                0x0000223a       0x8e ./SDK/platform/drivers/src/flexcan/flexcan_hw_access.o
                0x0000223a                FLEXCAN_GetMsgBuff
 .text.FLEXCAN_SetMaxMsgBuffNum
                0x000022c8       0x9c ./SDK/platform/drivers/src/flexcan/flexcan_hw_access.o
                0x000022c8                FLEXCAN_SetMaxMsgBuffNum
 .text.CAN0_ORed_IRQHandler
                0x00002364        0xa ./SDK/platform/drivers/src/flexcan/flexcan_irq.o
                0x00002364                CAN0_ORed_IRQHandler
 .text.CAN0_Error_IRQHandler
                0x0000236e        0xa ./SDK/platform/drivers/src/flexcan/flexcan_irq.o
                0x0000236e                CAN0_Error_IRQHandler
 .text.CAN0_Wake_Up_IRQHandler
                0x00002378        0xa ./SDK/platform/drivers/src/flexcan/flexcan_irq.o
                0x00002378                CAN0_Wake_Up_IRQHandler
 .text.CAN0_ORed_0_15_MB_IRQHandler
                0x00002382        0xa ./SDK/platform/drivers/src/flexcan/flexcan_irq.o
                0x00002382                CAN0_ORed_0_15_MB_IRQHandler
 .text.CAN0_ORed_16_31_MB_IRQHandler
                0x0000238c        0xa ./SDK/platform/drivers/src/flexcan/flexcan_irq.o
                0x0000238c                CAN0_ORed_16_31_MB_IRQHandler
 .text.CAN1_ORed_IRQHandler
                0x00002396        0xa ./SDK/platform/drivers/src/flexcan/flexcan_irq.o
                0x00002396                CAN1_ORed_IRQHandler
 .text.CAN1_Error_IRQHandler
                0x000023a0        0xa ./SDK/platform/drivers/src/flexcan/flexcan_irq.o
                0x000023a0                CAN1_Error_IRQHandler
 .text.CAN1_ORed_0_15_MB_IRQHandler
                0x000023aa        0xa ./SDK/platform/drivers/src/flexcan/flexcan_irq.o
                0x000023aa                CAN1_ORed_0_15_MB_IRQHandler
 .text.CAN2_ORed_IRQHandler
                0x000023b4        0xa ./SDK/platform/drivers/src/flexcan/flexcan_irq.o
                0x000023b4                CAN2_ORed_IRQHandler
 .text.CAN2_Error_IRQHandler
                0x000023be        0xa ./SDK/platform/drivers/src/flexcan/flexcan_irq.o
                0x000023be                CAN2_Error_IRQHandler
 .text.CAN2_ORed_0_15_MB_IRQHandler
                0x000023c8        0xa ./SDK/platform/drivers/src/flexcan/flexcan_irq.o
                0x000023c8                CAN2_ORed_0_15_MB_IRQHandler
 *fill*         0x000023d2        0x2 
 .text.INT_SYS_EnableIRQ
                0x000023d4       0x18 ./SDK/platform/drivers/src/interrupt/interrupt_manager.o
                0x000023d4                INT_SYS_EnableIRQ
 .text.INT_SYS_EnableIRQGlobal
                0x000023ec       0x1c ./SDK/platform/drivers/src/interrupt/interrupt_manager.o
                0x000023ec                INT_SYS_EnableIRQGlobal
 .text.INT_SYS_DisableIRQGlobal
                0x00002408       0x10 ./SDK/platform/drivers/src/interrupt/interrupt_manager.o
                0x00002408                INT_SYS_DisableIRQGlobal
 .text.PINS_DRV_Init
                0x00002418       0x20 ./SDK/platform/drivers/src/pins/pins_driver.o
                0x00002418                PINS_DRV_Init
 .text.PINS_GetAdcInterleaveVal
                0x00002438       0x6c ./SDK/platform/drivers/src/pins/pins_port_hw_access.o
 .text.PINS_Init
                0x000024a4      0x114 ./SDK/platform/drivers/src/pins/pins_port_hw_access.o
                0x000024a4                PINS_Init
 .text.SysTick_Handler
                0x000025b8       0x10 ./SDK/rtos/osif/osif_baremetal.o
                0x000025b8                SysTick_Handler
 .text.OSIF_SemaPost
                0x000025c8       0x26 ./SDK/rtos/osif/osif_baremetal.o
                0x000025c8                OSIF_SemaPost
 .text.OSIF_SemaCreate
                0x000025ee       0x14 ./SDK/rtos/osif/osif_baremetal.o
                0x000025ee                OSIF_SemaCreate
 .text.OSIF_SemaDestroy
                0x00002602        0x4 ./SDK/rtos/osif/osif_baremetal.o
                0x00002602                OSIF_SemaDestroy
 .text.delay    0x00002606       0x1c ./src/main.o
                0x00002606                delay
 *fill*         0x00002622        0x2 
 .text.main     0x00002624       0x8c ./src/main.o
                0x00002624                main
 *(.rodata)
 *(.rodata*)
 .rodata.clockNameMappings
                0x000026b0       0x9e ./SDK/platform/drivers/src/clock/S32K1xx/clock_S32K1xx.o
                0x000026b0                clockNameMappings
 *fill*         0x0000274e        0x2 
 .rodata.maxSysClksInHSRUN.7627
                0x00002750       0x54 ./SDK/platform/drivers/src/clock/S32K1xx/clock_S32K1xx.o
 .rodata.maxSysClksInRUN.7626
                0x000027a4       0x54 ./SDK/platform/drivers/src/clock/S32K1xx/clock_S32K1xx.o
 .rodata.maxSysClksInVLPR.7625
                0x000027f8       0x54 ./SDK/platform/drivers/src/clock/S32K1xx/clock_S32K1xx.o
 .rodata.fdInstances.7256
                0x0000284c        0x3 ./SDK/platform/drivers/src/flexcan/flexcan_driver.o
 *fill*         0x0000284f        0x1 
 .rodata.g_flexcanBase
                0x00002850        0xc ./SDK/platform/drivers/src/flexcan/flexcan_driver.o
 .rodata.g_flexcanBusOffIrqId
                0x0000285c        0x3 ./SDK/platform/drivers/src/flexcan/flexcan_driver.o
 *fill*         0x0000285f        0x1 
 .rodata.g_flexcanErrorIrqId
                0x00002860        0x3 ./SDK/platform/drivers/src/flexcan/flexcan_driver.o
 *fill*         0x00002863        0x1 
 .rodata.g_flexcanOredMessageBufferIrqId
                0x00002864        0x6 ./SDK/platform/drivers/src/flexcan/flexcan_driver.o
 *fill*         0x0000286a        0x2 
 .rodata.g_flexcanWakeUpIrqId
                0x0000286c        0x3 ./SDK/platform/drivers/src/flexcan/flexcan_driver.o
 *fill*         0x0000286f        0x1 
 .rodata.payload_code.7354
                0x00002870       0x41 ./SDK/platform/drivers/src/flexcan/flexcan_hw_access.o
 *(.init)
 *fill*         0x000028b1        0x3 
 .init          0x000028b4        0x4 d:/nxp/s32ds.3.5/s32ds/build_tools/gcc_b1620/gcc-6.3-arm32-eabi/bin/../lib/gcc/arm-none-eabi/6.3.1/thumb/v7e-m/fpv4-sp/hard/crti.o
                0x000028b4                _init
 *(.fini)
 .fini          0x000028b8        0x4 d:/nxp/s32ds.3.5/s32ds/build_tools/gcc_b1620/gcc-6.3-arm32-eabi/bin/../lib/gcc/arm-none-eabi/6.3.1/thumb/v7e-m/fpv4-sp/hard/crti.o
                0x000028b8                _fini
 *(.eh_frame)
                0x000028bc                . = ALIGN (0x4)

.glue_7         0x000028bc        0x0
 .glue_7        0x000028bc        0x0 linker stubs

.glue_7t        0x000028bc        0x0
 .glue_7t       0x000028bc        0x0 linker stubs

.vfp11_veneer   0x000028bc        0x0
 .vfp11_veneer  0x000028bc        0x0 linker stubs

.v4_bx          0x000028bc        0x0
 .v4_bx         0x000028bc        0x0 linker stubs

.iplt           0x000028bc        0x0
 .iplt          0x000028bc        0x0 ./Project_Settings/Startup_Code/startup_S32K144.o

.rel.dyn        0x000028bc        0x0
 .rel.iplt      0x000028bc        0x0 ./Project_Settings/Startup_Code/startup_S32K144.o

.ARM            0x000028bc        0x0
                0x000028bc                __exidx_start = .
 *(.ARM.exidx*)
                0x000028bc                __exidx_end = .
                0x000028bc                __etext = .
                0x000028bc                __DATA_ROM = .

.interrupts_ram
                0x1fff8000      0x400
                0x1fff8000                . = ALIGN (0x4)
                0x1fff8000                __VECTOR_RAM__ = .
                0x1fff8000                __RAM_START = .
                0x1fff8000                __interrupts_ram_start__ = .
 *(.m_interrupts_ram)
                0x1fff8400                . = (. + M_VECTOR_RAM_SIZE)
 *fill*         0x1fff8000      0x400 
                0x1fff8400                . = ALIGN (0x4)
                0x1fff8400                __interrupts_ram_end__ = .
                0x1fff8000                __VECTOR_RAM = DEFINED (__flash_vector_table__)?ORIGIN (m_interrupts):__VECTOR_RAM__
                0x00000400                __RAM_VECTOR_TABLE_SIZE = DEFINED (__flash_vector_table__)?0x0:(__interrupts_ram_end__ - __interrupts_ram_start__)

.data           0x1fff8400      0x248 load address 0x000028bc
                0x1fff8400                . = ALIGN (0x4)
                0x1fff8400                __DATA_RAM = .
                0x1fff8400                __data_start__ = .
 *(.data)
 *(.data*)
 .data.peripheralClockConfig.7374
                0x1fff8400       0xa0 ./SDK/platform/drivers/src/clock/S32K1xx/clock_S32K1xx.o
 .data.clockMan1_InitConfig0
                0x1fff84a0       0x88 ./board/clock_config.o
                0x1fff84a0                clockMan1_InitConfig0
 .data.g_clockManConfigsArr
                0x1fff8528        0x4 ./board/clock_config.o
                0x1fff8528                g_clockManConfigsArr
 .data.peripheralClockConfig0
                0x1fff852c       0xa0 ./board/clock_config.o
                0x1fff852c                peripheralClockConfig0
 .data.flexcanInitConfig0
                0x1fff85cc       0x38 ./board/peripherals_flexcan_config_1.o
                0x1fff85cc                flexcanInitConfig0
 .data.g_pin_mux_InitConfigArr0
                0x1fff8604       0x30 ./board/pin_mux.o
                0x1fff8604                g_pin_mux_InitConfigArr0
 .data.tx_data  0x1fff8634        0x8 ./src/main.o
                0x1fff8634                tx_data
 .data.tx_info  0x1fff863c        0xc ./src/main.o
                0x1fff863c                tx_info
                0x1fff8648                . = ALIGN (0x4)
                0x1fff8648                __data_end__ = .
                0x00002b04                __DATA_END = (__DATA_ROM + (__data_end__ - __data_start__))
                0x00002b04                __CODE_ROM = __DATA_END

.igot.plt       0x1fff8648        0x0 load address 0x00002b04
 .igot.plt      0x1fff8648        0x0 ./Project_Settings/Startup_Code/startup_S32K144.o

.code           0x1fff8648        0x0 load address 0x00002b04
                0x1fff8648                . = ALIGN (0x4)
                0x1fff8648                __CODE_RAM = .
                0x1fff8648                __code_start__ = .
                0x1fff8648                __code_ram_start__ = .
 *(.code_ram)
                0x1fff8648                . = ALIGN (0x4)
                0x1fff8648                __code_end__ = .
                0x1fff8648                __code_ram_end__ = .
                0x00002b04                __CODE_END = (__CODE_ROM + (__code_end__ - __code_start__))
                0x00002b04                __CUSTOM_ROM = __CODE_END

.customSectionBlock
                0x20000000        0x0 load address 0x00002b04
                0x20000000                __customSection_start__ = .
 *(.customSection)
                0x20000000                __customSection_end__ = .
                0x00002b04                __CUSTOM_END = (__CUSTOM_ROM + (__customSection_end__ - __customSection_start__))
                0x00002b04                __rom_end = __CUSTOM_END

.bss            0x20000000      0x154
                0x20000000                . = ALIGN (0x4)
                0x20000000                __BSS_START = .
                0x20000000                __bss_start__ = .
 *(.bss)
 *(.bss*)
 .bss.g_RtcClkInFreq
                0x20000000        0x4 ./SDK/platform/drivers/src/clock/S32K1xx/clock_S32K1xx.o
                0x20000000                g_RtcClkInFreq
 .bss.g_TClkFreq
                0x20000004        0xc ./SDK/platform/drivers/src/clock/S32K1xx/clock_S32K1xx.o
                0x20000004                g_TClkFreq
 .bss.g_clockState
                0x20000010       0x10 ./SDK/platform/drivers/src/clock/S32K1xx/clock_S32K1xx.o
 .bss.g_xtal0ClkFreq
                0x20000020        0x4 ./SDK/platform/drivers/src/clock/S32K1xx/clock_S32K1xx.o
                0x20000020                g_xtal0ClkFreq
 .bss.s_virtEdmaState
                0x20000024        0x4 ./SDK/platform/drivers/src/edma/edma_driver.o
 .bss.g_flexcanStatePtr
                0x20000028        0xc ./SDK/platform/drivers/src/flexcan/flexcan_driver.o
 .bss.g_interruptDisableCount
                0x20000034        0x4 ./SDK/platform/drivers/src/interrupt/interrupt_manager.o
 .bss.s_osif_tick_cnt
                0x20000038        0x4 ./SDK/rtos/osif/osif_baremetal.o
 .bss.g_clockManCallbacksArr
                0x2000003c        0x4 ./board/clock_config.o
                0x2000003c                g_clockManCallbacksArr
 .bss.flexcanState0
                0x20000040      0x114 ./board/peripherals_flexcan_config_1.o
                0x20000040                flexcanState0
 *(COMMON)
                0x20000154                . = ALIGN (0x4)
                0x20000154                __bss_end__ = .
                0x20000154                __BSS_END = .

.heap           0x20000154      0x404
                0x20000158                . = ALIGN (0x8)
 *fill*         0x20000154        0x4 
                0x20000158                __end__ = .
                0x20000158                __heap_start__ = .
                [!provide]                PROVIDE (end = .)
                [!provide]                PROVIDE (_end = .)
                [!provide]                PROVIDE (__end = .)
                0x20000158                __HeapBase = .
                0x20000558                . = (. + HEAP_SIZE)
 *fill*         0x20000158      0x400 
                0x20000558                __HeapLimit = .
                0x20000558                __heap_limit = .
                0x20000558                __heap_end__ = .
                0x20007000                __StackTop = (ORIGIN (m_data_2) + LENGTH (m_data_2))
                0x20006c00                __StackLimit = (__StackTop - STACK_SIZE)
                0x20007000                PROVIDE (__stack = __StackTop)
                0x20007000                __RAM_END = __StackTop

.stack          0x20006c00      0x400
                0x20006c00                . = ALIGN (0x8)
                0x20006c00                __stack_start__ = .
                0x20007000                . = (. + STACK_SIZE)
 *fill*         0x20006c00      0x400 
                0x20007000                __stack_end__ = .

.ARM.attributes
                0x00000000       0x30
 *(.ARM.attributes)
 .ARM.attributes
                0x00000000       0x22 d:/nxp/s32ds.3.5/s32ds/build_tools/gcc_b1620/gcc-6.3-arm32-eabi/bin/../lib/gcc/arm-none-eabi/6.3.1/thumb/v7e-m/fpv4-sp/hard/crti.o
 .ARM.attributes
                0x00000022       0x1f ./Project_Settings/Startup_Code/startup_S32K144.o
 .ARM.attributes
                0x00000041       0x39 ./SDK/platform/devices/S32K144/startup/system_S32K144.o
 .ARM.attributes
                0x0000007a       0x39 ./SDK/platform/devices/startup.o
 .ARM.attributes
                0x000000b3       0x39 ./SDK/platform/drivers/src/clock/S32K1xx/clock_S32K1xx.o
 .ARM.attributes
                0x000000ec       0x39 ./SDK/platform/drivers/src/edma/edma_driver.o
 .ARM.attributes
                0x00000125       0x39 ./SDK/platform/drivers/src/edma/edma_hw_access.o
 .ARM.attributes
                0x0000015e       0x39 ./SDK/platform/drivers/src/edma/edma_irq.o
 .ARM.attributes
                0x00000197       0x39 ./SDK/platform/drivers/src/flexcan/flexcan_driver.o
 .ARM.attributes
                0x000001d0       0x39 ./SDK/platform/drivers/src/flexcan/flexcan_hw_access.o
 .ARM.attributes
                0x00000209       0x39 ./SDK/platform/drivers/src/flexcan/flexcan_irq.o
 .ARM.attributes
                0x00000242       0x39 ./SDK/platform/drivers/src/interrupt/interrupt_manager.o
 .ARM.attributes
                0x0000027b       0x39 ./SDK/platform/drivers/src/pins/pins_driver.o
 .ARM.attributes
                0x000002b4       0x39 ./SDK/platform/drivers/src/pins/pins_port_hw_access.o
 .ARM.attributes
                0x000002ed       0x39 ./SDK/rtos/osif/osif_baremetal.o
 .ARM.attributes
                0x00000326       0x39 ./board/clock_config.o
 .ARM.attributes
                0x0000035f       0x39 ./board/peripherals_flexcan_config_1.o
 .ARM.attributes
                0x00000398       0x39 ./board/pin_mux.o
 .ARM.attributes
                0x000003d1       0x39 ./src/main.o
                0x00000001                ASSERT ((__rom_end <= (ORIGIN (m_text) + LENGTH (m_text))), Region m_text overflowed!)
                0x00000001                ASSERT ((__StackLimit >= __HeapLimit), region m_data_2 overflowed with stack and heap)
OUTPUT(adbc.elf elf32-littlearm)

.debug_line     0x00000000     0x5128
 .debug_line    0x00000000       0x82 ./Project_Settings/Startup_Code/startup_S32K144.o
 .debug_line    0x00000082      0x245 ./SDK/platform/devices/S32K144/startup/system_S32K144.o
 .debug_line    0x000002c7      0x16f ./SDK/platform/devices/startup.o
 .debug_line    0x00000436     0x1149 ./SDK/platform/drivers/src/clock/S32K1xx/clock_S32K1xx.o
 .debug_line    0x0000157f      0x85d ./SDK/platform/drivers/src/edma/edma_driver.o
 .debug_line    0x00001ddc      0x331 ./SDK/platform/drivers/src/edma/edma_hw_access.o
 .debug_line    0x0000210d      0x2c9 ./SDK/platform/drivers/src/edma/edma_irq.o
 .debug_line    0x000023d6      0xe2f ./SDK/platform/drivers/src/flexcan/flexcan_driver.o
 .debug_line    0x00003205      0x7e5 ./SDK/platform/drivers/src/flexcan/flexcan_hw_access.o
 .debug_line    0x000039ea      0x140 ./SDK/platform/drivers/src/flexcan/flexcan_irq.o
 .debug_line    0x00003b2a      0x30c ./SDK/platform/drivers/src/interrupt/interrupt_manager.o
 .debug_line    0x00003e36      0x471 ./SDK/platform/drivers/src/pins/pins_driver.o
 .debug_line    0x000042a7      0x2b4 ./SDK/platform/drivers/src/pins/pins_port_hw_access.o
 .debug_line    0x0000455b      0x3a2 ./SDK/rtos/osif/osif_baremetal.o
 .debug_line    0x000048fd      0x1f9 ./board/clock_config.o
 .debug_line    0x00004af6      0x18e ./board/peripherals_flexcan_config_1.o
 .debug_line    0x00004c84      0x193 ./board/pin_mux.o
 .debug_line    0x00004e17      0x311 ./src/main.o

.debug_info     0x00000000    0x18dd0
 .debug_info    0x00000000       0x26 ./Project_Settings/Startup_Code/startup_S32K144.o
 .debug_info    0x00000026      0x521 ./SDK/platform/devices/S32K144/startup/system_S32K144.o
 .debug_info    0x00000547      0x2ad ./SDK/platform/devices/startup.o
 .debug_info    0x000007f4     0x5c5e ./SDK/platform/drivers/src/clock/S32K1xx/clock_S32K1xx.o
 .debug_info    0x00006452     0x3770 ./SDK/platform/drivers/src/edma/edma_driver.o
 .debug_info    0x00009bc2      0x95d ./SDK/platform/drivers/src/edma/edma_hw_access.o
 .debug_info    0x0000a51f      0x6da ./SDK/platform/drivers/src/edma/edma_irq.o
 .debug_info    0x0000abf9     0x54f1 ./SDK/platform/drivers/src/flexcan/flexcan_driver.o
 .debug_info    0x000100ea     0x1ecf ./SDK/platform/drivers/src/flexcan/flexcan_hw_access.o
 .debug_info    0x00011fb9      0x280 ./SDK/platform/drivers/src/flexcan/flexcan_irq.o
 .debug_info    0x00012239      0x997 ./SDK/platform/drivers/src/interrupt/interrupt_manager.o
 .debug_info    0x00012bd0     0x13d5 ./SDK/platform/drivers/src/pins/pins_driver.o
 .debug_info    0x00013fa5      0x8a8 ./SDK/platform/drivers/src/pins/pins_port_hw_access.o
 .debug_info    0x0001484d      0xac5 ./SDK/rtos/osif/osif_baremetal.o
 .debug_info    0x00015312     0x12b5 ./board/clock_config.o
 .debug_info    0x000165c7      0x4f5 ./board/peripherals_flexcan_config_1.o
 .debug_info    0x00016abc      0x405 ./board/pin_mux.o
 .debug_info    0x00016ec1     0x1f0f ./src/main.o

.debug_abbrev   0x00000000     0x24b5
 .debug_abbrev  0x00000000       0x14 ./Project_Settings/Startup_Code/startup_S32K144.o
 .debug_abbrev  0x00000014      0x140 ./SDK/platform/devices/S32K144/startup/system_S32K144.o
 .debug_abbrev  0x00000154       0xe0 ./SDK/platform/devices/startup.o
 .debug_abbrev  0x00000234      0x3ec ./SDK/platform/drivers/src/clock/S32K1xx/clock_S32K1xx.o
 .debug_abbrev  0x00000620      0x422 ./SDK/platform/drivers/src/edma/edma_driver.o
 .debug_abbrev  0x00000a42      0x205 ./SDK/platform/drivers/src/edma/edma_hw_access.o
 .debug_abbrev  0x00000c47      0x1b8 ./SDK/platform/drivers/src/edma/edma_irq.o
 .debug_abbrev  0x00000dff      0x44e ./SDK/platform/drivers/src/flexcan/flexcan_driver.o
 .debug_abbrev  0x0000124d      0x3ab ./SDK/platform/drivers/src/flexcan/flexcan_hw_access.o
 .debug_abbrev  0x000015f8       0x6c ./SDK/platform/drivers/src/flexcan/flexcan_irq.o
 .debug_abbrev  0x00001664      0x1f4 ./SDK/platform/drivers/src/interrupt/interrupt_manager.o
 .debug_abbrev  0x00001858      0x2db ./SDK/platform/drivers/src/pins/pins_driver.o
 .debug_abbrev  0x00001b33      0x1f5 ./SDK/platform/drivers/src/pins/pins_port_hw_access.o
 .debug_abbrev  0x00001d28      0x2c6 ./SDK/rtos/osif/osif_baremetal.o
 .debug_abbrev  0x00001fee      0x122 ./board/clock_config.o
 .debug_abbrev  0x00002110      0x107 ./board/peripherals_flexcan_config_1.o
 .debug_abbrev  0x00002217       0xca ./board/pin_mux.o
 .debug_abbrev  0x000022e1      0x1d4 ./src/main.o

.debug_aranges  0x00000000      0x958
 .debug_aranges
                0x00000000       0x20 ./Project_Settings/Startup_Code/startup_S32K144.o
 .debug_aranges
                0x00000020       0x30 ./SDK/platform/devices/S32K144/startup/system_S32K144.o
 .debug_aranges
                0x00000050       0x20 ./SDK/platform/devices/startup.o
 .debug_aranges
                0x00000070      0x128 ./SDK/platform/drivers/src/clock/S32K1xx/clock_S32K1xx.o
 .debug_aranges
                0x00000198      0x138 ./SDK/platform/drivers/src/edma/edma_driver.o
 .debug_aranges
                0x000002d0       0x88 ./SDK/platform/drivers/src/edma/edma_hw_access.o
 .debug_aranges
                0x00000358       0xa0 ./SDK/platform/drivers/src/edma/edma_irq.o
 .debug_aranges
                0x000003f8      0x178 ./SDK/platform/drivers/src/flexcan/flexcan_driver.o
 .debug_aranges
                0x00000570       0xf8 ./SDK/platform/drivers/src/flexcan/flexcan_hw_access.o
 .debug_aranges
                0x00000668       0x80 ./SDK/platform/drivers/src/flexcan/flexcan_irq.o
 .debug_aranges
                0x000006e8       0x70 ./SDK/platform/drivers/src/interrupt/interrupt_manager.o
 .debug_aranges
                0x00000758       0xe0 ./SDK/platform/drivers/src/pins/pins_driver.o
 .debug_aranges
                0x00000838       0x40 ./SDK/platform/drivers/src/pins/pins_port_hw_access.o
 .debug_aranges
                0x00000878       0x70 ./SDK/rtos/osif/osif_baremetal.o
 .debug_aranges
                0x000008e8       0x18 ./board/clock_config.o
 .debug_aranges
                0x00000900       0x18 ./board/peripherals_flexcan_config_1.o
 .debug_aranges
                0x00000918       0x18 ./board/pin_mux.o
 .debug_aranges
                0x00000930       0x28 ./src/main.o

.debug_str      0x00000000     0x8c4a
 .debug_str     0x00000000       0x66 ./Project_Settings/Startup_Code/startup_S32K144.o
 .debug_str     0x00000066      0x3c9 ./SDK/platform/devices/S32K144/startup/system_S32K144.o
                                0x43d (size before relaxing)
 .debug_str     0x0000042f      0x20c ./SDK/platform/devices/startup.o
                                0x42c (size before relaxing)
 .debug_str     0x0000063b     0x35ee ./SDK/platform/drivers/src/clock/S32K1xx/clock_S32K1xx.o
                               0x398f (size before relaxing)
 .debug_str     0x00003c29     0x1e6e ./SDK/platform/drivers/src/edma/edma_driver.o
                               0x2a2a (size before relaxing)
 .debug_str     0x00005a97       0x46 ./SDK/platform/drivers/src/edma/edma_hw_access.o
                                0x7ee (size before relaxing)
 .debug_str     0x00005add      0x162 ./SDK/platform/drivers/src/edma/edma_irq.o
                                0x503 (size before relaxing)
 .debug_str     0x00005c3f     0x1b6b ./SDK/platform/drivers/src/flexcan/flexcan_driver.o
                               0x32a4 (size before relaxing)
 .debug_str     0x000077aa      0x37e ./SDK/platform/drivers/src/flexcan/flexcan_hw_access.o
                               0x189e (size before relaxing)
 .debug_str     0x00007b28      0x17c ./SDK/platform/drivers/src/flexcan/flexcan_irq.o
                                0x3d2 (size before relaxing)
 .debug_str     0x00007ca4      0x180 ./SDK/platform/drivers/src/interrupt/interrupt_manager.o
                                0xb82 (size before relaxing)
 .debug_str     0x00007e24      0x961 ./SDK/platform/drivers/src/pins/pins_driver.o
                               0x1448 (size before relaxing)
 .debug_str     0x00008785      0x19d ./SDK/platform/drivers/src/pins/pins_port_hw_access.o
                                0x930 (size before relaxing)
 .debug_str     0x00008922      0x19d ./SDK/rtos/osif/osif_baremetal.o
                               0x10e4 (size before relaxing)
 .debug_str     0x00008abf       0x71 ./board/clock_config.o
                               0x2344 (size before relaxing)
 .debug_str     0x00008b30       0x49 ./board/peripherals_flexcan_config_1.o
                                0x961 (size before relaxing)
 .debug_str     0x00008b79       0x2c ./board/pin_mux.o
                                0x5f4 (size before relaxing)
 .debug_str     0x00008ba5       0xa5 ./src/main.o
                               0x3255 (size before relaxing)

.debug_loc      0x00000000     0xe6d5
 .debug_loc     0x00000000      0x10a ./SDK/platform/devices/S32K144/startup/system_S32K144.o
 .debug_loc     0x0000010a       0xec ./SDK/platform/devices/startup.o
 .debug_loc     0x000001f6     0x4df7 ./SDK/platform/drivers/src/clock/S32K1xx/clock_S32K1xx.o
 .debug_loc     0x00004fed     0x28d9 ./SDK/platform/drivers/src/edma/edma_driver.o
 .debug_loc     0x000078c6      0x6fa ./SDK/platform/drivers/src/edma/edma_hw_access.o
 .debug_loc     0x00007fc0       0x50 ./SDK/platform/drivers/src/edma/edma_irq.o
 .debug_loc     0x00008010     0x38b9 ./SDK/platform/drivers/src/flexcan/flexcan_driver.o
 .debug_loc     0x0000b8c9     0x1c5c ./SDK/platform/drivers/src/flexcan/flexcan_hw_access.o
 .debug_loc     0x0000d525      0x252 ./SDK/platform/drivers/src/interrupt/interrupt_manager.o
 .debug_loc     0x0000d777      0x77f ./SDK/platform/drivers/src/pins/pins_driver.o
 .debug_loc     0x0000def6      0x56a ./SDK/platform/drivers/src/pins/pins_port_hw_access.o
 .debug_loc     0x0000e460      0x275 ./SDK/rtos/osif/osif_baremetal.o

.debug_ranges   0x00000000      0xd68
 .debug_ranges  0x00000000       0x20 ./SDK/platform/devices/S32K144/startup/system_S32K144.o
 .debug_ranges  0x00000020       0x10 ./SDK/platform/devices/startup.o
 .debug_ranges  0x00000030      0x3f0 ./SDK/platform/drivers/src/clock/S32K1xx/clock_S32K1xx.o
 .debug_ranges  0x00000420      0x158 ./SDK/platform/drivers/src/edma/edma_driver.o
 .debug_ranges  0x00000578       0x90 ./SDK/platform/drivers/src/edma/edma_hw_access.o
 .debug_ranges  0x00000608       0x90 ./SDK/platform/drivers/src/edma/edma_irq.o
 .debug_ranges  0x00000698      0x2d0 ./SDK/platform/drivers/src/flexcan/flexcan_driver.o
 .debug_ranges  0x00000968      0x150 ./SDK/platform/drivers/src/flexcan/flexcan_hw_access.o
 .debug_ranges  0x00000ab8       0x70 ./SDK/platform/drivers/src/flexcan/flexcan_irq.o
 .debug_ranges  0x00000b28       0x98 ./SDK/platform/drivers/src/interrupt/interrupt_manager.o
 .debug_ranges  0x00000bc0       0xd0 ./SDK/platform/drivers/src/pins/pins_driver.o
 .debug_ranges  0x00000c90       0x30 ./SDK/platform/drivers/src/pins/pins_port_hw_access.o
 .debug_ranges  0x00000cc0       0x90 ./SDK/rtos/osif/osif_baremetal.o
 .debug_ranges  0x00000d50       0x18 ./src/main.o

.comment        0x00000000       0x7e
 .comment       0x00000000       0x7e ./SDK/platform/devices/S32K144/startup/system_S32K144.o
                                 0x7f (size before relaxing)
 .comment       0x0000007e       0x7f ./SDK/platform/devices/startup.o
 .comment       0x0000007e       0x7f ./SDK/platform/drivers/src/clock/S32K1xx/clock_S32K1xx.o
 .comment       0x0000007e       0x7f ./SDK/platform/drivers/src/edma/edma_driver.o
 .comment       0x0000007e       0x7f ./SDK/platform/drivers/src/edma/edma_hw_access.o
 .comment       0x0000007e       0x7f ./SDK/platform/drivers/src/edma/edma_irq.o
 .comment       0x0000007e       0x7f ./SDK/platform/drivers/src/flexcan/flexcan_driver.o
 .comment       0x0000007e       0x7f ./SDK/platform/drivers/src/flexcan/flexcan_hw_access.o
 .comment       0x0000007e       0x7f ./SDK/platform/drivers/src/flexcan/flexcan_irq.o
 .comment       0x0000007e       0x7f ./SDK/platform/drivers/src/interrupt/interrupt_manager.o
 .comment       0x0000007e       0x7f ./SDK/platform/drivers/src/pins/pins_driver.o
 .comment       0x0000007e       0x7f ./SDK/platform/drivers/src/pins/pins_port_hw_access.o
 .comment       0x0000007e       0x7f ./SDK/rtos/osif/osif_baremetal.o
 .comment       0x0000007e       0x7f ./board/clock_config.o
 .comment       0x0000007e       0x7f ./board/peripherals_flexcan_config_1.o
 .comment       0x0000007e       0x7f ./board/pin_mux.o
 .comment       0x0000007e       0x7f ./src/main.o

.debug_frame    0x00000000     0x1824
 .debug_frame   0x00000000       0x40 ./SDK/platform/devices/S32K144/startup/system_S32K144.o
 .debug_frame   0x00000040       0x2c ./SDK/platform/devices/startup.o
 .debug_frame   0x0000006c      0x398 ./SDK/platform/drivers/src/clock/S32K1xx/clock_S32K1xx.o
 .debug_frame   0x00000404      0x388 ./SDK/platform/drivers/src/edma/edma_driver.o
 .debug_frame   0x0000078c      0x144 ./SDK/platform/drivers/src/edma/edma_hw_access.o
 .debug_frame   0x000008d0      0x1ac ./SDK/platform/drivers/src/edma/edma_irq.o
 .debug_frame   0x00000a7c      0x530 ./SDK/platform/drivers/src/flexcan/flexcan_driver.o
 .debug_frame   0x00000fac      0x2a0 ./SDK/platform/drivers/src/flexcan/flexcan_hw_access.o
 .debug_frame   0x0000124c      0x148 ./SDK/platform/drivers/src/flexcan/flexcan_irq.o
 .debug_frame   0x00001394       0xd8 ./SDK/platform/drivers/src/interrupt/interrupt_manager.o
 .debug_frame   0x0000146c      0x1e4 ./SDK/platform/drivers/src/pins/pins_driver.o
 .debug_frame   0x00001650       0x98 ./SDK/platform/drivers/src/pins/pins_port_hw_access.o
 .debug_frame   0x000016e8       0xf8 ./SDK/rtos/osif/osif_baremetal.o
 .debug_frame   0x000017e0       0x44 ./src/main.o
