Archive member included to satisfy reference by file (symbol)

d:/nxp/s32ds.3.5/s32ds/build_tools/gcc_b1620/gcc-6.3-arm32-eabi/bin/../lib/gcc/arm-none-eabi/6.3.1/thumb/v7e-m\libgcc.a(_aeabi_uldivmod.o)
                              ./src/src/OsIf_Timer_System.o (__aeabi_uldivmod)
d:/nxp/s32ds.3.5/s32ds/build_tools/gcc_b1620/gcc-6.3-arm32-eabi/bin/../lib/gcc/arm-none-eabi/6.3.1/thumb/v7e-m\libgcc.a(_udivmoddi4.o)
                              d:/nxp/s32ds.3.5/s32ds/build_tools/gcc_b1620/gcc-6.3-arm32-eabi/bin/../lib/gcc/arm-none-eabi/6.3.1/thumb/v7e-m\libgcc.a(_aeabi_uldivmod.o) (__udivmoddi4)
d:/nxp/s32ds.3.5/s32ds/build_tools/gcc_b1620/gcc-6.3-arm32-eabi/bin/../lib/gcc/arm-none-eabi/6.3.1/thumb/v7e-m\libgcc.a(_dvmd_tls.o)
                              d:/nxp/s32ds.3.5/s32ds/build_tools/gcc_b1620/gcc-6.3-arm32-eabi/bin/../lib/gcc/arm-none-eabi/6.3.1/thumb/v7e-m\libgcc.a(_aeabi_uldivmod.o) (__aeabi_ldiv0)

Discarded input sections

 .text          0x00000000        0x0 ./Project_Settings/Startup_Code/Vector_Table.o
 .data          0x00000000        0x0 ./Project_Settings/Startup_Code/Vector_Table.o
 .bss           0x00000000        0x0 ./Project_Settings/Startup_Code/Vector_Table.o
 .group         0x00000000        0xc ./Project_Settings/Startup_Code/exceptions.o
 .group         0x00000000        0xc ./Project_Settings/Startup_Code/exceptions.o
 .group         0x00000000        0xc ./Project_Settings/Startup_Code/exceptions.o
 .group         0x00000000        0xc ./Project_Settings/Startup_Code/exceptions.o
 .group         0x00000000        0xc ./Project_Settings/Startup_Code/exceptions.o
 .group         0x00000000        0xc ./Project_Settings/Startup_Code/exceptions.o
 .group         0x00000000        0xc ./Project_Settings/Startup_Code/exceptions.o
 .group         0x00000000        0xc ./Project_Settings/Startup_Code/exceptions.o
 .group         0x00000000        0xc ./Project_Settings/Startup_Code/exceptions.o
 .group         0x00000000        0xc ./Project_Settings/Startup_Code/exceptions.o
 .group         0x00000000        0xc ./Project_Settings/Startup_Code/exceptions.o
 .group         0x00000000        0xc ./Project_Settings/Startup_Code/exceptions.o
 .group         0x00000000        0xc ./Project_Settings/Startup_Code/exceptions.o
 .group         0x00000000        0xc ./Project_Settings/Startup_Code/exceptions.o
 .group         0x00000000        0xc ./Project_Settings/Startup_Code/exceptions.o
 .group         0x00000000        0xc ./Project_Settings/Startup_Code/exceptions.o
 .group         0x00000000        0xc ./Project_Settings/Startup_Code/exceptions.o
 .group         0x00000000        0xc ./Project_Settings/Startup_Code/exceptions.o
 .group         0x00000000        0xc ./Project_Settings/Startup_Code/exceptions.o
 .group         0x00000000        0xc ./Project_Settings/Startup_Code/exceptions.o
 .group         0x00000000        0xc ./Project_Settings/Startup_Code/exceptions.o
 .group         0x00000000        0xc ./Project_Settings/Startup_Code/exceptions.o
 .group         0x00000000        0xc ./Project_Settings/Startup_Code/exceptions.o
 .text          0x00000000        0x0 ./Project_Settings/Startup_Code/exceptions.o
 .data          0x00000000        0x0 ./Project_Settings/Startup_Code/exceptions.o
 .bss           0x00000000        0x0 ./Project_Settings/Startup_Code/exceptions.o
 .group         0x00000000        0xc ./Project_Settings/Startup_Code/nvic.o
 .group         0x00000000        0xc ./Project_Settings/Startup_Code/nvic.o
 .group         0x00000000        0xc ./Project_Settings/Startup_Code/nvic.o
 .group         0x00000000        0xc ./Project_Settings/Startup_Code/nvic.o
 .group         0x00000000        0xc ./Project_Settings/Startup_Code/nvic.o
 .group         0x00000000        0xc ./Project_Settings/Startup_Code/nvic.o
 .group         0x00000000        0xc ./Project_Settings/Startup_Code/nvic.o
 .group         0x00000000        0xc ./Project_Settings/Startup_Code/nvic.o
 .group         0x00000000        0xc ./Project_Settings/Startup_Code/nvic.o
 .group         0x00000000        0xc ./Project_Settings/Startup_Code/nvic.o
 .group         0x00000000        0xc ./Project_Settings/Startup_Code/nvic.o
 .group         0x00000000        0xc ./Project_Settings/Startup_Code/nvic.o
 .group         0x00000000        0xc ./Project_Settings/Startup_Code/nvic.o
 .group         0x00000000        0xc ./Project_Settings/Startup_Code/nvic.o
 .group         0x00000000        0xc ./Project_Settings/Startup_Code/nvic.o
 .group         0x00000000        0xc ./Project_Settings/Startup_Code/nvic.o
 .group         0x00000000        0xc ./Project_Settings/Startup_Code/nvic.o
 .group         0x00000000        0xc ./Project_Settings/Startup_Code/nvic.o
 .group         0x00000000        0xc ./Project_Settings/Startup_Code/nvic.o
 .group         0x00000000        0xc ./Project_Settings/Startup_Code/nvic.o
 .group         0x00000000        0xc ./Project_Settings/Startup_Code/nvic.o
[...]
Memory Configuration

Name             Origin             Length             Attributes
int_flash_interrupts 0x00000000         0x00000400
int_flash_config 0x00000400         0x00000010
int_flash        0x00000410         0x0007fbf0
int_sram_results 0x1fff8000         0x00000100
int_sram         0x1fff8100         0x0000df00
int_sram_stack_c0 0x20006000         0x00001000
ram_rsvd2        0x20007000         0x00000000
*default*        0x00000000         0xffffffff

Linker script and memory map

LOAD ./Project_Settings/Startup_Code/Vector_Table.o
LOAD ./Project_Settings/Startup_Code/exceptions.o
LOAD ./Project_Settings/Startup_Code/nvic.o
LOAD ./Project_Settings/Startup_Code/startup.o
LOAD ./Project_Settings/Startup_Code/startup_cm4.o
LOAD ./Project_Settings/Startup_Code/sys_init.o
LOAD ./Project_Settings/Startup_Code/system.o
LOAD ./src/main.o
LOAD ./src/src/Clock_Ip.o
LOAD ./src/src/Clock_Ip_Cfg.o
LOAD ./src/src/Clock_Ip_Data.o
LOAD ./src/src/Clock_Ip_Divider.o
LOAD ./src/src/Clock_Ip_DividerTrigger.o
LOAD ./src/src/Clock_Ip_ExtOsc.o
LOAD ./src/src/Clock_Ip_FracDiv.o
LOAD ./src/src/Clock_Ip_Frequency.o
LOAD ./src/src/Clock_Ip_Gate.o
LOAD ./src/src/Clock_Ip_IntOsc.o
LOAD ./src/src/Clock_Ip_Irq.o
LOAD ./src/src/Clock_Ip_Monitor.o
LOAD ./src/src/Clock_Ip_PBcfg.o
LOAD ./src/src/Clock_Ip_Pll.o
LOAD ./src/src/Clock_Ip_ProgFreqSwitch.o
LOAD ./src/src/Clock_Ip_Selector.o
LOAD ./src/src/Clock_Ip_Specific.o
LOAD ./src/src/Det.o
LOAD ./src/src/Det_stub.o
LOAD ./src/src/Dio.o
LOAD ./src/src/Dio_Cfg.o
LOAD ./src/src/Dio_Ipw.o
LOAD ./src/src/Gpio_Dio_Ip.o
LOAD ./src/src/IntCtrl_Ip.o
LOAD ./src/src/IntCtrl_Ip_Cfg.o
LOAD ./src/src/Mcu.o
LOAD ./src/src/Mcu_Cfg.o
LOAD ./src/src/Mcu_Dem_Wrapper.o
LOAD ./src/src/Mcu_IPW.o
LOAD ./src/src/Mcu_IPW_Irq.o
LOAD ./src/src/Mcu_PBcfg.o
LOAD ./src/src/OsIf_Cfg.o
LOAD ./src/src/OsIf_Timer.o
LOAD ./src/src/OsIf_Timer_System.o
LOAD ./src/src/Platform.o
LOAD ./src/src/Platform_Cfg.o
LOAD ./src/src/Platform_Ipw.o
LOAD ./src/src/Platform_Ipw_Cfg.o
LOAD ./src/src/Port.o
LOAD ./src/src/Port_Cfg.o
LOAD ./src/src/Port_Ci_Port_Ip.o
LOAD ./src/src/Port_Ci_Port_Ip_PBcfg.o
LOAD ./src/src/Port_Ipw.o
LOAD ./src/src/Port_PBcfg.o
LOAD ./src/src/Power_Ip.o
LOAD ./src/src/Power_Ip_CMU.o
LOAD ./src/src/Power_Ip_Cfg.o
LOAD ./src/src/Power_Ip_CortexM4.o
LOAD ./src/src/Power_Ip_PBcfg.o
LOAD ./src/src/Power_Ip_PCC.o
LOAD ./src/src/Power_Ip_PMC.o
LOAD ./src/src/Power_Ip_PMC_Irq.o
LOAD ./src/src/Power_Ip_Private.o
LOAD ./src/src/Power_Ip_RCM.o
LOAD ./src/src/Power_Ip_RCM_Irq.o
LOAD ./src/src/Power_Ip_SCG.o
LOAD ./src/src/Power_Ip_SIM.o
LOAD ./src/src/Power_Ip_SMC.o
LOAD ./src/src/Ram_Ip.o
LOAD ./src/src/Ram_Ip_Cfg.o
LOAD ./src/src/Ram_Ip_PBcfg.o
LOAD ./src/src/SchM_Adc.o
LOAD ./src/src/SchM_Can.o
LOAD ./src/src/SchM_Crc.o
LOAD ./src/src/SchM_Crypto.o
LOAD ./src/src/SchM_Dio.o
LOAD ./src/src/SchM_Eep.o
LOAD ./src/src/SchM_Eth.o
LOAD ./src/src/SchM_Fee.o
LOAD ./src/src/SchM_Fls.o
LOAD ./src/src/SchM_Gpt.o
LOAD ./src/src/SchM_I2c.o
LOAD ./src/src/SchM_I2s.o
LOAD ./src/src/SchM_Icu.o
LOAD ./src/src/SchM_Iseled.o
LOAD ./src/src/SchM_Lin.o
LOAD ./src/src/SchM_Mcl.o
LOAD ./src/src/SchM_Mcu.o
LOAD ./src/src/SchM_Ocu.o
LOAD ./src/src/SchM_Port.o
LOAD ./src/src/SchM_Pwm.o
LOAD ./src/src/SchM_Qdec.o
LOAD ./src/src/SchM_Rm.o
LOAD ./src/src/SchM_Sbc_fs26.o
LOAD ./src/src/SchM_Sent.o
LOAD ./src/src/SchM_Spi.o
LOAD ./src/src/SchM_Uart.o
LOAD ./src/src/SchM_Wdg.o
LOAD ./src/src/SchM_Wdg_43_fs26.o
LOAD ./src/src/System_Ip.o
START GROUP
LOAD d:/nxp/s32ds.3.5/s32ds/build_tools/gcc_b1620/gcc-6.3-arm32-eabi/bin/../lib/gcc/arm-none-eabi/6.3.1/thumb/v7e-m\libgcc.a
LOAD D:/NXP/S32DS.3.5/S32DS/build_tools/gcc_b1620/gcc-6.3-arm32-eabi/arm-none-eabi/newlib/lib/thumb/v7e-m\libc.a
END GROUP
START GROUP
LOAD d:/nxp/s32ds.3.5/s32ds/build_tools/gcc_b1620/gcc-6.3-arm32-eabi/bin/../lib/gcc/arm-none-eabi/6.3.1/thumb/v7e-m\libgcc.a
LOAD D:/NXP/S32DS.3.5/S32DS/build_tools/gcc_b1620/gcc-6.3-arm32-eabi/arm-none-eabi/newlib/lib/thumb/v7e-m\libc.a
LOAD D:/NXP/S32DS.3.5/S32DS/build_tools/gcc_b1620/gcc-6.3-arm32-eabi/arm-none-eabi/newlib/lib/thumb/v7e-m\libnosys.a
END GROUP
                0x00000200                HEAP_SIZE = DEFINED (__heap_size__)?__heap_size__:0x200

.flash_interrupts
                0x00000000      0x310
                0x00000000                . = ALIGN (0x1000)
                0x00000000                __interrupts_rom_start = .
 *(.intc_vector)
 .intc_vector   0x00000000      0x310 ./Project_Settings/Startup_Code/Vector_Table.o
                0x00000000                VTABLE
                0x00000310                . = ALIGN (0x4)
                0x00000310                __interrupts_rom_end = .

.flash_config   0x00000400       0x10
 *(.flash_config)
 .flash_config  0x00000400       0x10 ./Project_Settings/Startup_Code/startup_cm4.o

.flash          0x00000410     0x8160
                0x00000410                . = ALIGN (0x4)
 *(.startup)
 .startup       0x00000410       0xb8 ./Project_Settings/Startup_Code/startup_cm4.o
                0x00000410                Reset_Handler
                0x00000410                _start
                0x00000494                MCAL_LTB_TRACE_OFF
                0x00000496                _end_of_eunit_test
                0x000004c8                . = ALIGN (0x4)
 *(.systeminit)
 .systeminit    0x000004c8        0x6 ./Project_Settings/Startup_Code/exceptions.o
                0x000004c8                NMI_Handler
 .systeminit    0x000004ce       0xbe ./Project_Settings/Startup_Code/system.o
                0x000004ce                SystemInit
                0x0000058c                . = ALIGN (0x4)
 *(.text.startup)
                0x0000058c                . = ALIGN (0x4)
 *(.text)
 .text          0x0000058c       0x30 d:/nxp/s32ds.3.5/s32ds/build_tools/gcc_b1620/gcc-6.3-arm32-eabi/bin/../lib/gcc/arm-none-eabi/6.3.1/thumb/v7e-m\libgcc.a(_aeabi_uldivmod.o)
                0x0000058c                __aeabi_uldivmod
 .text          0x000005bc      0x2e4 d:/nxp/s32ds.3.5/s32ds/build_tools/gcc_b1620/gcc-6.3-arm32-eabi/bin/../lib/gcc/arm-none-eabi/6.3.1/thumb/v7e-m\libgcc.a(_udivmoddi4.o)
                0x000005bc                __udivmoddi4
 .text          0x000008a0        0x4 d:/nxp/s32ds.3.5/s32ds/build_tools/gcc_b1620/gcc-6.3-arm32-eabi/bin/../lib/gcc/arm-none-eabi/6.3.1/thumb/v7e-m\libgcc.a(_dvmd_tls.o)
                0x000008a0                __aeabi_idiv0
                0x000008a0                __aeabi_ldiv0
 *(.text*)
 .text.HardFault_Handler
                0x000008a4        0x6 ./Project_Settings/Startup_Code/exceptions.o
                0x000008a4                HardFault_Handler
 .text.MemManage_Handler
                0x000008aa        0x6 ./Project_Settings/Startup_Code/exceptions.o
                0x000008aa                MemManage_Handler
 .text.BusFault_Handler
                0x000008b0        0x6 ./Project_Settings/Startup_Code/exceptions.o
                0x000008b0                BusFault_Handler
 .text.UsageFault_Handler
                0x000008b6        0x6 ./Project_Settings/Startup_Code/exceptions.o
                0x000008b6                UsageFault_Handler
 .text.SVC_Handler
                0x000008bc        0x6 ./Project_Settings/Startup_Code/exceptions.o
                0x000008bc                SVC_Handler
 .text.DebugMon_Handler
                0x000008c2        0x6 ./Project_Settings/Startup_Code/exceptions.o
                0x000008c2                DebugMon_Handler
 .text.PendSV_Handler
                0x000008c8        0x6 ./Project_Settings/Startup_Code/exceptions.o
                0x000008c8                PendSV_Handler
 .text.SysTick_Handler
                0x000008ce        0x6 ./Project_Settings/Startup_Code/exceptions.o
                0x000008ce                SysTick_Handler
 .text.undefined_handler
                0x000008d4        0x6 ./Project_Settings/Startup_Code/exceptions.o
                0x000008d4                undefined_handler
 *fill*         0x000008da        0x2 
 .text.init_data_bss
                0x000008dc      0x134 ./Project_Settings/Startup_Code/startup.o
                0x000008dc                init_data_bss
 .text.startup_go_to_user_mode
                0x00000a10        0xc ./Project_Settings/Startup_Code/system.o
                0x00000a10                startup_go_to_user_mode
 .text.delay_dummy
                0x00000a1c       0x1e ./src/main.o
                0x00000a1c                delay_dummy
 *fill*         0x00000a3a        0x2 
 .text.main     0x00000a3c       0x38 ./src/main.o
                0x00000a3c                main
 .text.Dio_schm_read_msr
                0x00000a74       0x14 ./src/src/SchM_Dio.o
                0x00000a74                Dio_schm_read_msr
 .text.Mcu_schm_read_msr
                0x00000a88       0x14 ./src/src/SchM_Mcu.o
                0x00000a88                Mcu_schm_read_msr
 .text.Port_schm_read_msr
                0x00000a9c       0x14 ./src/src/SchM_Port.o
                0x00000a9c                Port_schm_read_msr
                0x00000ab0                . = ALIGN (0x4)
 *(.mcal_text)
 .mcal_text     0x00000ab0      0xe90 ./src/src/Clock_Ip.o
                0x00000ab0                Clock_Ip_Init
                0x00000af4                Clock_Ip_InitClock
                0x000011c8                Clock_Ip_GetPllStatus
                0x00001258                Clock_Ip_DistributePll
                0x000013f8                Clock_Ip_DisableClockMonitor
                0x00001448                Clock_Ip_GetClockMonitorStatus
                0x00001498                Clock_Ip_ClearClockMonitorStatus
                0x000014e8                Clock_Ip_PowerModeChangeNotification
                0x00001528                Clock_Ip_InstallNotificationsCallback
                0x00001544                Clock_Ip_DisableModuleClock
                0x0000158c                Clock_Ip_EnableModuleClock
                0x000015ee                ReportClockErrors
                0x00001618                ClockStartTimeout
                0x0000164e                ClockTimeoutExpired
 .mcal_text     0x00001940      0x558 ./src/src/Clock_Ip_Divider.o
 .mcal_text     0x00001e98       0x12 ./src/src/Clock_Ip_DividerTrigger.o
 *fill*         0x00001eaa        0x2 
 .mcal_text     0x00001eac      0x2a0 ./src/src/Clock_Ip_ExtOsc.o
 .mcal_text     0x0000214c       0x28 ./src/src/Clock_Ip_FracDiv.o
 .mcal_text     0x00002174      0x3a0 ./src/src/Clock_Ip_Gate.o
 .mcal_text     0x00002514      0x7a4 ./src/src/Clock_Ip_IntOsc.o
 .mcal_text     0x00002cb8       0x50 ./src/src/Clock_Ip_Monitor.o
 .mcal_text     0x00002d08      0x26c ./src/src/Clock_Ip_Pll.o
 .mcal_text     0x00002f74       0x12 ./src/src/Clock_Ip_ProgFreqSwitch.o
 *fill*         0x00002f86        0x2 
 .mcal_text     0x00002f88      0x798 ./src/src/Clock_Ip_Selector.o
 .mcal_text     0x00003720      0xd84 ./src/src/Clock_Ip_Specific.o
                0x00003720                SpecificPeripheralClockInitialization
                0x00003732                DisableSafeClock
                0x0000390c                SpecificPlatformInitClock
                0x00004078                ClockInitializeObjects
                0x00004270                ClockPowerModeChangeNotification
 .mcal_text     0x000044a4      0x150 ./src/src/Det.o
                0x000044a4                Det_Init
                0x000044b0                Det_ReportError
                0x00004518                Det_ReportRuntimeError
                0x00004580                Det_ReportTransientFault
                0x000045e8                Det_Start
 .mcal_text     0x000045f4       0xe4 ./src/src/Dio.o
                0x000045f4                Dio_ReadChannel
                0x00004618                Dio_WriteChannel
                0x0000463c                Dio_FlipChannel
                0x00004660                Dio_ReadPort
                0x00004682                Dio_WritePort
                0x000046a0                Dio_ReadChannelGroup
                0x000046be                Dio_WriteChannelGroup
 .mcal_text     0x000046d8      0x1dc ./src/src/Dio_Ipw.o
                0x000046d8                Dio_Ipw_ReadChannel
                0x0000471c                Dio_Ipw_WriteChannel
                0x00004760                Dio_Ipw_FlipChannel
                0x000047c0                Dio_Ipw_ReadPort
                0x000047f0                Dio_Ipw_WritePort
                0x00004820                Dio_Ipw_ReadChannelGroup
                0x00004860                Dio_Ipw_WriteChannelGroup
 .mcal_text     0x000048b4      0x11c ./src/src/Gpio_Dio_Ip.o
                0x000048b4                Gpio_Dio_Ip_WritePin
                0x000048fc                Gpio_Dio_Ip_WritePins
                0x00004916                Gpio_Dio_Ip_GetPinsOutput
                0x00004934                Gpio_Dio_Ip_SetPins
                0x0000494e                Gpio_Dio_Ip_ClearPins
                0x00004968                Gpio_Dio_Ip_TogglePins
                0x00004982                Gpio_Dio_Ip_ReadPins
                0x000049a0                Gpio_Dio_Ip_ReadPin
 .mcal_text     0x000049d0      0x184 ./src/src/Mcu.o
                0x000049d0                Mcu_Init
                0x00004a64                Mcu_InitRamSection
                0x00004a7c                Mcu_InitClock
                0x00004abc                Mcu_SetMode
                0x00004af4                Mcu_GetPllStatus
                0x00004b0a                Mcu_GetResetReason
                0x00004b22                Mcu_GetResetRawValue
                0x00004b38                Mcu_SleepOnExit
 .mcal_text     0x00004b54       0x86 ./src/src/Mcu_IPW.o
                0x00004b54                Mcu_Ipw_Init
                0x00004b70                Mcu_Ipw_InitClock
                0x00004b86                Mcu_Ipw_SetMode
                0x00004b9c                Mcu_Ipw_GetResetReason
                0x00004baa                Mcu_Ipw_GetResetRawValue
                0x00004bb8                Mcu_Ipw_SleepOnExit
 .mcal_text     0x00004bda      0x134 ./src/src/OsIf_Timer.o
                0x00004c22                OsIf_Init
                0x00004c36                OsIf_GetCounter
                0x00004c6a                OsIf_GetElapsed
                0x00004ca4                OsIf_SetTimerFrequency
                0x00004cd4                OsIf_MicrosToTicks
 *fill*         0x00004d0e        0x2 
 .mcal_text     0x00004d10      0x1bc ./src/src/OsIf_Timer_System.o
                0x00004da8                OsIf_Timer_System_Init
                0x00004dfc                OsIf_Timer_System_GetCounter
                0x00004e1a                OsIf_Timer_System_GetElapsed
                0x00004e3c                OsIf_Timer_System_SetTimerFrequency
                0x00004e60                OsIf_Timer_System_MicrosToTicks
 .mcal_text     0x00004ecc      0x268 ./src/src/Port.o
                0x00004ecc                Port_Init
                0x00004f2c                Port_SetPinDirection
                0x00004fd0                Port_SetPinMode
                0x0000509c                Port_RefreshPortDirection
                0x000050f0                Port_GetVersionInfo
 .mcal_text     0x00005134      0x428 ./src/src/Port_Ci_Port_Ip.o
                0x000052a6                Port_Ci_Port_Ip_ReadPCR
                0x000052c2                Port_Ci_Port_Ip_SetPCR
                0x000052e2                Port_Ci_Port_Ip_SetPSOR
                0x000052fc                Port_Ci_Port_Ip_SetPCOR
                0x00005316                Port_Ci_Port_Ip_SetPDDR
                0x0000533c                Port_Ci_Port_Ip_ClearPDDR
                0x00005364                Port_Ci_Port_Ip_SetPIDR
                0x0000538a                Port_Ci_Port_Ip_SetDFER
                0x000053b4                Port_Ci_Port_Ip_Init
                0x000053f2                Port_Ci_Port_Ip_SetMuxModeSel
                0x0000543a                Port_Ci_Port_Ip_EnableDigitalFilter
                0x0000546a                Port_Ci_Port_Ip_DisableDigitalFilter
                0x0000549c                Port_Ci_Port_Ip_ConfigDigitalFilter
                0x000054cc                Port_Ci_Port_Ip_SetGlobalPinControl
 .mcal_text     0x0000555c      0x654 ./src/src/Port_Ipw.o
                0x000056f8                Port_Ipw_Init
                0x0000579c                Port_Ipw_SetPinDirection
                0x00005894                Port_Ipw_SetPinMode
                0x000059ac                Port_Ipw_SetGpioDirChangeability
                0x00005a2c                Port_Ipw_SetGpioPadOutput
                0x00005aac                Port_Ipw_RefreshPortDirection
 .mcal_text     0x00005bb0      0x1e0 ./src/src/Power_Ip.o
                0x00005c40                Power_Ip_SetMode
                0x00005ce4                Power_Ip_GetResetReason
                0x00005d08                Power_Ip_GetResetRawValue
                0x00005d1e                Power_Ip_InitReset
                0x00005d38                Power_Ip_InitPower
                0x00005d5c                Power_Ip_DisableSleepOnExit
                0x00005d68                Power_Ip_EnableSleepOnExit
                0x00005d74                Power_Ip_InstallNotificationsCallback
 .mcal_text     0x00005d90       0xc0 ./src/src/Power_Ip_CortexM4.o
                0x00005d90                Power_Ip_CM4_DisableSleepOnExit
                0x00005dc0                Power_Ip_CM4_EnableSleepOnExit
                0x00005df0                Power_Ip_CM4_EnableDeepSleep
                0x00005e20                Power_Ip_CM4_DisableDeepSleep
 .mcal_text     0x00005e50       0x70 ./src/src/Power_Ip_PMC.o
                0x00005e50                Power_Ip_PMC_PowerInit
 .mcal_text     0x00005ec0       0xb0 ./src/src/Power_Ip_Private.o
                0x00005ec0                ReportPowerErrors
                0x00005ee8                ReportPowerErrorsEmptyCallback
                0x00005f02                PowerStartTimeout
                0x00005f38                PowerTimeoutExpired
 .mcal_text     0x00005f70      0x190 ./src/src/Power_Ip_RCM.o
                0x00005f70                Power_Ip_RCM_ResetInit
                0x00005fa4                Power_Ip_RCM_GetResetReason
                0x0000605c                Power_Ip_RCM_GetResetRawValue
                0x000060a0                Power_Ip_RCM_GetCurrentSystemResetIsrSettings
                0x000060c4                Power_Ip_RCM_SystemResetIsrConfig
                0x000060dc                Power_Ip_RCM_RestoreSystemResetIsrConfig
 .mcal_text     0x00006100       0xf4 ./src/src/Power_Ip_SCG.o
                0x00006100                Power_Ip_SCG_DisableClockMonitors
                0x00006120                Power_Ip_SCG_DropSysClkToSircInRunMode
                0x000061b4                Power_Ip_SCG_DisableFircClock
                0x000061d4                Power_Ip_SCG_DisableSoscClock
 .mcal_text     0x000061f4      0x334 ./src/src/Power_Ip_SMC.o
                0x000061f4                Power_Ip_SMC_AllowedModesConfig
                0x00006218                Power_Ip_SMC_ModeCheckEntry
                0x000062cc                Power_Ip_SMC_ModeConfig
 .mcal_text     0x00006528      0x148 ./src/src/SchM_Dio.o
                0x00006528                SchM_Enter_Dio_DIO_EXCLUSIVE_AREA_00
                0x00006580                SchM_Exit_Dio_DIO_EXCLUSIVE_AREA_00
                0x000065cc                SchM_Enter_Dio_DIO_EXCLUSIVE_AREA_01
                0x00006624                SchM_Exit_Dio_DIO_EXCLUSIVE_AREA_01
 .mcal_text     0x00006670      0x1ec ./src/src/SchM_Mcu.o
                0x00006670                SchM_Enter_Mcu_MCU_EXCLUSIVE_AREA_00
                0x000066c8                SchM_Exit_Mcu_MCU_EXCLUSIVE_AREA_00
                0x00006714                SchM_Enter_Mcu_MCU_EXCLUSIVE_AREA_01
                0x0000676c                SchM_Exit_Mcu_MCU_EXCLUSIVE_AREA_01
                0x000067b8                SchM_Enter_Mcu_MCU_EXCLUSIVE_AREA_02
                0x00006810                SchM_Exit_Mcu_MCU_EXCLUSIVE_AREA_02
 .mcal_text     0x0000685c     0x11f0 ./src/src/SchM_Port.o
                0x0000685c                SchM_Enter_Port_PORT_EXCLUSIVE_AREA_00
                0x000068b4                SchM_Exit_Port_PORT_EXCLUSIVE_AREA_00
                0x00006900                SchM_Enter_Port_PORT_EXCLUSIVE_AREA_01
                0x00006958                SchM_Exit_Port_PORT_EXCLUSIVE_AREA_01
                0x000069a4                SchM_Enter_Port_PORT_EXCLUSIVE_AREA_02
                0x000069fc                SchM_Exit_Port_PORT_EXCLUSIVE_AREA_02
                0x00006a48                SchM_Enter_Port_PORT_EXCLUSIVE_AREA_03
                0x00006aa0                SchM_Exit_Port_PORT_EXCLUSIVE_AREA_03
                0x00006aec                SchM_Enter_Port_PORT_EXCLUSIVE_AREA_04
                0x00006b44                SchM_Exit_Port_PORT_EXCLUSIVE_AREA_04
                0x00006b90                SchM_Enter_Port_PORT_EXCLUSIVE_AREA_05
                0x00006be8                SchM_Exit_Port_PORT_EXCLUSIVE_AREA_05
                0x00006c34                SchM_Enter_Port_PORT_EXCLUSIVE_AREA_06
                0x00006c8c                SchM_Exit_Port_PORT_EXCLUSIVE_AREA_06
                0x00006cd8                SchM_Enter_Port_PORT_EXCLUSIVE_AREA_07
                0x00006d30                SchM_Exit_Port_PORT_EXCLUSIVE_AREA_07
                0x00006d7c                SchM_Enter_Port_PORT_EXCLUSIVE_AREA_08
                0x00006dd4                SchM_Exit_Port_PORT_EXCLUSIVE_AREA_08
                0x00006e20                SchM_Enter_Port_PORT_EXCLUSIVE_AREA_09
                0x00006e78                SchM_Exit_Port_PORT_EXCLUSIVE_AREA_09
                0x00006ec4                SchM_Enter_Port_PORT_EXCLUSIVE_AREA_10
                0x00006f1c                SchM_Exit_Port_PORT_EXCLUSIVE_AREA_10
                0x00006f68                SchM_Enter_Port_PORT_EXCLUSIVE_AREA_11
                0x00006fc0                SchM_Exit_Port_PORT_EXCLUSIVE_AREA_11
                0x0000700c                SchM_Enter_Port_PORT_EXCLUSIVE_AREA_12
                0x00007064                SchM_Exit_Port_PORT_EXCLUSIVE_AREA_12
                0x000070b0                SchM_Enter_Port_PORT_EXCLUSIVE_AREA_13
                0x00007108                SchM_Exit_Port_PORT_EXCLUSIVE_AREA_13
                0x00007154                SchM_Enter_Port_PORT_EXCLUSIVE_AREA_14
                0x000071ac                SchM_Exit_Port_PORT_EXCLUSIVE_AREA_14
                0x000071f8                SchM_Enter_Port_PORT_EXCLUSIVE_AREA_15
                0x00007250                SchM_Exit_Port_PORT_EXCLUSIVE_AREA_15
                0x0000729c                SchM_Enter_Port_PORT_EXCLUSIVE_AREA_16
                0x000072f4                SchM_Exit_Port_PORT_EXCLUSIVE_AREA_16
                0x00007340                SchM_Enter_Port_PORT_EXCLUSIVE_AREA_17
                0x00007398                SchM_Exit_Port_PORT_EXCLUSIVE_AREA_17
                0x000073e4                SchM_Enter_Port_PORT_EXCLUSIVE_AREA_18
                0x0000743c                SchM_Exit_Port_PORT_EXCLUSIVE_AREA_18
                0x00007488                SchM_Enter_Port_PORT_EXCLUSIVE_AREA_19
                0x000074e0                SchM_Exit_Port_PORT_EXCLUSIVE_AREA_19
                0x0000752c                SchM_Enter_Port_PORT_EXCLUSIVE_AREA_20
                0x00007584                SchM_Exit_Port_PORT_EXCLUSIVE_AREA_20
                0x000075d0                SchM_Enter_Port_PORT_EXCLUSIVE_AREA_21
                0x00007628                SchM_Exit_Port_PORT_EXCLUSIVE_AREA_21
                0x00007674                SchM_Enter_Port_PORT_EXCLUSIVE_AREA_22
                0x000076cc                SchM_Exit_Port_PORT_EXCLUSIVE_AREA_22
                0x00007718                SchM_Enter_Port_PORT_EXCLUSIVE_AREA_23
                0x00007770                SchM_Exit_Port_PORT_EXCLUSIVE_AREA_23
                0x000077bc                SchM_Enter_Port_PORT_EXCLUSIVE_AREA_24
                0x00007814                SchM_Exit_Port_PORT_EXCLUSIVE_AREA_24
                0x00007860                SchM_Enter_Port_PORT_EXCLUSIVE_AREA_25
                0x000078b8                SchM_Exit_Port_PORT_EXCLUSIVE_AREA_25
                0x00007904                SchM_Enter_Port_PORT_EXCLUSIVE_AREA_26
                0x0000795c                SchM_Exit_Port_PORT_EXCLUSIVE_AREA_26
                0x000079a8                SchM_Enter_Port_PORT_EXCLUSIVE_AREA_27
                0x00007a00                SchM_Exit_Port_PORT_EXCLUSIVE_AREA_27
                0x00007a4c                . = ALIGN (0x4)
                0x00007a4c                acfls_code_rom_start = .
                0x00007a4c                . = ALIGN (0x4)
 *(.acfls_code_rom)
                0x00007a4c                acfls_code_rom_end = .
 *(.init)
                0x00007a4c                . = ALIGN (0x4)
 *(.fini)
                0x00007a4c                . = ALIGN (0x4)
 *(.rodata)
 *(.rodata*)
 .rodata.dividerCallbackIndex
                0x00007a4c        0xf ./src/src/Clock_Ip_Data.o
                0x00007a4c                dividerCallbackIndex
 *fill*         0x00007a5b        0x1 
 .rodata.dividertriggerCallbackIndex
                0x00007a5c        0xf ./src/src/Clock_Ip_Data.o
                0x00007a5c                dividertriggerCallbackIndex
 *fill*         0x00007a6b        0x1 
 .rodata.xoscCallbackIndex
                0x00007a6c        0xf ./src/src/Clock_Ip_Data.o
                0x00007a6c                xoscCallbackIndex
 *fill*         0x00007a7b        0x1 
 .rodata.ircoscCallbackIndex
                0x00007a7c        0xf ./src/src/Clock_Ip_Data.o
                0x00007a7c                ircoscCallbackIndex
 *fill*         0x00007a8b        0x1 
 .rodata.gateCallbackIndex
                0x00007a8c        0xf ./src/src/Clock_Ip_Data.o
                0x00007a8c                gateCallbackIndex
 *fill*         0x00007a9b        0x1 
 .rodata.fractional_dividerCallbackIndex
                0x00007a9c        0xf ./src/src/Clock_Ip_Data.o
                0x00007a9c                fractional_dividerCallbackIndex
 *fill*         0x00007aab        0x1 
 .rodata.pllCallbackIndex
                0x00007aac        0xf ./src/src/Clock_Ip_Data.o
                0x00007aac                pllCallbackIndex
 *fill*         0x00007abb        0x1 
 .rodata.selectorCallbackIndex
                0x00007abc        0xf ./src/src/Clock_Ip_Data.o
                0x00007abc                selectorCallbackIndex
 *fill*         0x00007acb        0x1 
 .rodata.pcfsCallbackIndex
                0x00007acc        0xf ./src/src/Clock_Ip_Data.o
                0x00007acc                pcfsCallbackIndex
 *fill*         0x00007adb        0x1 
 .rodata.cmuCallbackIndex
                0x00007adc        0xf ./src/src/Clock_Ip_Data.o
                0x00007adc                cmuCallbackIndex
 *fill*         0x00007aeb        0x1 
 .rodata.clockFeatures
                0x00007aec      0x30f ./src/src/Clock_Ip_Data.o
                0x00007aec                clockFeatures
 *fill*         0x00007dfb        0x1 
 .rodata.selectorEntry_hardwareValue
                0x00007dfc       0x57 ./src/src/Clock_Ip_Data.o
                0x00007dfc                selectorEntry_hardwareValue
 *fill*         0x00007e53        0x1 
 .rodata.selectorEntrySCS_hardwareValue
                0x00007e54       0x2f ./src/src/Clock_Ip_Data.o
                0x00007e54                selectorEntrySCS_hardwareValue
 *fill*         0x00007e83        0x1 
 .rodata.selectorEntryPCS_hardwareValue
                0x00007e84       0x2f ./src/src/Clock_Ip_Data.o
                0x00007e84                selectorEntryPCS_hardwareValue
 *fill*         0x00007eb3        0x1 
 .rodata.dividerValue_hardwareValue
                0x00007eb4       0x41 ./src/src/Clock_Ip_Data.o
                0x00007eb4                dividerValue_hardwareValue
 *fill*         0x00007ef5        0x3 
 .rodata.scgPeriphAsyncDivs
                0x00007ef8       0x10 ./src/src/Clock_Ip_Data.o
                0x00007ef8                scgPeriphAsyncDivs
 .rodata.sourceType_clockName
                0x00007f08       0x2f ./src/src/Clock_Ip_Data.o
                0x00007f08                sourceType_clockName
 *fill*         0x00007f37        0x1 
 .rodata.HwPllName
                0x00007f38        0x1 ./src/src/Clock_Ip_Data.o
                0x00007f38                HwPllName
 *fill*         0x00007f39        0x3 
 .rodata.dividerCallbacks
                0x00007f3c       0x3c ./src/src/Clock_Ip_Divider.o
                0x00007f3c                dividerCallbacks
 .rodata.dividerTriggerCallbacks
                0x00007f78        0x8 ./src/src/Clock_Ip_DividerTrigger.o
                0x00007f78                dividerTriggerCallbacks
 .rodata.extOscCallbacks
                0x00007f80       0x28 ./src/src/Clock_Ip_ExtOsc.o
                0x00007f80                extOscCallbacks
 .rodata.fracDivCallbacks
                0x00007fa8        0xc ./src/src/Clock_Ip_FracDiv.o
                0x00007fa8                fracDivCallbacks
 .rodata.gateCallbacks
                0x00007fb4       0x38 ./src/src/Clock_Ip_Gate.o
                0x00007fb4                gateCallbacks
 .rodata.intOscCallbacks
                0x00007fec       0x3c ./src/src/Clock_Ip_IntOsc.o
                0x00007fec                intOscCallbacks
 .rodata.cmuCallbacks
                0x00008028       0x18 ./src/src/Clock_Ip_Monitor.o
                0x00008028                cmuCallbacks
 .rodata.Mcu_aClockConfigPB
                0x00008040      0x278 ./src/src/Clock_Ip_PBcfg.o
                0x00008040                Mcu_aClockConfigPB
 .rodata.pllCallbacks
                0x000082b8       0x28 ./src/src/Clock_Ip_Pll.o
                0x000082b8                pllCallbacks
 .rodata.pcfsCallbacks
                0x000082e0        0x4 ./src/src/Clock_Ip_ProgFreqSwitch.o
                0x000082e0                pcfsCallbacks
 .rodata.selectorCallbacks
                0x000082e4       0x58 ./src/src/Clock_Ip_Selector.o
                0x000082e4                selectorCallbacks
 .rodata.clockSource.4918
                0x0000833c        0x7 ./src/src/Clock_Ip_Specific.o
 *fill*         0x00008343        0x1 
 .rodata.Mcu_PreCompileConfig
                0x00008344       0x1c ./src/src/Mcu_PBcfg.o
                0x00008344                Mcu_PreCompileConfig
 .rodata.OsIf_xPredefinedConfig
                0x00008360        0x8 ./src/src/OsIf_Cfg.o
 .rodata.OsIf_apxPredefinedConfig
                0x00008368        0x4 ./src/src/OsIf_Cfg.o
                0x00008368                OsIf_apxPredefinedConfig
 .rodata.Port_au16PinDescription
                0x0000836c       0xa0 ./src/src/Port_Cfg.o
                0x0000836c                Port_au16PinDescription
 .rodata.g_pin_mux_InitConfigArr
                0x0000840c       0x14 ./src/src/Port_Ci_Port_Ip_PBcfg.o
                0x0000840c                g_pin_mux_InitConfigArr
 .rodata.au8Port_PartitionList
                0x00008420        0x1 ./src/src/Port_PBcfg.o
 *fill*         0x00008421        0x3 
 .rodata.au32Port_PinToPartitionMap
                0x00008424        0x4 ./src/src/Port_PBcfg.o
 .rodata.Port_au16NoUnUsedPadsArrayDefault
                0x00008428       0xb0 ./src/src/Port_PBcfg.o
 .rodata.Port_UnUsedPin
                0x000084d8        0x8 ./src/src/Port_PBcfg.o
 .rodata.Port_aPinConfigDefault
                0x000084e0       0x10 ./src/src/Port_PBcfg.o
 .rodata.Port_Config
                0x000084f0       0x24 ./src/src/Port_PBcfg.o
                0x000084f0                Port_Config
 .rodata.resetReasonArray.4554
                0x00008514        0xf ./src/src/Power_Ip.o
 *fill*         0x00008523        0x1 
 .rodata.Power_Ip_RCM_ConfigPB
                0x00008524        0x8 ./src/src/Power_Ip_PBcfg.o
 .rodata.Power_Ip_PMC_ConfigPB
                0x0000852c        0x3 ./src/src/Power_Ip_PBcfg.o
 *fill*         0x0000852f        0x1 
 .rodata.Power_Ip_SMC_ConfigPB
                0x00008530        0x4 ./src/src/Power_Ip_PBcfg.o
 .rodata.Power_Ip_aModeConfigPB
                0x00008534        0x8 ./src/src/Power_Ip_PBcfg.o
                0x00008534                Power_Ip_aModeConfigPB
 .rodata.Power_Ip_HwIPsConfigPB
                0x0000853c        0xc ./src/src/Power_Ip_PBcfg.o
                0x0000853c                Power_Ip_HwIPsConfigPB
                0x00008548                . = ALIGN (0x4)
 *(.mcal_const_cfg)
                0x00008548                . = ALIGN (0x4)
 *(.mcal_const)
                0x00008548                . = ALIGN (0x4)
 *(.mcal_const_no_cacheable)
                0x00008548                . = ALIGN (0x4)
                0x00008548                __init_table = .
 *(.init_table)
 .init_table    0x00008548       0x1c ./Project_Settings/Startup_Code/startup_cm4.o
                0x00008564                . = ALIGN (0x4)
                0x00008564                __zero_table = .
 *(.zero_table)
 .zero_table    0x00008564        0xc ./Project_Settings/Startup_Code/startup_cm4.o
                0x00008570                . = ALIGN (0x4)
 *(.acmcu_code_rom)
                0x00008570                . = ALIGN (0x4)
                0x00008570                _etext = .
                0x00008570                __DATA_ROM = .

.glue_7         0x00008570        0x0
 .glue_7        0x00008570        0x0 linker stubs

.glue_7t        0x00008570        0x0
 .glue_7t       0x00008570        0x0 linker stubs

.vfp11_veneer   0x00008570        0x0
 .vfp11_veneer  0x00008570        0x0 linker stubs

.v4_bx          0x00008570        0x0
 .v4_bx         0x00008570        0x0 linker stubs

.iplt           0x00008570        0x0
 .iplt          0x00008570        0x0 ./Project_Settings/Startup_Code/Vector_Table.o

.igot.plt       0x00008570        0x0
 .igot.plt      0x00008570        0x0 ./Project_Settings/Startup_Code/Vector_Table.o
                0x00008570                . = ALIGN (0x4)
                [!provide]                PROVIDE (__exidx_start = .)

.ARM.exidx      0x1fff8100        0x8
 *(.ARM.exidx* .gnu.linkonce.armexidx.*)
 .ARM.exidx     0x1fff8100        0x8 d:/nxp/s32ds.3.5/s32ds/build_tools/gcc_b1620/gcc-6.3-arm32-eabi/bin/../lib/gcc/arm-none-eabi/6.3.1/thumb/v7e-m\libgcc.a(_udivmoddi4.o)

.rel.dyn        0x1fff8108        0x0
 .rel.iplt      0x1fff8108        0x0 ./Project_Settings/Startup_Code/Vector_Table.o
                0x1fff8108                . = ALIGN (0x4)
                [!provide]                PROVIDE (__exidx_end = .)

.ARM.extab      0x1fff8108        0x0
 *(.ARM.extab*)
                0x1fff8108                . = ALIGN (0x4)

.sram_interrupts
                0x1fff8108     0x1208
                0x1fff9000                . = ALIGN (0x1000)
 *fill*         0x1fff8108      0xef8 
                0x1fff9000                __interrupts_ram_start = .
                0x1fff9310                . = (. + (__interrupts_rom_end - __interrupts_rom_start))
 *fill*         0x1fff9000      0x310 
                0x1fff9310                . = ALIGN (0x4)
                0x1fff9310                __interrupts_ram_end = .

.sram_data      0x1fff9310       0x48 load address 0x00008570
                0x1fff9310                . = ALIGN (0x4)
                0x1fff9310                __data_ram_start = .
 *(.ramcode)
                0x1fff9310                . = ALIGN (0x4)
 *(.data)
 *(.data*)
 .data.clockNotificationsCallback
                0x1fff9310        0x4 ./src/src/Clock_Ip.o
 .data.GpioBaseAdresses
                0x1fff9314       0x14 ./src/src/Gpio_Dio_Ip.o
                0x1fff9314                GpioBaseAdresses
 .data.Port_au32PortCiPortBaseAddr
                0x1fff9328       0x14 ./src/src/Port_Ci_Port_Ip.o
                0x1fff9328                Port_au32PortCiPortBaseAddr
 .data.Port_au32PortCiGpioBaseAddr
                0x1fff933c       0x14 ./src/src/Port_Ci_Port_Ip.o
                0x1fff933c                Port_au32PortCiGpioBaseAddr
 .data.powerReportErrorsCallback
                0x1fff9350        0x4 ./src/src/Power_Ip.o
                0x1fff9350                powerReportErrorsCallback
 .data.pCM4     0x1fff9354        0x4 ./src/src/Power_Ip_CortexM4.o
                0x1fff9358                . = ALIGN (0x4)
 *(.mcal_data)
                0x1fff9358                . = ALIGN (0x4)
 *(.mcal_data_no_cacheable)
                0x1fff9358                . = ALIGN (0x4)
                0x1fff9358                __data_ram_end = .
                0x000085b8                __DATA_ROM_END = (__DATA_ROM + (__data_ram_end - __data_ram_start))

.sram_bss       0x1fff9358      0x318 load address 0x000085b8
                0x1fff9360                . = ALIGN (0x10)
 *fill*         0x1fff9358        0x8 
                0x1fff9360                __sram_bss_start = .
 *(.bss)
 *(.bss*)
 .bss.RESET_CATCH_CORE
                0x1fff9360        0x4 ./Project_Settings/Startup_Code/system.o
                0x1fff9360                RESET_CATCH_CORE
 .bss.clockTreeIsConsumingPll
                0x1fff9364        0x1 ./src/src/Clock_Ip.o
 .bss.clockObjectsAreInitialized
                0x1fff9365        0x1 ./src/src/Clock_Ip.o
 *fill*         0x1fff9366        0x2 
 .bss.clockConfig
                0x1fff9368        0x4 ./src/src/Clock_Ip.o
 .bss.functionWasCalled.4964
                0x1fff936c        0x1 ./src/src/Clock_Ip.o
 .bss.fircWasEnabledBeforeMcuInit
                0x1fff936d        0x1 ./src/src/Clock_Ip_Specific.o
 *fill*         0x1fff936e        0x2 
 .bss.config_clock
                0x1fff9370        0x4 ./src/src/Clock_Ip_Specific.o
 .bss.spllClock
                0x1fff9374        0x4 ./src/src/Clock_Ip_Specific.o
 .bss.soscClock
                0x1fff9378        0x4 ./src/src/Clock_Ip_Specific.o
 .bss.fircClock
                0x1fff937c        0x4 ./src/src/Clock_Ip_Specific.o
 .bss.scsRunClockSelector
                0x1fff9380        0x4 ./src/src/Clock_Ip_Specific.o
 .bss.coreRunClockDivider
                0x1fff9384        0x4 ./src/src/Clock_Ip_Specific.o
 .bss.busRunClockDivider
                0x1fff9388        0x4 ./src/src/Clock_Ip_Specific.o
 .bss.slowRunClockDivider
                0x1fff938c        0x4 ./src/src/Clock_Ip_Specific.o
 .bss.fircConfig
                0x1fff9390        0x4 ./src/src/Clock_Ip_Specific.o
 .bss.soscConfig
                0x1fff9394        0x4 ./src/src/Clock_Ip_Specific.o
 .bss.spllConfig
                0x1fff9398        0x4 ./src/src/Clock_Ip_Specific.o
 .bss.scsConfig_Run_Mode
                0x1fff939c        0x4 ./src/src/Clock_Ip_Specific.o
 .bss.scsConfig_Vlpr_Mode
                0x1fff93a0        0x4 ./src/src/Clock_Ip_Specific.o
 .bss.coreConfig_Run_Mode
                0x1fff93a4        0x4 ./src/src/Clock_Ip_Specific.o
 .bss.coreConfig_Vlpr_Mode
                0x1fff93a8        0x4 ./src/src/Clock_Ip_Specific.o
 .bss.busConfig_Run_Mode
                0x1fff93ac        0x4 ./src/src/Clock_Ip_Specific.o
 .bss.busConfig_Vlpr_Mode
                0x1fff93b0        0x4 ./src/src/Clock_Ip_Specific.o
 .bss.slowConfig_Run_Mode
                0x1fff93b4        0x4 ./src/src/Clock_Ip_Specific.o
 .bss.slowConfig_Vlpr_Mode
                0x1fff93b8        0x4 ./src/src/Clock_Ip_Specific.o
 .bss.scsHsrunClockSelector
                0x1fff93bc        0x4 ./src/src/Clock_Ip_Specific.o
 .bss.coreHsrunClockDivider
                0x1fff93c0        0x4 ./src/src/Clock_Ip_Specific.o
 .bss.busHsrunClockDivider
                0x1fff93c4        0x4 ./src/src/Clock_Ip_Specific.o
 .bss.slowHsrunClockDivider
                0x1fff93c8        0x4 ./src/src/Clock_Ip_Specific.o
 .bss.scsConfig_Hsrun_Mode
                0x1fff93cc        0x4 ./src/src/Clock_Ip_Specific.o
 .bss.coreConfig_Hsrun_Mode
                0x1fff93d0        0x4 ./src/src/Clock_Ip_Specific.o
 .bss.busConfig_Hsrun_Mode
                0x1fff93d4        0x4 ./src/src/Clock_Ip_Specific.o
 .bss.slowConfig_Hsrun_Mode
                0x1fff93d8        0x4 ./src/src/Clock_Ip_Specific.o
 .bss.fircConfiguration.4889
                0x1fff93dc        0x8 ./src/src/Clock_Ip_Specific.o
 .bss.soscConfiguration.4898
                0x1fff93e4       0x14 ./src/src/Clock_Ip_Specific.o
 .bss.spllConfiguration.4907
                0x1fff93f8       0x16 ./src/src/Clock_Ip_Specific.o
 *fill*         0x1fff940e        0x2 
 .bss.selectorConfigurations.4915
                0x1fff9410        0x6 ./src/src/Clock_Ip_Specific.o
 *fill*         0x1fff9416        0x2 
 .bss.dividerConfigurations.4936
                0x1fff9418       0x24 ./src/src/Clock_Ip_Specific.o
 .bss.dividerConfigurations.4956
                0x1fff943c       0x24 ./src/src/Clock_Ip_Specific.o
 .bss.dividerConfigurations.4976
                0x1fff9460       0x24 ./src/src/Clock_Ip_Specific.o
 .bss.Det_InstanceId
                0x1fff9484        0xa ./src/src/Det.o
                0x1fff9484                Det_InstanceId
 *fill*         0x1fff948e        0x2 
 .bss.Det_ApiId
                0x1fff9490        0xa ./src/src/Det.o
                0x1fff9490                Det_ApiId
 *fill*         0x1fff949a        0x2 
 .bss.Det_ErrorId
                0x1fff949c        0xa ./src/src/Det.o
                0x1fff949c                Det_ErrorId
 *fill*         0x1fff94a6        0x2 
 .bss.Det_RuntimeInstanceId
                0x1fff94a8        0xa ./src/src/Det.o
                0x1fff94a8                Det_RuntimeInstanceId
 *fill*         0x1fff94b2        0x2 
 .bss.Det_RuntimeApiId
                0x1fff94b4        0xa ./src/src/Det.o
                0x1fff94b4                Det_RuntimeApiId
 *fill*         0x1fff94be        0x2 
 .bss.Det_RuntimeErrorId
                0x1fff94c0        0xa ./src/src/Det.o
                0x1fff94c0                Det_RuntimeErrorId
 *fill*         0x1fff94ca        0x2 
 .bss.Det_TransientInstanceId
                0x1fff94cc        0xa ./src/src/Det.o
                0x1fff94cc                Det_TransientInstanceId
 *fill*         0x1fff94d6        0x2 
 .bss.Det_TransientApiId
                0x1fff94d8        0xa ./src/src/Det.o
                0x1fff94d8                Det_TransientApiId
 *fill*         0x1fff94e2        0x2 
 .bss.Det_TransientFaultId
                0x1fff94e4        0xa ./src/src/Det.o
                0x1fff94e4                Det_TransientFaultId
 *fill*         0x1fff94ee        0x2 
 .bss.Det_TransientModuleId
                0x1fff94f0       0x14 ./src/src/Det.o
                0x1fff94f0                Det_TransientModuleId
 .bss.Det_ModuleId
                0x1fff9504       0x14 ./src/src/Det.o
                0x1fff9504                Det_ModuleId
 .bss.Det_RuntimeModuleId
                0x1fff9518       0x14 ./src/src/Det.o
                0x1fff9518                Det_RuntimeModuleId
 .bss.Mcu_au8ClockConfigIds
                0x1fff952c        0x1 ./src/src/Mcu.o
 *fill*         0x1fff952d        0x3 
 .bss.Mcu_au8ModeConfigIds
                0x1fff9530        0x1 ./src/src/Mcu.o
 *fill*         0x1fff9531        0x3 
 .bss.Mcu_pConfigPtr
                0x1fff9534        0x4 ./src/src/Mcu.o
 .bss.OsIf_abMdlInit
                0x1fff9538        0x1 ./src/src/OsIf_Timer_System.o
 *fill*         0x1fff9539        0x3 
 .bss.OsIf_apxInternalCfg
                0x1fff953c        0x4 ./src/src/OsIf_Timer_System.o
 .bss.OsIf_au32InternalFrequencies
                0x1fff9540        0x4 ./src/src/OsIf_Timer_System.o
 .bss.Port_pConfig
                0x1fff9544        0x4 ./src/src/Port.o
 .bss.Port_Ipw_au16GpioDirChangeability
                0x1fff9548       0x14 ./src/src/Port_Ipw.o
 .bss.u32ResetStatus
                0x1fff955c        0x4 ./src/src/Power_Ip_RCM.o
 .bss.msr_DIO_EXCLUSIVE_AREA_00
                0x1fff9560        0x4 ./src/src/SchM_Dio.o
 .bss.reentry_guard_DIO_EXCLUSIVE_AREA_00
                0x1fff9564        0x4 ./src/src/SchM_Dio.o
 .bss.msr_DIO_EXCLUSIVE_AREA_01
                0x1fff9568        0x4 ./src/src/SchM_Dio.o
 .bss.reentry_guard_DIO_EXCLUSIVE_AREA_01
                0x1fff956c        0x4 ./src/src/SchM_Dio.o
 .bss.msr_MCU_EXCLUSIVE_AREA_00
                0x1fff9570        0x4 ./src/src/SchM_Mcu.o
 .bss.reentry_guard_MCU_EXCLUSIVE_AREA_00
                0x1fff9574        0x4 ./src/src/SchM_Mcu.o
 .bss.msr_MCU_EXCLUSIVE_AREA_01
                0x1fff9578        0x4 ./src/src/SchM_Mcu.o
 .bss.reentry_guard_MCU_EXCLUSIVE_AREA_01
                0x1fff957c        0x4 ./src/src/SchM_Mcu.o
 .bss.msr_MCU_EXCLUSIVE_AREA_02
                0x1fff9580        0x4 ./src/src/SchM_Mcu.o
 .bss.reentry_guard_MCU_EXCLUSIVE_AREA_02
                0x1fff9584        0x4 ./src/src/SchM_Mcu.o
 .bss.msr_PORT_EXCLUSIVE_AREA_00
                0x1fff9588        0x4 ./src/src/SchM_Port.o
 .bss.reentry_guard_PORT_EXCLUSIVE_AREA_00
                0x1fff958c        0x4 ./src/src/SchM_Port.o
 .bss.msr_PORT_EXCLUSIVE_AREA_01
                0x1fff9590        0x4 ./src/src/SchM_Port.o
 .bss.reentry_guard_PORT_EXCLUSIVE_AREA_01
                0x1fff9594        0x4 ./src/src/SchM_Port.o
 .bss.msr_PORT_EXCLUSIVE_AREA_02
                0x1fff9598        0x4 ./src/src/SchM_Port.o
 .bss.reentry_guard_PORT_EXCLUSIVE_AREA_02
                0x1fff959c        0x4 ./src/src/SchM_Port.o
 .bss.msr_PORT_EXCLUSIVE_AREA_03
                0x1fff95a0        0x4 ./src/src/SchM_Port.o
 .bss.reentry_guard_PORT_EXCLUSIVE_AREA_03
                0x1fff95a4        0x4 ./src/src/SchM_Port.o
 .bss.msr_PORT_EXCLUSIVE_AREA_04
                0x1fff95a8        0x4 ./src/src/SchM_Port.o
 .bss.reentry_guard_PORT_EXCLUSIVE_AREA_04
                0x1fff95ac        0x4 ./src/src/SchM_Port.o
 .bss.msr_PORT_EXCLUSIVE_AREA_05
                0x1fff95b0        0x4 ./src/src/SchM_Port.o
 .bss.reentry_guard_PORT_EXCLUSIVE_AREA_05
                0x1fff95b4        0x4 ./src/src/SchM_Port.o
 .bss.msr_PORT_EXCLUSIVE_AREA_06
                0x1fff95b8        0x4 ./src/src/SchM_Port.o
 .bss.reentry_guard_PORT_EXCLUSIVE_AREA_06
                0x1fff95bc        0x4 ./src/src/SchM_Port.o
 .bss.msr_PORT_EXCLUSIVE_AREA_07
                0x1fff95c0        0x4 ./src/src/SchM_Port.o
 .bss.reentry_guard_PORT_EXCLUSIVE_AREA_07
                0x1fff95c4        0x4 ./src/src/SchM_Port.o
 .bss.msr_PORT_EXCLUSIVE_AREA_08
                0x1fff95c8        0x4 ./src/src/SchM_Port.o
 .bss.reentry_guard_PORT_EXCLUSIVE_AREA_08
                0x1fff95cc        0x4 ./src/src/SchM_Port.o
 .bss.msr_PORT_EXCLUSIVE_AREA_09
                0x1fff95d0        0x4 ./src/src/SchM_Port.o
 .bss.reentry_guard_PORT_EXCLUSIVE_AREA_09
                0x1fff95d4        0x4 ./src/src/SchM_Port.o
 .bss.msr_PORT_EXCLUSIVE_AREA_10
                0x1fff95d8        0x4 ./src/src/SchM_Port.o
 .bss.reentry_guard_PORT_EXCLUSIVE_AREA_10
                0x1fff95dc        0x4 ./src/src/SchM_Port.o
 .bss.msr_PORT_EXCLUSIVE_AREA_11
                0x1fff95e0        0x4 ./src/src/SchM_Port.o
 .bss.reentry_guard_PORT_EXCLUSIVE_AREA_11
                0x1fff95e4        0x4 ./src/src/SchM_Port.o
 .bss.msr_PORT_EXCLUSIVE_AREA_12
                0x1fff95e8        0x4 ./src/src/SchM_Port.o
 .bss.reentry_guard_PORT_EXCLUSIVE_AREA_12
                0x1fff95ec        0x4 ./src/src/SchM_Port.o
 .bss.msr_PORT_EXCLUSIVE_AREA_13
                0x1fff95f0        0x4 ./src/src/SchM_Port.o
 .bss.reentry_guard_PORT_EXCLUSIVE_AREA_13
                0x1fff95f4        0x4 ./src/src/SchM_Port.o
 .bss.msr_PORT_EXCLUSIVE_AREA_14
                0x1fff95f8        0x4 ./src/src/SchM_Port.o
 .bss.reentry_guard_PORT_EXCLUSIVE_AREA_14
                0x1fff95fc        0x4 ./src/src/SchM_Port.o
 .bss.msr_PORT_EXCLUSIVE_AREA_15
                0x1fff9600        0x4 ./src/src/SchM_Port.o
 .bss.reentry_guard_PORT_EXCLUSIVE_AREA_15
                0x1fff9604        0x4 ./src/src/SchM_Port.o
 .bss.msr_PORT_EXCLUSIVE_AREA_16
                0x1fff9608        0x4 ./src/src/SchM_Port.o
 .bss.reentry_guard_PORT_EXCLUSIVE_AREA_16
                0x1fff960c        0x4 ./src/src/SchM_Port.o
 .bss.msr_PORT_EXCLUSIVE_AREA_17
                0x1fff9610        0x4 ./src/src/SchM_Port.o
 .bss.reentry_guard_PORT_EXCLUSIVE_AREA_17
                0x1fff9614        0x4 ./src/src/SchM_Port.o
 .bss.msr_PORT_EXCLUSIVE_AREA_18
                0x1fff9618        0x4 ./src/src/SchM_Port.o
 .bss.reentry_guard_PORT_EXCLUSIVE_AREA_18
                0x1fff961c        0x4 ./src/src/SchM_Port.o
 .bss.msr_PORT_EXCLUSIVE_AREA_19
                0x1fff9620        0x4 ./src/src/SchM_Port.o
 .bss.reentry_guard_PORT_EXCLUSIVE_AREA_19
                0x1fff9624        0x4 ./src/src/SchM_Port.o
 .bss.msr_PORT_EXCLUSIVE_AREA_20
                0x1fff9628        0x4 ./src/src/SchM_Port.o
 .bss.reentry_guard_PORT_EXCLUSIVE_AREA_20
                0x1fff962c        0x4 ./src/src/SchM_Port.o
 .bss.msr_PORT_EXCLUSIVE_AREA_21
                0x1fff9630        0x4 ./src/src/SchM_Port.o
 .bss.reentry_guard_PORT_EXCLUSIVE_AREA_21
                0x1fff9634        0x4 ./src/src/SchM_Port.o
 .bss.msr_PORT_EXCLUSIVE_AREA_22
                0x1fff9638        0x4 ./src/src/SchM_Port.o
 .bss.reentry_guard_PORT_EXCLUSIVE_AREA_22
                0x1fff963c        0x4 ./src/src/SchM_Port.o
 .bss.msr_PORT_EXCLUSIVE_AREA_23
                0x1fff9640        0x4 ./src/src/SchM_Port.o
 .bss.reentry_guard_PORT_EXCLUSIVE_AREA_23
                0x1fff9644        0x4 ./src/src/SchM_Port.o
 .bss.msr_PORT_EXCLUSIVE_AREA_24
                0x1fff9648        0x4 ./src/src/SchM_Port.o
 .bss.reentry_guard_PORT_EXCLUSIVE_AREA_24
                0x1fff964c        0x4 ./src/src/SchM_Port.o
 .bss.msr_PORT_EXCLUSIVE_AREA_25
                0x1fff9650        0x4 ./src/src/SchM_Port.o
 .bss.reentry_guard_PORT_EXCLUSIVE_AREA_25
                0x1fff9654        0x4 ./src/src/SchM_Port.o
 .bss.msr_PORT_EXCLUSIVE_AREA_26
                0x1fff9658        0x4 ./src/src/SchM_Port.o
 .bss.reentry_guard_PORT_EXCLUSIVE_AREA_26
                0x1fff965c        0x4 ./src/src/SchM_Port.o
 .bss.msr_PORT_EXCLUSIVE_AREA_27
                0x1fff9660        0x4 ./src/src/SchM_Port.o
 .bss.reentry_guard_PORT_EXCLUSIVE_AREA_27
                0x1fff9664        0x4 ./src/src/SchM_Port.o
                0x1fff9670                . = ALIGN (0x10)
 *fill*         0x1fff9668        0x8 
 *(.mcal_bss)
                0x1fff9670                . = ALIGN (0x10)
                0x1fff9670                __non_cacheable_bss_start = .
 *(.mcal_bss_no_cacheable)
                0x1fff9670                . = ALIGN (0x4)
                0x1fff9670                __non_cacheable_bss_end = .
                0x1fff9670                __sram_bss_end = .

.acfls_code_ram
                0x1fff9670        0x0
                0x1fff9670                . = (. + (acfls_code_rom_end - acfls_code_rom_start))

.heap           0x1fff9670      0x200 load address 0x000088d0
                0x1fff9670                . = ALIGN (0x4)
                0x1fff9670                _end = .
                0x1fff9670                end = .
                0x1fff9670                _heap_start = .
                0x1fff9870                . = (. + HEAP_SIZE)
 *fill*         0x1fff9670      0x200 
                0x1fff9870                _heap_end = .

int_results     0x1fff8000      0x100
                0x1fff8000                . = ALIGN (0x4)
 *(.int_results)
                0x1fff8100                . = (. + 0x100)
 *fill*         0x1fff8000      0x100 
                0x20006000                __Stack_end_c0 = ORIGIN (int_sram_stack_c0)
                0x20007000                __Stack_start_c0 = (ORIGIN (int_sram_stack_c0) + LENGTH (int_sram_stack_c0))
                0x1fff8000                __INT_SRAM_START = ORIGIN (int_sram_results)
                0x20007000                __INT_SRAM_END = ORIGIN (ram_rsvd2)
                0x1fff9310                __RAM_INIT_START = __data_ram_start
                0x1fff9358                __RAM_INIT_END = __data_ram_end
                0x00008570                __ROM_INIT_START = __DATA_ROM
                0x000085b8                __ROM_INIT_END = __DATA_ROM_END
                0x1fff9360                __BSS_SRAM_START = __sram_bss_start
                0x1fff9670                __BSS_SRAM_END = __sram_bss_end
                0x00000310                __BSS_SRAM_SIZE = (__sram_bss_end - __sram_bss_start)
                0x1fff9000                __RAM_INTERRUPT_START = __interrupts_ram_start
                0x00000000                __ROM_INTERRUPT_START = __interrupts_rom_start
                0x00000310                __ROM_INTERRUPT_END = __interrupts_rom_end
                0x00008548                __INIT_TABLE = __init_table
                0x00008564                __ZERO_TABLE = __zero_table
                0x00000001                __RAM_INIT = 0x1
                0x00007a4c                Fls_ACEraseRomStart = acfls_code_rom_start
                0x00007a4c                Fls_ACEraseRomEnd = acfls_code_rom_end
                0x00000000                Fls_ACEraseSize = (acfls_code_rom_end - acfls_code_rom_start)
                0x00007a4c                Fls_ACWriteRomStart = acfls_code_rom_start
                0x00007a4c                Fls_ACWriteRomEnd = acfls_code_rom_end
                0x00000000                Fls_ACWriteSize = (acfls_code_rom_end - acfls_code_rom_start)
                0x1fff9670                _ERASE_FUNC_ADDRESS_ = ADDR (.acfls_code_ram)
                0x1fff9670                _WRITE_FUNC_ADDRESS_ = ADDR (.acfls_code_ram)
                0x1fff9000                __ENTRY_VTABLE = __RAM_INTERRUPT_START
OUTPUT(tets.elf elf32-littlearm)

.ARM.attributes
                0x00000000       0x2f
 .ARM.attributes
                0x00000000       0x21 ./Project_Settings/Startup_Code/Vector_Table.o
 .ARM.attributes
                0x00000021       0x33 ./Project_Settings/Startup_Code/exceptions.o
 .ARM.attributes
                0x00000054       0x33 ./Project_Settings/Startup_Code/startup.o
 .ARM.attributes
                0x00000087       0x1b ./Project_Settings/Startup_Code/startup_cm4.o
 .ARM.attributes
                0x000000a2       0x33 ./Project_Settings/Startup_Code/system.o
 .ARM.attributes
                0x000000d5       0x33 ./src/main.o
 .ARM.attributes
                0x00000108       0x33 ./src/src/Clock_Ip.o
 .ARM.attributes
                0x0000013b       0x33 ./src/src/Clock_Ip_Data.o
 .ARM.attributes
                0x0000016e       0x33 ./src/src/Clock_Ip_Divider.o
 .ARM.attributes
                0x000001a1       0x33 ./src/src/Clock_Ip_DividerTrigger.o
 .ARM.attributes
                0x000001d4       0x33 ./src/src/Clock_Ip_ExtOsc.o
 .ARM.attributes
                0x00000207       0x33 ./src/src/Clock_Ip_FracDiv.o
 .ARM.attributes
                0x0000023a       0x33 ./src/src/Clock_Ip_Gate.o
 .ARM.attributes
                0x0000026d       0x33 ./src/src/Clock_Ip_IntOsc.o
 .ARM.attributes
                0x000002a0       0x33 ./src/src/Clock_Ip_Monitor.o
 .ARM.attributes
                0x000002d3       0x33 ./src/src/Clock_Ip_PBcfg.o
 .ARM.attributes
                0x00000306       0x33 ./src/src/Clock_Ip_Pll.o
 .ARM.attributes
                0x00000339       0x33 ./src/src/Clock_Ip_ProgFreqSwitch.o
 .ARM.attributes
                0x0000036c       0x33 ./src/src/Clock_Ip_Selector.o
 .ARM.attributes
                0x0000039f       0x33 ./src/src/Clock_Ip_Specific.o
 .ARM.attributes
                0x000003d2       0x33 ./src/src/Det.o
 .ARM.attributes
                0x00000405       0x33 ./src/src/Dio.o
 .ARM.attributes
                0x00000438       0x33 ./src/src/Dio_Ipw.o
 .ARM.attributes
                0x0000046b       0x33 ./src/src/Gpio_Dio_Ip.o
 .ARM.attributes
                0x0000049e       0x33 ./src/src/Mcu.o
 .ARM.attributes
                0x000004d1       0x33 ./src/src/Mcu_IPW.o
 .ARM.attributes
                0x00000504       0x33 ./src/src/Mcu_PBcfg.o
 .ARM.attributes
                0x00000537       0x33 ./src/src/OsIf_Cfg.o
 .ARM.attributes
                0x0000056a       0x33 ./src/src/OsIf_Timer.o
 .ARM.attributes
                0x0000059d       0x33 ./src/src/OsIf_Timer_System.o
 .ARM.attributes
                0x000005d0       0x33 ./src/src/Port.o
 .ARM.attributes
                0x00000603       0x33 ./src/src/Port_Cfg.o
 .ARM.attributes
                0x00000636       0x33 ./src/src/Port_Ci_Port_Ip.o
 .ARM.attributes
                0x00000669       0x33 ./src/src/Port_Ci_Port_Ip_PBcfg.o
 .ARM.attributes
                0x0000069c       0x33 ./src/src/Port_Ipw.o
 .ARM.attributes
                0x000006cf       0x33 ./src/src/Port_PBcfg.o
 .ARM.attributes
                0x00000702       0x33 ./src/src/Power_Ip.o
 .ARM.attributes
                0x00000735       0x33 ./src/src/Power_Ip_CortexM4.o
 .ARM.attributes
                0x00000768       0x33 ./src/src/Power_Ip_PBcfg.o
 .ARM.attributes
                0x0000079b       0x33 ./src/src/Power_Ip_PMC.o
 .ARM.attributes
                0x000007ce       0x33 ./src/src/Power_Ip_Private.o
 .ARM.attributes
                0x00000801       0x33 ./src/src/Power_Ip_RCM.o
 .ARM.attributes
                0x00000834       0x33 ./src/src/Power_Ip_SCG.o
 .ARM.attributes
                0x00000867       0x33 ./src/src/Power_Ip_SMC.o
 .ARM.attributes
                0x0000089a       0x33 ./src/src/SchM_Dio.o
 .ARM.attributes
                0x000008cd       0x33 ./src/src/SchM_Mcu.o
 .ARM.attributes
                0x00000900       0x33 ./src/src/SchM_Port.o
 .ARM.attributes
                0x00000933       0x1e d:/nxp/s32ds.3.5/s32ds/build_tools/gcc_b1620/gcc-6.3-arm32-eabi/bin/../lib/gcc/arm-none-eabi/6.3.1/thumb/v7e-m\libgcc.a(_aeabi_uldivmod.o)
 .ARM.attributes
                0x00000951       0x2e d:/nxp/s32ds.3.5/s32ds/build_tools/gcc_b1620/gcc-6.3-arm32-eabi/bin/../lib/gcc/arm-none-eabi/6.3.1/thumb/v7e-m\libgcc.a(_udivmoddi4.o)
 .ARM.attributes
                0x0000097f       0x1e d:/nxp/s32ds.3.5/s32ds/build_tools/gcc_b1620/gcc-6.3-arm32-eabi/bin/../lib/gcc/arm-none-eabi/6.3.1/thumb/v7e-m\libgcc.a(_dvmd_tls.o)

.comment        0x00000000       0x7e
 .comment       0x00000000       0x7e ./Project_Settings/Startup_Code/exceptions.o
                                 0x7f (size before relaxing)
 .comment       0x0000007e       0x7f ./Project_Settings/Startup_Code/startup.o
 .comment       0x0000007e       0x7f ./Project_Settings/Startup_Code/system.o
 .comment       0x0000007e       0x7f ./src/main.o
 .comment       0x0000007e       0x7f ./src/src/Clock_Ip.o
 .comment       0x0000007e       0x7f ./src/src/Clock_Ip_Data.o
 .comment       0x0000007e       0x7f ./src/src/Clock_Ip_Divider.o
 .comment       0x0000007e       0x7f ./src/src/Clock_Ip_DividerTrigger.o
 .comment       0x0000007e       0x7f ./src/src/Clock_Ip_ExtOsc.o
 .comment       0x0000007e       0x7f ./src/src/Clock_Ip_FracDiv.o
 .comment       0x0000007e       0x7f ./src/src/Clock_Ip_Gate.o
 .comment       0x0000007e       0x7f ./src/src/Clock_Ip_IntOsc.o
 .comment       0x0000007e       0x7f ./src/src/Clock_Ip_Monitor.o
 .comment       0x0000007e       0x7f ./src/src/Clock_Ip_PBcfg.o
 .comment       0x0000007e       0x7f ./src/src/Clock_Ip_Pll.o
 .comment       0x0000007e       0x7f ./src/src/Clock_Ip_ProgFreqSwitch.o
 .comment       0x0000007e       0x7f ./src/src/Clock_Ip_Selector.o
 .comment       0x0000007e       0x7f ./src/src/Clock_Ip_Specific.o
 .comment       0x0000007e       0x7f ./src/src/Det.o
 .comment       0x0000007e       0x7f ./src/src/Dio.o
 .comment       0x0000007e       0x7f ./src/src/Dio_Ipw.o
 .comment       0x0000007e       0x7f ./src/src/Gpio_Dio_Ip.o
 .comment       0x0000007e       0x7f ./src/src/Mcu.o
 .comment       0x0000007e       0x7f ./src/src/Mcu_IPW.o
 .comment       0x0000007e       0x7f ./src/src/Mcu_PBcfg.o
 .comment       0x0000007e       0x7f ./src/src/OsIf_Cfg.o
 .comment       0x0000007e       0x7f ./src/src/OsIf_Timer.o
 .comment       0x0000007e       0x7f ./src/src/OsIf_Timer_System.o
 .comment       0x0000007e       0x7f ./src/src/Port.o
 .comment       0x0000007e       0x7f ./src/src/Port_Cfg.o
 .comment       0x0000007e       0x7f ./src/src/Port_Ci_Port_Ip.o
 .comment       0x0000007e       0x7f ./src/src/Port_Ci_Port_Ip_PBcfg.o
 .comment       0x0000007e       0x7f ./src/src/Port_Ipw.o
 .comment       0x0000007e       0x7f ./src/src/Port_PBcfg.o
 .comment       0x0000007e       0x7f ./src/src/Power_Ip.o
 .comment       0x0000007e       0x7f ./src/src/Power_Ip_CortexM4.o
 .comment       0x0000007e       0x7f ./src/src/Power_Ip_PBcfg.o
 .comment       0x0000007e       0x7f ./src/src/Power_Ip_PMC.o
 .comment       0x0000007e       0x7f ./src/src/Power_Ip_Private.o
 .comment       0x0000007e       0x7f ./src/src/Power_Ip_RCM.o
 .comment       0x0000007e       0x7f ./src/src/Power_Ip_SCG.o
 .comment       0x0000007e       0x7f ./src/src/Power_Ip_SMC.o
 .comment       0x0000007e       0x7f ./src/src/SchM_Dio.o
 .comment       0x0000007e       0x7f ./src/src/SchM_Mcu.o
 .comment       0x0000007e       0x7f ./src/src/SchM_Port.o

.debug_info     0x00000000    0x20329
 .debug_info    0x00000000      0x136 ./Project_Settings/Startup_Code/exceptions.o
 .debug_info    0x00000136      0x22e ./Project_Settings/Startup_Code/startup.o
 .debug_info    0x00000364       0x26 ./Project_Settings/Startup_Code/startup_cm4.o
 .debug_info    0x0000038a      0x38c ./Project_Settings/Startup_Code/system.o
 .debug_info    0x00000716     0x11bb ./src/main.o
 .debug_info    0x000018d1     0x18eb ./src/src/Clock_Ip.o
 .debug_info    0x000031bc     0x160e ./src/src/Clock_Ip_Data.o
 .debug_info    0x000047ca     0x1bbd ./src/src/Clock_Ip_Divider.o
 .debug_info    0x00006387     0x1393 ./src/src/Clock_Ip_DividerTrigger.o
 .debug_info    0x0000771a     0x1725 ./src/src/Clock_Ip_ExtOsc.o
 .debug_info    0x00008e3f     0x13bb ./src/src/Clock_Ip_FracDiv.o
 .debug_info    0x0000a1fa     0x1929 ./src/src/Clock_Ip_Gate.o
 .debug_info    0x0000bb23     0x1aea ./src/src/Clock_Ip_IntOsc.o
 .debug_info    0x0000d60d     0x1403 ./src/src/Clock_Ip_Monitor.o
 .debug_info    0x0000ea10     0x136b ./src/src/Clock_Ip_PBcfg.o
 .debug_info    0x0000fd7b     0x1760 ./src/src/Clock_Ip_Pll.o
 .debug_info    0x000114db     0x1393 ./src/src/Clock_Ip_ProgFreqSwitch.o
 .debug_info    0x0001286e     0x1e92 ./src/src/Clock_Ip_Selector.o
 .debug_info    0x00014700     0x1d06 ./src/src/Clock_Ip_Specific.o
 .debug_info    0x00016406      0x385 ./src/src/Det.o
 .debug_info    0x0001678b      0x3e0 ./src/src/Dio.o
 .debug_info    0x00016b6b      0x50a ./src/src/Dio_Ipw.o
 .debug_info    0x00017075      0x366 ./src/src/Gpio_Dio_Ip.o
 .debug_info    0x000173db     0x101f ./src/src/Mcu.o
 .debug_info    0x000183fa      0xf0e ./src/src/Mcu_IPW.o
 .debug_info    0x00019308      0xd97 ./src/src/Mcu_PBcfg.o
 .debug_info    0x0001a09f      0x11f ./src/src/OsIf_Cfg.o
 .debug_info    0x0001a1be      0x29b ./src/src/OsIf_Timer.o
 .debug_info    0x0001a459      0x393 ./src/src/OsIf_Timer_System.o
 .debug_info    0x0001a7ec      0x8c8 ./src/src/Port.o
 .debug_info    0x0001b0b4      0x465 ./src/src/Port_Cfg.o
 .debug_info    0x0001b519      0x88c ./src/src/Port_Ci_Port_Ip.o
 .debug_info    0x0001bda5      0x418 ./src/src/Port_Ci_Port_Ip_PBcfg.o
 .debug_info    0x0001c1bd      0x99b ./src/src/Port_Ipw.o
 .debug_info    0x0001cb58      0x715 ./src/src/Port_PBcfg.o
 .debug_info    0x0001d26d      0x583 ./src/src/Power_Ip.o
 .debug_info    0x0001d7f0      0x188 ./src/src/Power_Ip_CortexM4.o
 .debug_info    0x0001d978      0x2a6 ./src/src/Power_Ip_PBcfg.o
 .debug_info    0x0001dc1e      0x356 ./src/src/Power_Ip_PMC.o
 .debug_info    0x0001df74      0x3df ./src/src/Power_Ip_Private.o
 .debug_info    0x0001e353      0x4ff ./src/src/Power_Ip_RCM.o
 .debug_info    0x0001e852      0x4fa ./src/src/Power_Ip_SCG.o
 .debug_info    0x0001ed4c      0x473 ./src/src/Power_Ip_SMC.o
 .debug_info    0x0001f1bf      0x1f0 ./src/src/SchM_Dio.o
 .debug_info    0x0001f3af      0x25e ./src/src/SchM_Mcu.o
 .debug_info    0x0001f60d      0xd1c ./src/src/SchM_Port.o

.debug_abbrev   0x00000000     0x3c48
 .debug_abbrev  0x00000000       0x45 ./Project_Settings/Startup_Code/exceptions.o
 .debug_abbrev  0x00000045       0xbd ./Project_Settings/Startup_Code/startup.o
 .debug_abbrev  0x00000102       0x14 ./Project_Settings/Startup_Code/startup_cm4.o
 .debug_abbrev  0x00000116      0x105 ./Project_Settings/Startup_Code/system.o
 .debug_abbrev  0x0000021b      0x162 ./src/main.o
 .debug_abbrev  0x0000037d      0x259 ./src/src/Clock_Ip.o
 .debug_abbrev  0x000005d6      0x179 ./src/src/Clock_Ip_Data.o
 .debug_abbrev  0x0000074f      0x1e1 ./src/src/Clock_Ip_Divider.o
 .debug_abbrev  0x00000930      0x17d ./src/src/Clock_Ip_DividerTrigger.o
 .debug_abbrev  0x00000aad      0x208 ./src/src/Clock_Ip_ExtOsc.o
 .debug_abbrev  0x00000cb5      0x197 ./src/src/Clock_Ip_FracDiv.o
 .debug_abbrev  0x00000e4c      0x1f0 ./src/src/Clock_Ip_Gate.o
 .debug_abbrev  0x0000103c      0x22f ./src/src/Clock_Ip_IntOsc.o
 .debug_abbrev  0x0000126b      0x1af ./src/src/Clock_Ip_Monitor.o
 .debug_abbrev  0x0000141a      0x154 ./src/src/Clock_Ip_PBcfg.o
 .debug_abbrev  0x0000156e      0x23c ./src/src/Clock_Ip_Pll.o
 .debug_abbrev  0x000017aa      0x17d ./src/src/Clock_Ip_ProgFreqSwitch.o
 .debug_abbrev  0x00001927      0x1e1 ./src/src/Clock_Ip_Selector.o
 .debug_abbrev  0x00001b08      0x240 ./src/src/Clock_Ip_Specific.o
 .debug_abbrev  0x00001d48       0xe3 ./src/src/Det.o
 .debug_abbrev  0x00001e2b      0x115 ./src/src/Dio.o
 .debug_abbrev  0x00001f40      0x170 ./src/src/Dio_Ipw.o
 .debug_abbrev  0x000020b0      0x161 ./src/src/Gpio_Dio_Ip.o
 .debug_abbrev  0x00002211      0x191 ./src/src/Mcu.o
 .debug_abbrev  0x000023a2      0x155 ./src/src/Mcu_IPW.o
 .debug_abbrev  0x000024f7      0x103 ./src/src/Mcu_PBcfg.o
 .debug_abbrev  0x000025fa       0x94 ./src/src/OsIf_Cfg.o
 .debug_abbrev  0x0000268e      0x159 ./src/src/OsIf_Timer.o
 .debug_abbrev  0x000027e7      0x182 ./src/src/OsIf_Timer_System.o
 .debug_abbrev  0x00002969      0x1a6 ./src/src/Port.o
 .debug_abbrev  0x00002b0f       0xd1 ./src/src/Port_Cfg.o
 .debug_abbrev  0x00002be0      0x1a0 ./src/src/Port_Ci_Port_Ip.o
 .debug_abbrev  0x00002d80       0xc0 ./src/src/Port_Ci_Port_Ip_PBcfg.o
 .debug_abbrev  0x00002e40      0x1a0 ./src/src/Port_Ipw.o
 .debug_abbrev  0x00002fe0      0x11c ./src/src/Port_PBcfg.o
 .debug_abbrev  0x000030fc      0x191 ./src/src/Power_Ip.o
 .debug_abbrev  0x0000328d       0xb6 ./src/src/Power_Ip_CortexM4.o
 .debug_abbrev  0x00003343       0xb5 ./src/src/Power_Ip_PBcfg.o
 .debug_abbrev  0x000033f8       0xf3 ./src/src/Power_Ip_PMC.o
 .debug_abbrev  0x000034eb      0x124 ./src/src/Power_Ip_Private.o
 .debug_abbrev  0x0000360f      0x18a ./src/src/Power_Ip_RCM.o
 .debug_abbrev  0x00003799      0x132 ./src/src/Power_Ip_SCG.o
 .debug_abbrev  0x000038cb      0x140 ./src/src/Power_Ip_SMC.o
 .debug_abbrev  0x00003a0b       0xbf ./src/src/SchM_Dio.o
 .debug_abbrev  0x00003aca       0xbf ./src/src/SchM_Mcu.o
 .debug_abbrev  0x00003b89       0xbf ./src/src/SchM_Port.o

.debug_aranges  0x00000000     0x1050
 .debug_aranges
                0x00000000       0x68 ./Project_Settings/Startup_Code/exceptions.o
 .debug_aranges
                0x00000068       0x20 ./Project_Settings/Startup_Code/startup.o
 .debug_aranges
                0x00000088       0x20 ./Project_Settings/Startup_Code/startup_cm4.o
 .debug_aranges
                0x000000a8       0x38 ./Project_Settings/Startup_Code/system.o
 .debug_aranges
                0x000000e0       0x28 ./src/main.o
 .debug_aranges
                0x00000108       0xa8 ./src/src/Clock_Ip.o
 .debug_aranges
                0x000001b0       0x18 ./src/src/Clock_Ip_Data.o
 .debug_aranges
                0x000001c8      0x100 ./src/src/Clock_Ip_Divider.o
 .debug_aranges
                0x000002c8       0x20 ./src/src/Clock_Ip_DividerTrigger.o
 .debug_aranges
                0x000002e8       0x70 ./src/src/Clock_Ip_ExtOsc.o
 .debug_aranges
                0x00000358       0x28 ./src/src/Clock_Ip_FracDiv.o
 .debug_aranges
                0x00000380       0xb8 ./src/src/Clock_Ip_Gate.o
 .debug_aranges
                0x00000438       0xf0 ./src/src/Clock_Ip_IntOsc.o
 .debug_aranges
                0x00000528       0x38 ./src/src/Clock_Ip_Monitor.o
 .debug_aranges
                0x00000560       0x18 ./src/src/Clock_Ip_PBcfg.o
 .debug_aranges
                0x00000578       0x78 ./src/src/Clock_Ip_Pll.o
 .debug_aranges
                0x000005f0       0x20 ./src/src/Clock_Ip_ProgFreqSwitch.o
 .debug_aranges
                0x00000610      0x150 ./src/src/Clock_Ip_Selector.o
 .debug_aranges
                0x00000760       0x88 ./src/src/Clock_Ip_Specific.o
 .debug_aranges
                0x000007e8       0x40 ./src/src/Det.o
 .debug_aranges
                0x00000828       0x50 ./src/src/Dio.o
 .debug_aranges
                0x00000878       0x50 ./src/src/Dio_Ipw.o
 .debug_aranges
                0x000008c8       0x58 ./src/src/Gpio_Dio_Ip.o
 .debug_aranges
                0x00000920       0x58 ./src/src/Mcu.o
 .debug_aranges
                0x00000978       0x48 ./src/src/Mcu_IPW.o
 .debug_aranges
                0x000009c0       0x18 ./src/src/Mcu_PBcfg.o
 .debug_aranges
                0x000009d8       0x18 ./src/src/OsIf_Cfg.o
 .debug_aranges
                0x000009f0       0x60 ./src/src/OsIf_Timer.o
 .debug_aranges
                0x00000a50       0x58 ./src/src/OsIf_Timer_System.o
 .debug_aranges
                0x00000aa8       0x40 ./src/src/Port.o
 .debug_aranges
                0x00000ae8       0x18 ./src/src/Port_Cfg.o
 .debug_aranges
                0x00000b00       0x90 ./src/src/Port_Ci_Port_Ip.o
 .debug_aranges
                0x00000b90       0x18 ./src/src/Port_Ci_Port_Ip_PBcfg.o
 .debug_aranges
                0x00000ba8       0x50 ./src/src/Port_Ipw.o
 .debug_aranges
                0x00000bf8       0x18 ./src/src/Port_PBcfg.o
 .debug_aranges
                0x00000c10       0x78 ./src/src/Power_Ip.o
 .debug_aranges
                0x00000c88       0x38 ./src/src/Power_Ip_CortexM4.o
 .debug_aranges
                0x00000cc0       0x18 ./src/src/Power_Ip_PBcfg.o
 .debug_aranges
                0x00000cd8       0x20 ./src/src/Power_Ip_PMC.o
 .debug_aranges
                0x00000cf8       0x38 ./src/src/Power_Ip_Private.o
 .debug_aranges
                0x00000d30       0x48 ./src/src/Power_Ip_RCM.o
 .debug_aranges
                0x00000d78       0x38 ./src/src/Power_Ip_SCG.o
 .debug_aranges
                0x00000db0       0x30 ./src/src/Power_Ip_SMC.o
 .debug_aranges
                0x00000de0       0x40 ./src/src/SchM_Dio.o
 .debug_aranges
                0x00000e20       0x50 ./src/src/SchM_Mcu.o
 .debug_aranges
                0x00000e70      0x1e0 ./src/src/SchM_Port.o

.debug_ranges   0x00000000      0xd20
 .debug_ranges  0x00000000       0x58 ./Project_Settings/Startup_Code/exceptions.o
 .debug_ranges  0x00000058       0x10 ./Project_Settings/Startup_Code/startup.o
 .debug_ranges  0x00000068       0x28 ./Project_Settings/Startup_Code/system.o
 .debug_ranges  0x00000090       0x18 ./src/main.o
 .debug_ranges  0x000000a8       0x98 ./src/src/Clock_Ip.o
 .debug_ranges  0x00000140       0xf0 ./src/src/Clock_Ip_Divider.o
 .debug_ranges  0x00000230       0x10 ./src/src/Clock_Ip_DividerTrigger.o
 .debug_ranges  0x00000240       0x60 ./src/src/Clock_Ip_ExtOsc.o
 .debug_ranges  0x000002a0       0x18 ./src/src/Clock_Ip_FracDiv.o
 .debug_ranges  0x000002b8       0xa8 ./src/src/Clock_Ip_Gate.o
 .debug_ranges  0x00000360       0xe0 ./src/src/Clock_Ip_IntOsc.o
 .debug_ranges  0x00000440       0x28 ./src/src/Clock_Ip_Monitor.o
 .debug_ranges  0x00000468       0x68 ./src/src/Clock_Ip_Pll.o
 .debug_ranges  0x000004d0       0x10 ./src/src/Clock_Ip_ProgFreqSwitch.o
 .debug_ranges  0x000004e0      0x140 ./src/src/Clock_Ip_Selector.o
 .debug_ranges  0x00000620       0x78 ./src/src/Clock_Ip_Specific.o
 .debug_ranges  0x00000698       0x30 ./src/src/Det.o
 .debug_ranges  0x000006c8       0x40 ./src/src/Dio.o
 .debug_ranges  0x00000708       0x40 ./src/src/Dio_Ipw.o
 .debug_ranges  0x00000748       0x48 ./src/src/Gpio_Dio_Ip.o
 .debug_ranges  0x00000790       0x48 ./src/src/Mcu.o
 .debug_ranges  0x000007d8       0x38 ./src/src/Mcu_IPW.o
 .debug_ranges  0x00000810       0x50 ./src/src/OsIf_Timer.o
 .debug_ranges  0x00000860       0x48 ./src/src/OsIf_Timer_System.o
 .debug_ranges  0x000008a8       0x30 ./src/src/Port.o
 .debug_ranges  0x000008d8       0x80 ./src/src/Port_Ci_Port_Ip.o
 .debug_ranges  0x00000958       0x40 ./src/src/Port_Ipw.o
 .debug_ranges  0x00000998       0x68 ./src/src/Power_Ip.o
 .debug_ranges  0x00000a00       0x28 ./src/src/Power_Ip_CortexM4.o
 .debug_ranges  0x00000a28       0x10 ./src/src/Power_Ip_PMC.o
 .debug_ranges  0x00000a38       0x28 ./src/src/Power_Ip_Private.o
 .debug_ranges  0x00000a60       0x38 ./src/src/Power_Ip_RCM.o
 .debug_ranges  0x00000a98       0x28 ./src/src/Power_Ip_SCG.o
 .debug_ranges  0x00000ac0       0x20 ./src/src/Power_Ip_SMC.o
 .debug_ranges  0x00000ae0       0x30 ./src/src/SchM_Dio.o
 .debug_ranges  0x00000b10       0x40 ./src/src/SchM_Mcu.o
 .debug_ranges  0x00000b50      0x1d0 ./src/src/SchM_Port.o

.debug_macro    0x00000000     0xf5e3
 .debug_macro   0x00000000      0x137 ./Project_Settings/Startup_Code/exceptions.o
 .debug_macro   0x00000137      0x8da ./Project_Settings/Startup_Code/exceptions.o
 .debug_macro   0x00000a11       0x22 ./Project_Settings/Startup_Code/exceptions.o
 .debug_macro   0x00000a33       0x8e ./Project_Settings/Startup_Code/exceptions.o
 .debug_macro   0x00000ac1       0x51 ./Project_Settings/Startup_Code/exceptions.o
 .debug_macro   0x00000b12       0xef ./Project_Settings/Startup_Code/exceptions.o
 .debug_macro   0x00000c01       0x6a ./Project_Settings/Startup_Code/exceptions.o
 .debug_macro   0x00000c6b      0x1df ./Project_Settings/Startup_Code/exceptions.o
 .debug_macro   0x00000e4a       0x22 ./Project_Settings/Startup_Code/exceptions.o
 .debug_macro   0x00000e6c      0x174 ./Project_Settings/Startup_Code/exceptions.o
 .debug_macro   0x00000fe0       0x84 ./Project_Settings/Startup_Code/exceptions.o
 .debug_macro   0x00001064      0x98e ./Project_Settings/Startup_Code/exceptions.o
 .debug_macro   0x000019f2       0x3b ./Project_Settings/Startup_Code/exceptions.o
 .debug_macro   0x00001a2d       0xa2 ./Project_Settings/Startup_Code/exceptions.o
 .debug_macro   0x00001acf       0x69 ./Project_Settings/Startup_Code/exceptions.o
 .debug_macro   0x00001b38       0x88 ./Project_Settings/Startup_Code/exceptions.o
 .debug_macro   0x00001bc0       0xdf ./Project_Settings/Startup_Code/exceptions.o
 .debug_macro   0x00001c9f      0x12b ./Project_Settings/Startup_Code/exceptions.o
 .debug_macro   0x00001dca       0x16 ./Project_Settings/Startup_Code/exceptions.o
 .debug_macro   0x00001de0       0x67 ./Project_Settings/Startup_Code/exceptions.o
 .debug_macro   0x00001e47      0x130 ./Project_Settings/Startup_Code/exceptions.o
 .debug_macro   0x00001f77       0x88 ./Project_Settings/Startup_Code/exceptions.o
 .debug_macro   0x00001fff       0x58 ./Project_Settings/Startup_Code/exceptions.o
 .debug_macro   0x00002057       0x7a ./Project_Settings/Startup_Code/exceptions.o
 .debug_macro   0x000020d1       0xc8 ./Project_Settings/Startup_Code/startup.o
 .debug_macro   0x00002199      0x2d3 ./Project_Settings/Startup_Code/system.o
 .debug_macro   0x0000246c      0x4fc ./src/main.o
 .debug_macro   0x00002968      0x34d ./src/main.o
 .debug_macro   0x00002cb5       0x8a ./src/main.o
 .debug_macro   0x00002d3f       0x34 ./src/main.o
 .debug_macro   0x00002d73       0x50 ./src/main.o
 .debug_macro   0x00002dc3       0x50 ./src/main.o
 .debug_macro   0x00002e13       0x46 ./src/main.o
 .debug_macro   0x00002e59       0x9b ./src/main.o
 .debug_macro   0x00002ef4       0xac ./src/main.o
 .debug_macro   0x00002fa0      0x123 ./src/main.o
 .debug_macro   0x000030c3       0x95 ./src/main.o
 .debug_macro   0x00003158       0x35 ./src/main.o
 .debug_macro   0x0000318d       0x34 ./src/main.o
 .debug_macro   0x000031c1       0xab ./src/main.o
 .debug_macro   0x0000326c       0x40 ./src/main.o
 .debug_macro   0x000032ac       0x2e ./src/main.o
 .debug_macro   0x000032da       0x34 ./src/main.o
 .debug_macro   0x0000330e       0x34 ./src/main.o
 .debug_macro   0x00003342       0x34 ./src/main.o
 .debug_macro   0x00003376      0x23b ./src/main.o
 .debug_macro   0x000035b1       0x50 ./src/main.o
 .debug_macro   0x00003601       0x50 ./src/main.o
 .debug_macro   0x00003651       0x46 ./src/main.o
 .debug_macro   0x00003697       0x34 ./src/main.o
 .debug_macro   0x000036cb       0x3b ./src/main.o
 .debug_macro   0x00003706       0x50 ./src/main.o
 .debug_macro   0x00003756       0x50 ./src/main.o
 .debug_macro   0x000037a6       0x3a ./src/main.o
 .debug_macro   0x000037e0       0x50 ./src/main.o
 .debug_macro   0x00003830       0x10 ./src/main.o
 .debug_macro   0x00003840       0x50 ./src/main.o
 .debug_macro   0x00003890       0x46 ./src/main.o
 .debug_macro   0x000038d6       0x3a ./src/main.o
 .debug_macro   0x00003910      0xda9 ./src/main.o
 .debug_macro   0x000046b9       0x50 ./src/main.o
 .debug_macro   0x00004709       0x50 ./src/main.o
 .debug_macro   0x00004759       0x3a ./src/main.o
 .debug_macro   0x00004793       0x3a ./src/main.o
 .debug_macro   0x000047cd       0x34 ./src/main.o
 .debug_macro   0x00004801       0x35 ./src/main.o
 .debug_macro   0x00004836       0x50 ./src/main.o
 .debug_macro   0x00004886       0x50 ./src/main.o
 .debug_macro   0x000048d6       0x12 ./src/main.o
 .debug_macro   0x000048e8       0x50 ./src/main.o
 .debug_macro   0x00004938       0x50 ./src/main.o
 .debug_macro   0x00004988       0x59 ./src/main.o
 .debug_macro   0x000049e1       0xb2 ./src/main.o
 .debug_macro   0x00004a93       0xa4 ./src/main.o
 .debug_macro   0x00004b37       0x50 ./src/main.o
 .debug_macro   0x00004b87       0x50 ./src/main.o
 .debug_macro   0x00004bd7       0xa8 ./src/main.o
 .debug_macro   0x00004c7f       0x50 ./src/main.o
 .debug_macro   0x00004ccf       0x50 ./src/main.o
 .debug_macro   0x00004d1f      0x3dd ./src/src/Clock_Ip.o
 .debug_macro   0x000050fc       0x3a ./src/src/Clock_Ip.o
 .debug_macro   0x00005136       0x34 ./src/src/Clock_Ip.o
 .debug_macro   0x0000516a      0x75c ./src/src/Clock_Ip.o
 .debug_macro   0x000058c6      0x1a1 ./src/src/Clock_Ip.o
 .debug_macro   0x00005a67       0x50 ./src/src/Clock_Ip.o
 .debug_macro   0x00005ab7       0x50 ./src/src/Clock_Ip.o
 .debug_macro   0x00005b07       0x50 ./src/src/Clock_Ip.o
 .debug_macro   0x00005b57       0x50 ./src/src/Clock_Ip.o
 .debug_macro   0x00005ba7       0x90 ./src/src/Clock_Ip.o
 .debug_macro   0x00005c37       0x50 ./src/src/Clock_Ip.o
 .debug_macro   0x00005c87       0x50 ./src/src/Clock_Ip.o
 .debug_macro   0x00005cd7       0x50 ./src/src/Clock_Ip.o
 .debug_macro   0x00005d27       0x50 ./src/src/Clock_Ip.o
 .debug_macro   0x00005d77       0x3b ./src/src/Clock_Ip.o
 .debug_macro   0x00005db2       0x50 ./src/src/Clock_Ip.o
 .debug_macro   0x00005e02       0x50 ./src/src/Clock_Ip.o
 .debug_macro   0x00005e52       0x50 ./src/src/Clock_Ip.o
 .debug_macro   0x00005ea2       0x50 ./src/src/Clock_Ip.o
 .debug_macro   0x00005ef2       0x50 ./src/src/Clock_Ip.o
 .debug_macro   0x00005f42       0x50 ./src/src/Clock_Ip.o
 .debug_macro   0x00005f92      0x5ca ./src/src/Clock_Ip_Data.o
 .debug_macro   0x0000655c      0x376 ./src/src/Clock_Ip_Divider.o
 .debug_macro   0x000068d2      0x36e ./src/src/Clock_Ip_DividerTrigger.o
 .debug_macro   0x00006c40      0x372 ./src/src/Clock_Ip_ExtOsc.o
 .debug_macro   0x00006fb2      0x36e ./src/src/Clock_Ip_FracDiv.o
 .debug_macro   0x00007320      0x380 ./src/src/Clock_Ip_Gate.o
 .debug_macro   0x000076a0      0x380 ./src/src/Clock_Ip_IntOsc.o
 .debug_macro   0x00007a20      0x399 ./src/src/Clock_Ip_Monitor.o
 .debug_macro   0x00007db9       0x34 ./src/src/Clock_Ip_Monitor.o
 .debug_macro   0x00007ded       0x50 ./src/src/Clock_Ip_Monitor.o
 .debug_macro   0x00007e3d       0x10 ./src/src/Clock_Ip_Monitor.o
 .debug_macro   0x00007e4d       0x50 ./src/src/Clock_Ip_Monitor.o
 .debug_macro   0x00007e9d      0x346 ./src/src/Clock_Ip_PBcfg.o
 .debug_macro   0x000081e3      0x372 ./src/src/Clock_Ip_Pll.o
 .debug_macro   0x00008555      0x396 ./src/src/Clock_Ip_ProgFreqSwitch.o
 .debug_macro   0x000088eb      0x392 ./src/src/Clock_Ip_Selector.o
 .debug_macro   0x00008c7d      0x3f3 ./src/src/Clock_Ip_Specific.o
 .debug_macro   0x00009070      0x25a ./src/src/Det.o
 .debug_macro   0x000092ca       0x40 ./src/src/Det.o
 .debug_macro   0x0000930a       0x50 ./src/src/Det.o
 .debug_macro   0x0000935a       0x50 ./src/src/Det.o
 .debug_macro   0x000093aa       0x50 ./src/src/Det.o
 .debug_macro   0x000093fa       0x50 ./src/src/Det.o
 .debug_macro   0x0000944a       0x50 ./src/src/Det.o
 .debug_macro   0x0000949a       0x50 ./src/src/Det.o
 .debug_macro   0x000094ea      0x284 ./src/src/Dio.o
 .debug_macro   0x0000976e       0x34 ./src/src/Dio.o
 .debug_macro   0x000097a2       0x4d ./src/src/Dio.o
 .debug_macro   0x000097ef       0x50 ./src/src/Dio.o
 .debug_macro   0x0000983f       0x50 ./src/src/Dio.o
 .debug_macro   0x0000988f       0x41 ./src/src/Dio.o
 .debug_macro   0x000098d0       0x50 ./src/src/Dio.o
 .debug_macro   0x00009920       0x50 ./src/src/Dio.o
 .debug_macro   0x00009970      0x1e4 ./src/src/Dio_Ipw.o
 .debug_macro   0x00009b54       0x9e ./src/src/Dio_Ipw.o
 .debug_macro   0x00009bf2      0x118 ./src/src/Dio_Ipw.o
 .debug_macro   0x00009d0a      0x1ce ./src/src/Gpio_Dio_Ip.o
 .debug_macro   0x00009ed8       0x34 ./src/src/Gpio_Dio_Ip.o
 .debug_macro   0x00009f0c       0x10 ./src/src/Gpio_Dio_Ip.o
 .debug_macro   0x00009f1c      0x457 ./src/src/Mcu.o
 .debug_macro   0x0000a373       0x49 ./src/src/Mcu.o
 .debug_macro   0x0000a3bc       0x50 ./src/src/Mcu.o
 .debug_macro   0x0000a40c       0x50 ./src/src/Mcu.o
 .debug_macro   0x0000a45c      0x41b ./src/src/Mcu_IPW.o
 .debug_macro   0x0000a877       0x2e ./src/src/Mcu_IPW.o
 .debug_macro   0x0000a8a5       0x43 ./src/src/Mcu_IPW.o
 .debug_macro   0x0000a8e8       0x3a ./src/src/Mcu_IPW.o
 .debug_macro   0x0000a922       0x3b ./src/src/Mcu_IPW.o
 .debug_macro   0x0000a95d       0x42 ./src/src/Mcu_IPW.o
 .debug_macro   0x0000a99f       0x41 ./src/src/Mcu_IPW.o
 .debug_macro   0x0000a9e0      0x384 ./src/src/Mcu_PBcfg.o
 .debug_macro   0x0000ad64      0x175 ./src/src/OsIf_Cfg.o
 .debug_macro   0x0000aed9       0x71 ./src/src/OsIf_Cfg.o
 .debug_macro   0x0000af4a       0x50 ./src/src/OsIf_Cfg.o
 .debug_macro   0x0000af9a       0x50 ./src/src/OsIf_Cfg.o
 .debug_macro   0x0000afea      0x203 ./src/src/OsIf_Timer.o
 .debug_macro   0x0000b1ed       0x35 ./src/src/OsIf_Timer.o
 .debug_macro   0x0000b222       0x77 ./src/src/OsIf_Timer.o
 .debug_macro   0x0000b299       0x3a ./src/src/OsIf_Timer.o
 .debug_macro   0x0000b2d3      0x2ac ./src/src/OsIf_Timer_System.o
 .debug_macro   0x0000b57f       0x34 ./src/src/OsIf_Timer_System.o
 .debug_macro   0x0000b5b3       0x52 ./src/src/OsIf_Timer_System.o
 .debug_macro   0x0000b605       0x50 ./src/src/OsIf_Timer_System.o
 .debug_macro   0x0000b655       0x50 ./src/src/OsIf_Timer_System.o
 .debug_macro   0x0000b6a5       0x50 ./src/src/OsIf_Timer_System.o
 .debug_macro   0x0000b6f5       0x50 ./src/src/OsIf_Timer_System.o
 .debug_macro   0x0000b745       0x50 ./src/src/OsIf_Timer_System.o
 .debug_macro   0x0000b795       0x50 ./src/src/OsIf_Timer_System.o
 .debug_macro   0x0000b7e5      0x3b1 ./src/src/Port.o
 .debug_macro   0x0000bb96       0x50 ./src/src/Port.o
 .debug_macro   0x0000bbe6       0x50 ./src/src/Port.o
 .debug_macro   0x0000bc36      0x2f1 ./src/src/Port_Cfg.o
 .debug_macro   0x0000bf27      0x275 ./src/src/Port_Ci_Port_Ip.o
 .debug_macro   0x0000c19c      0x1fe ./src/src/Port_Ci_Port_Ip.o
 .debug_macro   0x0000c39a       0x3a ./src/src/Port_Ci_Port_Ip.o
 .debug_macro   0x0000c3d4      0x1d8 ./src/src/Port_Ci_Port_Ip_PBcfg.o
 .debug_macro   0x0000c5ac      0x33c ./src/src/Port_Ipw.o
 .debug_macro   0x0000c8e8       0x50 ./src/src/Port_Ipw.o
 .debug_macro   0x0000c938       0x50 ./src/src/Port_Ipw.o
 .debug_macro   0x0000c988      0x359 ./src/src/Port_PBcfg.o
 .debug_macro   0x0000cce1       0x50 ./src/src/Port_PBcfg.o
 .debug_macro   0x0000cd31       0x50 ./src/src/Port_PBcfg.o
 .debug_macro   0x0000cd81       0x50 ./src/src/Port_PBcfg.o
 .debug_macro   0x0000cdd1       0x50 ./src/src/Port_PBcfg.o
 .debug_macro   0x0000ce21       0x50 ./src/src/Port_PBcfg.o
 .debug_macro   0x0000ce71       0x50 ./src/src/Port_PBcfg.o
 .debug_macro   0x0000cec1      0x419 ./src/src/Power_Ip.o
 .debug_macro   0x0000d2da       0x3a ./src/src/Power_Ip.o
 .debug_macro   0x0000d314       0x35 ./src/src/Power_Ip.o
 .debug_macro   0x0000d349       0x42 ./src/src/Power_Ip.o
 .debug_macro   0x0000d38b       0x3b ./src/src/Power_Ip.o
 .debug_macro   0x0000d3c6       0x2e ./src/src/Power_Ip.o
 .debug_macro   0x0000d3f4       0x3c ./src/src/Power_Ip.o
 .debug_macro   0x0000d430       0x27 ./src/src/Power_Ip.o
 .debug_macro   0x0000d457       0x3b ./src/src/Power_Ip.o
 .debug_macro   0x0000d492       0x19 ./src/src/Power_Ip.o
 .debug_macro   0x0000d4ab       0x35 ./src/src/Power_Ip.o
 .debug_macro   0x0000d4e0       0x3b ./src/src/Power_Ip.o
 .debug_macro   0x0000d51b       0x6b ./src/src/Power_Ip.o
 .debug_macro   0x0000d586       0x27 ./src/src/Power_Ip.o
 .debug_macro   0x0000d5ad       0x35 ./src/src/Power_Ip.o
 .debug_macro   0x0000d5e2      0x229 ./src/src/Power_Ip_CortexM4.o
 .debug_macro   0x0000d80b       0x65 ./src/src/Power_Ip_CortexM4.o
 .debug_macro   0x0000d870       0x19 ./src/src/Power_Ip_CortexM4.o
 .debug_macro   0x0000d889      0x24d ./src/src/Power_Ip_PBcfg.o
 .debug_macro   0x0000dad6      0x2a7 ./src/src/Power_Ip_PMC.o
 .debug_macro   0x0000dd7d      0x2a3 ./src/src/Power_Ip_Private.o
 .debug_macro   0x0000e020      0x2cd ./src/src/Power_Ip_RCM.o
 .debug_macro   0x0000e2ed      0x60a ./src/src/Power_Ip_RCM.o
 .debug_macro   0x0000e8f7       0x35 ./src/src/Power_Ip_RCM.o
 .debug_macro   0x0000e92c       0x50 ./src/src/Power_Ip_RCM.o
 .debug_macro   0x0000e97c       0x50 ./src/src/Power_Ip_RCM.o
 .debug_macro   0x0000e9cc      0x2d4 ./src/src/Power_Ip_SCG.o
 .debug_macro   0x0000eca0      0x2cf ./src/src/Power_Ip_SMC.o
 .debug_macro   0x0000ef6f       0x35 ./src/src/Power_Ip_SMC.o
 .debug_macro   0x0000efa4      0x213 ./src/src/SchM_Dio.o
 .debug_macro   0x0000f1b7      0x214 ./src/src/SchM_Mcu.o
 .debug_macro   0x0000f3cb      0x218 ./src/src/SchM_Port.o

.debug_line     0x00000000     0xdbea
 .debug_line    0x00000000      0x467 ./Project_Settings/Startup_Code/exceptions.o
 .debug_line    0x00000467      0x34e ./Project_Settings/Startup_Code/startup.o
 .debug_line    0x000007b5       0xb6 ./Project_Settings/Startup_Code/startup_cm4.o
 .debug_line    0x0000086b      0x69b ./Project_Settings/Startup_Code/system.o
 .debug_line    0x00000f06      0x6a2 ./src/main.o
 .debug_line    0x000015a8      0x757 ./src/src/Clock_Ip.o
 .debug_line    0x00001cff      0x465 ./src/src/Clock_Ip_Data.o
 .debug_line    0x00002164      0x508 ./src/src/Clock_Ip_Divider.o
 .debug_line    0x0000266c      0x480 ./src/src/Clock_Ip_DividerTrigger.o
 .debug_line    0x00002aec      0x4d9 ./src/src/Clock_Ip_ExtOsc.o
 .debug_line    0x00002fc5      0x47c ./src/src/Clock_Ip_FracDiv.o
 .debug_line    0x00003441      0x4e0 ./src/src/Clock_Ip_Gate.o
 .debug_line    0x00003921      0x5ad ./src/src/Clock_Ip_IntOsc.o
 .debug_line    0x00003ece      0x49e ./src/src/Clock_Ip_Monitor.o
 .debug_line    0x0000436c      0x466 ./src/src/Clock_Ip_PBcfg.o
 .debug_line    0x000047d2      0x4cc ./src/src/Clock_Ip_Pll.o
 .debug_line    0x00004c9e      0x480 ./src/src/Clock_Ip_ProgFreqSwitch.o
 .debug_line    0x0000511e      0x543 ./src/src/Clock_Ip_Selector.o
 .debug_line    0x00005661      0x671 ./src/src/Clock_Ip_Specific.o
 .debug_line    0x00005cd2      0x3ee ./src/src/Det.o
 .debug_line    0x000060c0      0x425 ./src/src/Dio.o
 .debug_line    0x000064e5      0x3bc ./src/src/Dio_Ipw.o
 .debug_line    0x000068a1      0x3b6 ./src/src/Gpio_Dio_Ip.o
 .debug_line    0x00006c57      0x5e6 ./src/src/Mcu.o
 .debug_line    0x0000723d      0x5ac ./src/src/Mcu_IPW.o
 .debug_line    0x000077e9      0x545 ./src/src/Mcu_PBcfg.o
 .debug_line    0x00007d2e      0x358 ./src/src/OsIf_Cfg.o
 .debug_line    0x00008086      0x40f ./src/src/OsIf_Timer.o
 .debug_line    0x00008495      0x44b ./src/src/OsIf_Timer_System.o
 .debug_line    0x000088e0      0x525 ./src/src/Port.o
 .debug_line    0x00008e05      0x478 ./src/src/Port_Cfg.o
 .debug_line    0x0000927d      0x546 ./src/src/Port_Ci_Port_Ip.o
 .debug_line    0x000097c3      0x3df ./src/src/Port_Ci_Port_Ip_PBcfg.o
 .debug_line    0x00009ba2      0x59f ./src/src/Port_Ipw.o
 .debug_line    0x0000a141      0x47a ./src/src/Port_PBcfg.o
 .debug_line    0x0000a5bb      0x5e9 ./src/src/Power_Ip.o
 .debug_line    0x0000aba4      0x483 ./src/src/Power_Ip_CortexM4.o
 .debug_line    0x0000b027      0x470 ./src/src/Power_Ip_PBcfg.o
 .debug_line    0x0000b497      0x4b3 ./src/src/Power_Ip_PMC.o
 .debug_line    0x0000b94a      0x4c4 ./src/src/Power_Ip_Private.o
 .debug_line    0x0000be0e      0x4db ./src/src/Power_Ip_RCM.o
 .debug_line    0x0000c2e9      0x4ff ./src/src/Power_Ip_SCG.o
 .debug_line    0x0000c7e8      0x590 ./src/src/Power_Ip_SMC.o
 .debug_line    0x0000cd78      0x413 ./src/src/SchM_Dio.o
 .debug_line    0x0000d18b      0x428 ./src/src/SchM_Mcu.o
 .debug_line    0x0000d5b3      0x637 ./src/src/SchM_Port.o

.debug_str      0x00000000    0x83df1
 .debug_str     0x00000000     0x7673 ./Project_Settings/Startup_Code/exceptions.o
                               0x784a (size before relaxing)
 .debug_str     0x00007673      0x112 ./Project_Settings/Startup_Code/startup.o
                               0x57b9 (size before relaxing)
 .debug_str     0x00007785       0x3b ./Project_Settings/Startup_Code/startup_cm4.o
                                 0x62 (size before relaxing)
 .debug_str     0x000077c0    0x6384d ./Project_Settings/Startup_Code/system.o
                              0x6b011 (size before relaxing)
 .debug_str     0x0006b00d     0xbdb2 ./src/main.o
                              0x18b51 (size before relaxing)
 .debug_str     0x00076dbf     0x1b03 ./src/src/Clock_Ip.o
                              0x1342a (size before relaxing)
 .debug_str     0x000788c2      0x6c9 ./src/src/Clock_Ip_Data.o
                              0x130a0 (size before relaxing)
 .debug_str     0x00078f8b      0x495 ./src/src/Clock_Ip_Divider.o
                              0x12ed6 (size before relaxing)
 .debug_str     0x00079420      0x192 ./src/src/Clock_Ip_DividerTrigger.o
                              0x12b0d (size before relaxing)
 .debug_str     0x000795b2      0x21d ./src/src/Clock_Ip_ExtOsc.o
                              0x12daa (size before relaxing)
 .debug_str     0x000797cf      0x179 ./src/src/Clock_Ip_FracDiv.o
                              0x12af4 (size before relaxing)
 .debug_str     0x00079948      0x387 ./src/src/Clock_Ip_Gate.o
                              0x12de3 (size before relaxing)
 .debug_str     0x00079ccf      0x39b ./src/src/Clock_Ip_IntOsc.o
                              0x12f48 (size before relaxing)
 .debug_str     0x0007a06a      0x3d1 ./src/src/Clock_Ip_Monitor.o
                              0x12d73 (size before relaxing)
 .debug_str     0x0007a43b      0x12d ./src/src/Clock_Ip_PBcfg.o
                              0x12aa1 (size before relaxing)
 .debug_str     0x0007a568      0x204 ./src/src/Clock_Ip_Pll.o
                              0x12db1 (size before relaxing)
 .debug_str     0x0007a76c      0x19a ./src/src/Clock_Ip_ProgFreqSwitch.o
                              0x12b15 (size before relaxing)
 .debug_str     0x0007a906      0x5d0 ./src/src/Clock_Ip_Selector.o
                              0x130ba (size before relaxing)
 .debug_str     0x0007aed6      0x588 ./src/src/Clock_Ip_Specific.o
                              0x133dc (size before relaxing)
 .debug_str     0x0007b45e      0x5b2 ./src/src/Det.o
                               0x8107 (size before relaxing)
 .debug_str     0x0007ba10      0x7ac ./src/src/Dio.o
                               0x9060 (size before relaxing)
 .debug_str     0x0007c1bc      0x1fa ./src/src/Dio_Ipw.o
                               0x6e7c (size before relaxing)
 .debug_str     0x0007c3b6      0x2de ./src/src/Gpio_Dio_Ip.o
                               0x6ae5 (size before relaxing)
 .debug_str     0x0007c694      0x51d ./src/src/Mcu.o
                              0x1157f (size before relaxing)
 .debug_str     0x0007cbb1      0x370 ./src/src/Mcu_IPW.o
                              0x11387 (size before relaxing)
 .debug_str     0x0007cf21      0x105 ./src/src/Mcu_PBcfg.o
                              0x10d2d (size before relaxing)
 .debug_str     0x0007d026      0x438 ./src/src/OsIf_Cfg.o
                               0x6ade (size before relaxing)
 .debug_str     0x0007d45e      0x340 ./src/src/OsIf_Timer.o
                               0x7660 (size before relaxing)
 .debug_str     0x0007d79e      0x993 ./src/src/OsIf_Timer_System.o
                               0x8018 (size before relaxing)
 .debug_str     0x0007e131      0x3cc ./src/src/Port.o
                               0xf903 (size before relaxing)
 .debug_str     0x0007e4fd       0xfd ./src/src/Port_Cfg.o
                               0xef77 (size before relaxing)
 .debug_str     0x0007e5fa     0x1864 ./src/src/Port_Ci_Port_Ip.o
                               0xaff4 (size before relaxing)
 .debug_str     0x0007fe5e      0x165 ./src/src/Port_Ci_Port_Ip_PBcfg.o
                               0x821e (size before relaxing)
 .debug_str     0x0007ffc3      0x34f ./src/src/Port_Ipw.o
                               0xf65e (size before relaxing)
 .debug_str     0x00080312      0x31a ./src/src/Port_PBcfg.o
                               0xf42c (size before relaxing)
 .debug_str     0x0008062c     0x1493 ./src/src/Power_Ip.o
                              0x15e9e (size before relaxing)
 .debug_str     0x00081abf      0x1e0 ./src/src/Power_Ip_CortexM4.o
                               0xd0ac (size before relaxing)
 .debug_str     0x00081c9f      0x16f ./src/src/Power_Ip_PBcfg.o
                               0xd681 (size before relaxing)
 .debug_str     0x00081e0e      0x15f ./src/src/Power_Ip_PMC.o
                               0xdaf3 (size before relaxing)
 .debug_str     0x00081f6d      0x1a0 ./src/src/Power_Ip_Private.o
                               0xdc9a (size before relaxing)
 .debug_str     0x0008210d      0x310 ./src/src/Power_Ip_RCM.o