Archive member included to satisfy reference by file (symbol)

C:/ST/STM32CubeIDE_1.17.0/STM32CubeIDE/plugins/com.st.stm32cube.ide.mcu.externaltools.gnu-tools-for-stm32.12.3.rel1.win32_1.1.0.202410251130/tools/bin/../lib/gcc/arm-none-eabi/12.3.1/../../../../arm-none-eabi/lib/thumb/v7-m/nofp\libc_nano.a(libc_a-exit.o)
                              C:/ST/STM32CubeIDE_1.17.0/STM32CubeIDE/plugins/com.st.stm32cube.ide.mcu.externaltools.gnu-tools-for-stm32.12.3.rel1.win32_1.1.0.202410251130/tools/bin/../lib/gcc/arm-none-eabi/12.3.1/../../../../arm-none-eabi/lib/thumb/v7-m/nofp/crt0.o (exit)
C:/ST/STM32CubeIDE_1.17.0/STM32CubeIDE/plugins/com.st.stm32cube.ide.mcu.externaltools.gnu-tools-for-stm32.12.3.rel1.win32_1.1.0.202410251130/tools/bin/../lib/gcc/arm-none-eabi/12.3.1/../../../../arm-none-eabi/lib/thumb/v7-m/nofp\libc_nano.a(libc_a-findfp.o)
                              C:/ST/STM32CubeIDE_1.17.0/STM32CubeIDE/plugins/com.st.stm32cube.ide.mcu.externaltools.gnu-tools-for-stm32.12.3.rel1.win32_1.1.0.202410251130/tools/bin/../lib/gcc/arm-none-eabi/12.3.1/../../../../arm-none-eabi/lib/thumb/v7-m/nofp\libc_nano.a(libc_a-exit.o) (__stdio_exit_handler)
C:/ST/STM32CubeIDE_1.17.0/STM32CubeIDE/plugins/com.st.stm32cube.ide.mcu.externaltools.gnu-tools-for-stm32.12.3.rel1.win32_1.1.0.202410251130/tools/bin/../lib/gcc/arm-none-eabi/12.3.1/../../../../arm-none-eabi/lib/thumb/v7-m/nofp\libc_nano.a(libc_a-fwalk.o)
                              C:/ST/STM32CubeIDE_1.17.0/STM32CubeIDE/plugins/com.st.stm32cube.ide.mcu.externaltools.gnu-tools-for-stm32.12.3.rel1.win32_1.1.0.202410251130/tools/bin/../lib/gcc/arm-none-eabi/12.3.1/../../../../arm-none-eabi/lib/thumb/v7-m/nofp\libc_nano.a(libc_a-findfp.o) (_fwalk_sglue)
C:/ST/STM32CubeIDE_1.17.0/STM32CubeIDE/plugins/com.st.stm32cube.ide.mcu.externaltools.gnu-tools-for-stm32.12.3.rel1.win32_1.1.0.202410251130/tools/bin/../lib/gcc/arm-none-eabi/12.3.1/../../../../arm-none-eabi/lib/thumb/v7-m/nofp\libc_nano.a(libc_a-stdio.o)
                              C:/ST/STM32CubeIDE_1.17.0/STM32CubeIDE/plugins/com.st.stm32cube.ide.mcu.externaltools.gnu-tools-for-stm32.12.3.rel1.win32_1.1.0.202410251130/tools/bin/../lib/gcc/arm-none-eabi/12.3.1/../../../../arm-none-eabi/lib/thumb/v7-m/nofp\libc_nano.a(libc_a-findfp.o) (__sread)
C:/ST/STM32CubeIDE_1.17.0/STM32CubeIDE/plugins/com.st.stm32cube.ide.mcu.externaltools.gnu-tools-for-stm32.12.3.rel1.win32_1.1.0.202410251130/tools/bin/../lib/gcc/arm-none-eabi/12.3.1/../../../../arm-none-eabi/lib/thumb/v7-m/nofp\libc_nano.a(libc_a-memset.o)
                              C:/ST/STM32CubeIDE_1.17.0/STM32CubeIDE/plugins/com.st.stm32cube.ide.mcu.externaltools.gnu-tools-for-stm32.12.3.rel1.win32_1.1.0.202410251130/tools/bin/../lib/gcc/arm-none-eabi/12.3.1/../../../../arm-none-eabi/lib/thumb/v7-m/nofp/crt0.o (memset)
C:/ST/STM32CubeIDE_1.17.0/STM32CubeIDE/plugins/com.st.stm32cube.ide.mcu.externaltools.gnu-tools-for-stm32.12.3.rel1.win32_1.1.0.202410251130/tools/bin/../lib/gcc/arm-none-eabi/12.3.1/../../../../arm-none-eabi/lib/thumb/v7-m/nofp\libc_nano.a(libc_a-closer.o)
                              C:/ST/STM32CubeIDE_1.17.0/STM32CubeIDE/plugins/com.st.stm32cube.ide.mcu.externaltools.gnu-tools-for-stm32.12.3.rel1.win32_1.1.0.202410251130/tools/bin/../lib/gcc/arm-none-eabi/12.3.1/../../../../arm-none-eabi/lib/thumb/v7-m/nofp\libc_nano.a(libc_a-stdio.o) (_close_r)
C:/ST/STM32CubeIDE_1.17.0/STM32CubeIDE/plugins/com.st.stm32cube.ide.mcu.externaltools.gnu-tools-for-stm32.12.3.rel1.win32_1.1.0.202410251130/tools/bin/../lib/gcc/arm-none-eabi/12.3.1/../../../../arm-none-eabi/lib/thumb/v7-m/nofp\libc_nano.a(libc_a-reent.o)
                              C:/ST/STM32CubeIDE_1.17.0/STM32CubeIDE/plugins/com.st.stm32cube.ide.mcu.externaltools.gnu-tools-for-stm32.12.3.rel1.win32_1.1.0.202410251130/tools/bin/../lib/gcc/arm-none-eabi/12.3.1/../../../../arm-none-eabi/lib/thumb/v7-m/nofp\libc_nano.a(libc_a-closer.o) (errno)
C:/ST/STM32CubeIDE_1.17.0/STM32CubeIDE/plugins/com.st.stm32cube.ide.mcu.externaltools.gnu-tools-for-stm32.12.3.rel1.win32_1.1.0.202410251130/tools/bin/../lib/gcc/arm-none-eabi/12.3.1/../../../../arm-none-eabi/lib/thumb/v7-m/nofp\libc_nano.a(libc_a-impure.o)
                              C:/ST/STM32CubeIDE_1.17.0/STM32CubeIDE/plugins/com.st.stm32cube.ide.mcu.externaltools.gnu-tools-for-stm32.12.3.rel1.win32_1.1.0.202410251130/tools/bin/../lib/gcc/arm-none-eabi/12.3.1/../../../../arm-none-eabi/lib/thumb/v7-m/nofp\libc_nano.a(libc_a-reent.o) (_impure_ptr)
C:/ST/STM32CubeIDE_1.17.0/STM32CubeIDE/plugins/com.st.stm32cube.ide.mcu.externaltools.gnu-tools-for-stm32.12.3.rel1.win32_1.1.0.202410251130/tools/bin/../lib/gcc/arm-none-eabi/12.3.1/../../../../arm-none-eabi/lib/thumb/v7-m/nofp\libc_nano.a(libc_a-lseekr.o)
[...]
Memory Configuration

Name             Origin             Length             Attributes
RAM              0x20000000         0x00002800         xrw
FLASH            0x08000000         0x00008000         xr
*default*        0x00000000         0xffffffff

Linker script and memory map

LOAD C:/ST/STM32CubeIDE_1.17.0/STM32CubeIDE/plugins/com.st.stm32cube.ide.mcu.externaltools.gnu-tools-for-stm32.12.3.rel1.win32_1.1.0.202410251130/tools/bin/../lib/gcc/arm-none-eabi/12.3.1/thumb/v7-m/nofp/crti.o
LOAD C:/ST/STM32CubeIDE_1.17.0/STM32CubeIDE/plugins/com.st.stm32cube.ide.mcu.externaltools.gnu-tools-for-stm32.12.3.rel1.win32_1.1.0.202410251130/tools/bin/../lib/gcc/arm-none-eabi/12.3.1/thumb/v7-m/nofp/crtbegin.o
LOAD C:/ST/STM32CubeIDE_1.17.0/STM32CubeIDE/plugins/com.st.stm32cube.ide.mcu.externaltools.gnu-tools-for-stm32.12.3.rel1.win32_1.1.0.202410251130/tools/bin/../lib/gcc/arm-none-eabi/12.3.1/../../../../arm-none-eabi/lib/thumb/v7-m/nofp/crt0.o
LOAD ./Core/Src/App/Swc_HmiReporting.o
LOAD ./Core/Src/App/Swc_SafetyLogic.o
LOAD ./Core/Src/App/Swc_SensorFusion.o
LOAD ./Core/Src/ECU Abs/CanIf.o
LOAD ./Core/Src/ECU Abs/IoHwAb_PcCom.o
LOAD ./Core/Src/MCAL/Can.o
LOAD ./Core/Src/MCAL/Mcu.o
LOAD ./Core/Src/MCAL/Port.o
LOAD ./Core/Src/MCAL/Uart.o
LOAD ./Core/Src/RTE/Rte_Control_Node.o
LOAD ./Core/Src/Service/Com.o
LOAD ./Core/Src/Service/Os.o
LOAD ./Core/Src/Service/PduR.o
LOAD ./Core/Src/main.o
LOAD ./Core/Src/stm32f1xx_hal_msp.o
LOAD ./Core/Src/stm32f1xx_it.o
LOAD ./Core/Src/syscalls.o
LOAD ./Core/Src/sysmem.o
LOAD ./Core/Src/system_stm32f1xx.o
LOAD ./Core/Startup/startup_stm32f103c6tx.o
LOAD ./Drivers/STM32F1xx_HAL_Driver/Src/stm32f1xx_hal.o
LOAD ./Drivers/STM32F1xx_HAL_Driver/Src/stm32f1xx_hal_can.o
LOAD ./Drivers/STM32F1xx_HAL_Driver/Src/stm32f1xx_hal_cortex.o
LOAD ./Drivers/STM32F1xx_HAL_Driver/Src/stm32f1xx_hal_dma.o
LOAD ./Drivers/STM32F1xx_HAL_Driver/Src/stm32f1xx_hal_exti.o
LOAD ./Drivers/STM32F1xx_HAL_Driver/Src/stm32f1xx_hal_flash.o
LOAD ./Drivers/STM32F1xx_HAL_Driver/Src/stm32f1xx_hal_flash_ex.o
LOAD ./Drivers/STM32F1xx_HAL_Driver/Src/stm32f1xx_hal_gpio.o
LOAD ./Drivers/STM32F1xx_HAL_Driver/Src/stm32f1xx_hal_gpio_ex.o
LOAD ./Drivers/STM32F1xx_HAL_Driver/Src/stm32f1xx_hal_pwr.o
LOAD ./Drivers/STM32F1xx_HAL_Driver/Src/stm32f1xx_hal_rcc.o
LOAD ./Drivers/STM32F1xx_HAL_Driver/Src/stm32f1xx_hal_rcc_ex.o
LOAD ./Drivers/STM32F1xx_HAL_Driver/Src/stm32f1xx_hal_uart.o
START GROUP
LOAD C:/ST/STM32CubeIDE_1.17.0/STM32CubeIDE/plugins/com.st.stm32cube.ide.mcu.externaltools.gnu-tools-for-stm32.12.3.rel1.win32_1.1.0.202410251130/tools/bin/../lib/gcc/arm-none-eabi/12.3.1/../../../../arm-none-eabi/lib/thumb/v7-m/nofp\libc_nano.a
LOAD C:/ST/STM32CubeIDE_1.17.0/STM32CubeIDE/plugins/com.st.stm32cube.ide.mcu.externaltools.gnu-tools-for-stm32.12.3.rel1.win32_1.1.0.202410251130/tools/bin/../lib/gcc/arm-none-eabi/12.3.1/../../../../arm-none-eabi/lib/thumb/v7-m/nofp\libm.a
END GROUP
START GROUP
LOAD C:/ST/STM32CubeIDE_1.17.0/STM32CubeIDE/plugins/com.st.stm32cube.ide.mcu.externaltools.gnu-tools-for-stm32.12.3.rel1.win32_1.1.0.202410251130/tools/bin/../lib/gcc/arm-none-eabi/12.3.1/thumb/v7-m/nofp\libgcc.a
LOAD C:/ST/STM32CubeIDE_1.17.0/STM32CubeIDE/plugins/com.st.stm32cube.ide.mcu.externaltools.gnu-tools-for-stm32.12.3.rel1.win32_1.1.0.202410251130/tools/bin/../lib/gcc/arm-none-eabi/12.3.1/../../../../arm-none-eabi/lib/thumb/v7-m/nofp\libc_nano.a
END GROUP
START GROUP
LOAD C:/ST/STM32CubeIDE_1.17.0/STM32CubeIDE/plugins/com.st.stm32cube.ide.mcu.externaltools.gnu-tools-for-stm32.12.3.rel1.win32_1.1.0.202410251130/tools/bin/../lib/gcc/arm-none-eabi/12.3.1/thumb/v7-m/nofp\libgcc.a
LOAD C:/ST/STM32CubeIDE_1.17.0/STM32CubeIDE/plugins/com.st.stm32cube.ide.mcu.externaltools.gnu-tools-for-stm32.12.3.rel1.win32_1.1.0.202410251130/tools/bin/../lib/gcc/arm-none-eabi/12.3.1/../../../../arm-none-eabi/lib/thumb/v7-m/nofp\libc_nano.a
LOAD C:/ST/STM32CubeIDE_1.17.0/STM32CubeIDE/plugins/com.st.stm32cube.ide.mcu.externaltools.gnu-tools-for-stm32.12.3.rel1.win32_1.1.0.202410251130/tools/bin/../lib/gcc/arm-none-eabi/12.3.1/../../../../arm-none-eabi/lib/thumb/v7-m/nofp\libnosys.a
END GROUP
START GROUP
LOAD C:/ST/STM32CubeIDE_1.17.0/STM32CubeIDE/plugins/com.st.stm32cube.ide.mcu.externaltools.gnu-tools-for-stm32.12.3.rel1.win32_1.1.0.202410251130/tools/bin/../lib/gcc/arm-none-eabi/12.3.1/thumb/v7-m/nofp\libgcc.a
LOAD C:/ST/STM32CubeIDE_1.17.0/STM32CubeIDE/plugins/com.st.stm32cube.ide.mcu.externaltools.gnu-tools-for-stm32.12.3.rel1.win32_1.1.0.202410251130/tools/bin/../lib/gcc/arm-none-eabi/12.3.1/../../../../arm-none-eabi/lib/thumb/v7-m/nofp\libc_nano.a
LOAD C:/ST/STM32CubeIDE_1.17.0/STM32CubeIDE/plugins/com.st.stm32cube.ide.mcu.externaltools.gnu-tools-for-stm32.12.3.rel1.win32_1.1.0.202410251130/tools/bin/../lib/gcc/arm-none-eabi/12.3.1/../../../../arm-none-eabi/lib/thumb/v7-m/nofp\libnosys.a
END GROUP
LOAD C:/ST/STM32CubeIDE_1.17.0/STM32CubeIDE/plugins/com.st.stm32cube.ide.mcu.externaltools.gnu-tools-for-stm32.12.3.rel1.win32_1.1.0.202410251130/tools/bin/../lib/gcc/arm-none-eabi/12.3.1/thumb/v7-m/nofp/crtend.o
LOAD C:/ST/STM32CubeIDE_1.17.0/STM32CubeIDE/plugins/com.st.stm32cube.ide.mcu.externaltools.gnu-tools-for-stm32.12.3.rel1.win32_1.1.0.202410251130/tools/bin/../lib/gcc/arm-none-eabi/12.3.1/thumb/v7-m/nofp/crtn.o
                0x20002800                        _estack = (ORIGIN (RAM) + LENGTH (RAM))
                0x00000200                        _Min_Heap_Size = 0x200
                0x00000400                        _Min_Stack_Size = 0x400

.isr_vector     0x08000000      0x10c
                0x08000000                        . = ALIGN (0x4)
 *(.isr_vector)
 .isr_vector    0x08000000      0x10c ./Core/Startup/startup_stm32f103c6tx.o
                0x08000000                g_pfnVectors
                0x0800010c                        . = ALIGN (0x4)

.text           0x0800010c     0x137c
                0x0800010c                        . = ALIGN (0x4)
 *(.text)
 .text          0x0800010c       0x40 C:/ST/STM32CubeIDE_1.17.0/STM32CubeIDE/plugins/com.st.stm32cube.ide.mcu.externaltools.gnu-tools-for-stm32.12.3.rel1.win32_1.1.0.202410251130/tools/bin/../lib/gcc/arm-none-eabi/12.3.1/thumb/v7-m/nofp/crtbegin.o
 .text          0x0800014c      0x21c C:/ST/STM32CubeIDE_1.17.0/STM32CubeIDE/plugins/com.st.stm32cube.ide.mcu.externaltools.gnu-tools-for-stm32.12.3.rel1.win32_1.1.0.202410251130/tools/bin/../lib/gcc/arm-none-eabi/12.3.1/thumb/v7-m/nofp\libgcc.a(_arm_addsubsf3.o)
                0x0800014c                __aeabi_frsub
                0x08000154                __subsf3
                0x08000154                __aeabi_fsub
                0x08000158                __aeabi_fadd
                0x08000158                __addsf3
                0x080002b8                __aeabi_ui2f
                0x080002b8                __floatunsisf
                0x080002c0                __aeabi_i2f
                0x080002c0                __floatsisf
                0x080002dc                __aeabi_ul2f
                0x080002dc                __floatundisf
                0x080002ec                __aeabi_l2f
                0x080002ec                __floatdisf
 .text          0x08000368      0x2a0 C:/ST/STM32CubeIDE_1.17.0/STM32CubeIDE/plugins/com.st.stm32cube.ide.mcu.externaltools.gnu-tools-for-stm32.12.3.rel1.win32_1.1.0.202410251130/tools/bin/../lib/gcc/arm-none-eabi/12.3.1/thumb/v7-m/nofp\libgcc.a(_arm_muldivsf3.o)
                0x08000368                __mulsf3
                0x08000368                __aeabi_fmul
                0x080004d0                __aeabi_fdiv
                0x080004d0                __divsf3
 .text          0x08000608       0xec C:/ST/STM32CubeIDE_1.17.0/STM32CubeIDE/plugins/com.st.stm32cube.ide.mcu.externaltools.gnu-tools-for-stm32.12.3.rel1.win32_1.1.0.202410251130/tools/bin/../lib/gcc/arm-none-eabi/12.3.1/thumb/v7-m/nofp\libgcc.a(_arm_cmpsf2.o)
                0x08000608                __gesf2
                0x08000608                __gtsf2
                0x08000610                __lesf2
                0x08000610                __ltsf2
                0x08000618                __nesf2
                0x08000618                __eqsf2
                0x08000618                __cmpsf2
                0x08000678                __aeabi_cfrcmple
                0x08000680                __aeabi_cfcmpeq
                0x08000680                __aeabi_cfcmple
                0x08000690                __aeabi_fcmpeq
                0x080006a4                __aeabi_fcmplt
                0x080006b8                __aeabi_fcmple
                0x080006cc                __aeabi_fcmpge
                0x080006e0                __aeabi_fcmpgt
 .text          0x080006f4       0x4c C:/ST/STM32CubeIDE_1.17.0/STM32CubeIDE/plugins/com.st.stm32cube.ide.mcu.externaltools.gnu-tools-for-stm32.12.3.rel1.win32_1.1.0.202410251130/tools/bin/../lib/gcc/arm-none-eabi/12.3.1/thumb/v7-m/nofp\libgcc.a(_arm_fixsfsi.o)
                0x080006f4                __aeabi_f2iz
                0x080006f4                __fixsfsi
 .text          0x08000740       0x40 C:/ST/STM32CubeIDE_1.17.0/STM32CubeIDE/plugins/com.st.stm32cube.ide.mcu.externaltools.gnu-tools-for-stm32.12.3.rel1.win32_1.1.0.202410251130/tools/bin/../lib/gcc/arm-none-eabi/12.3.1/thumb/v7-m/nofp\libgcc.a(_arm_fixunssfsi.o)
                0x08000740                __fixunssfsi
                0x08000740                __aeabi_f2uiz
 *(.text*)
 .text.CanIf_RxIndication
                0x08000780       0x18 ./Core/Src/ECU Abs/CanIf.o
                0x08000780                CanIf_RxIndication
 .text.Can_Init
                0x08000798       0xec ./Core/Src/MCAL/Can.o
                0x08000798                Can_Init
 .text.Can_Read
                0x08000884      0x104 ./Core/Src/MCAL/Can.o
                0x08000884                Can_Read
 .text.Mcu_Init
                0x08000988       0x14 ./Core/Src/MCAL/Mcu.o
                0x08000988                Mcu_Init
 .text.Mcu_InitClock
                0x0800099c       0x8c ./Core/Src/MCAL/Mcu.o
                0x0800099c                Mcu_InitClock
 .text.Mcu_DistributePllClock
                0x08000a28       0x38 ./Core/Src/MCAL/Mcu.o
                0x08000a28                Mcu_DistributePllClock
 .text.Port_Init
                0x08000a60      0x124 ./Core/Src/MCAL/Port.o
                0x08000a60                Port_Init
 .text.Uart_Init
                0x08000b84       0x30 ./Core/Src/MCAL/Uart.o
                0x08000b84                Uart_Init
 .text.Uart_SendChar
                0x08000bb4       0x2c ./Core/Src/MCAL/Uart.o
                0x08000bb4                Uart_SendChar
 .text.Uart_SendString
                0x08000be0       0x32 ./Core/Src/MCAL/Uart.o
                0x08000be0                Uart_SendString
 *fill*         0x08000c12        0x2 
 .text.Uart_SendNumber
                0x08000c14       0x98 ./Core/Src/MCAL/Uart.o
                0x08000c14                Uart_SendNumber
 .text.Uart_SendFloat
                0x08000cac       0xb4 ./Core/Src/MCAL/Uart.o
                0x08000cac                Uart_SendFloat
 .text.Rte_DecodeRxPdu
                0x08000d60      0x148 ./Core/Src/RTE/Rte_Control_Node.o
 .text.Rte_Update_Inputs_Task10ms
                0x08000ea8       0x34 ./Core/Src/RTE/Rte_Control_Node.o
                0x08000ea8                Rte_Update_Inputs_Task10ms
 .text.Rte_Read_RpMsg100_FrontObstacle
                0x08000edc       0x54 ./Core/Src/RTE/Rte_Control_Node.o
                0x08000edc                Rte_Read_RpMsg100_FrontObstacle
 .text.Rte_Read_RpMsg101_BlindSpot
                0x08000f30       0x40 ./Core/Src/RTE/Rte_Control_Node.o
                0x08000f30                Rte_Read_RpMsg101_BlindSpot
 .text.Rte_Read_RpMsg102_SysStat
                0x08000f70       0x54 ./Core/Src/RTE/Rte_Control_Node.o
                0x08000f70                Rte_Read_RpMsg102_SysStat
 .text.Com_RxIndication
                0x08000fc4       0x88 ./Core/Src/Service/Com.o
                0x08000fc4                Com_RxIndication
 .text.Com_Receive
                0x0800104c       0x68 ./Core/Src/Service/Com.o
                0x0800104c                Com_Receive
 .text.Os_Tick  0x080010b4       0x1c ./Core/Src/Service/Os.o
                0x080010b4                Os_Tick
 .text.PduR_CanIfRxIndication
                0x080010d0       0x2a ./Core/Src/Service/PduR.o
                0x080010d0                PduR_CanIfRxIndication
 .text.delay_simple
                0x080010fa       0x22 ./Core/Src/main.o
 .text.main     0x0800111c      0x144 ./Core/Src/main.o
                0x0800111c                main
 .text.NMI_Handler
                0x08001260        0x8 ./Core/Src/stm32f1xx_it.o
                0x08001260                NMI_Handler
 .text.HardFault_Handler
                0x08001268        0x8 ./Core/Src/stm32f1xx_it.o
                0x08001268                HardFault_Handler
 .text.MemManage_Handler
                0x08001270        0x8 ./Core/Src/stm32f1xx_it.o
                0x08001270                MemManage_Handler
 .text.BusFault_Handler
                0x08001278        0x8 ./Core/Src/stm32f1xx_it.o
                0x08001278                BusFault_Handler
 .text.UsageFault_Handler
                0x08001280        0x8 ./Core/Src/stm32f1xx_it.o
                0x08001280                UsageFault_Handler
 .text.SVC_Handler
                0x08001288        0xc ./Core/Src/stm32f1xx_it.o
                0x08001288                SVC_Handler
 .text.DebugMon_Handler
                0x08001294        0xc ./Core/Src/stm32f1xx_it.o
                0x08001294                DebugMon_Handler
 .text.PendSV_Handler
                0x080012a0        0xc ./Core/Src/stm32f1xx_it.o
                0x080012a0                PendSV_Handler
 .text.SysTick_Handler
                0x080012ac       0x10 ./Core/Src/stm32f1xx_it.o
                0x080012ac                SysTick_Handler
 .text.USB_LP_CAN1_RX0_IRQHandler
                0x080012bc        0xc ./Core/Src/stm32f1xx_it.o
                0x080012bc                USB_LP_CAN1_RX0_IRQHandler
 .text.SystemInit
                0x080012c8        0xc ./Core/Src/system_stm32f1xx.o
                0x080012c8                SystemInit
 .text.SystemCoreClockUpdate
                0x080012d4       0xe4 ./Core/Src/system_stm32f1xx.o
                0x080012d4                SystemCoreClockUpdate
 .text.Reset_Handler
                0x080013b8       0x48 ./Core/Startup/startup_stm32f103c6tx.o
                0x080013b8                Reset_Handler
 .text.Default_Handler
                0x08001400        0x2 ./Core/Startup/startup_stm32f103c6tx.o
                0x08001400                RTC_Alarm_IRQHandler
                0x08001400                EXTI2_IRQHandler
                0x08001400                TIM1_CC_IRQHandler
                0x08001400                PVD_IRQHandler
                0x08001400                EXTI3_IRQHandler
                0x08001400                EXTI0_IRQHandler
                0x08001400                ADC1_2_IRQHandler
                0x08001400                SPI1_IRQHandler
                0x08001400                TAMPER_IRQHandler
                0x08001400                DMA1_Channel4_IRQHandler
                0x08001400                RTC_IRQHandler
                0x08001400                DMA1_Channel7_IRQHandler
                0x08001400                CAN1_RX1_IRQHandler
                0x08001400                I2C1_EV_IRQHandler
                0x08001400                DMA1_Channel6_IRQHandler
                0x08001400                TIM3_IRQHandler
                0x08001400                RCC_IRQHandler
                0x08001400                TIM1_TRG_COM_IRQHandler
                0x08001400                DMA1_Channel1_IRQHandler
                0x08001400                Default_Handler
                0x08001400                EXTI15_10_IRQHandler
                0x08001400                EXTI9_5_IRQHandler
                0x08001400                DMA1_Channel5_IRQHandler
                0x08001400                EXTI4_IRQHandler
                0x08001400                USB_HP_CAN1_TX_IRQHandler
                0x08001400                DMA1_Channel3_IRQHandler
                0x08001400                TIM1_UP_IRQHandler
                0x08001400                WWDG_IRQHandler
                0x08001400                TIM2_IRQHandler
                0x08001400                TIM1_BRK_IRQHandler
                0x08001400                EXTI1_IRQHandler
                0x08001400                USART2_IRQHandler
                0x08001400                DMA1_Channel2_IRQHandler
                0x08001400                CAN1_SCE_IRQHandler
                0x08001400                FLASH_IRQHandler
                0x08001400                USART1_IRQHandler
                0x08001400                I2C1_ER_IRQHandler
                0x08001400                USBWakeUp_IRQHandler
 *fill*         0x08001402        0x2 
 .text.HAL_IncTick
                0x08001404       0x24 ./Drivers/STM32F1xx_HAL_Driver/Src/stm32f1xx_hal.o
                0x08001404                HAL_IncTick
 .text.__libc_init_array
                0x08001428       0x48 C:/ST/STM32CubeIDE_1.17.0/STM32CubeIDE/plugins/com.st.stm32cube.ide.mcu.externaltools.gnu-tools-for-stm32.12.3.rel1.win32_1.1.0.202410251130/tools/bin/../lib/gcc/arm-none-eabi/12.3.1/../../../../arm-none-eabi/lib/thumb/v7-m/nofp\libc_nano.a(libc_a-init.o)
                0x08001428                __libc_init_array
 *(.glue_7)
 .glue_7        0x08001470        0x0 linker stubs
 *(.glue_7t)
 .glue_7t       0x08001470        0x0 linker stubs
 *(.eh_frame)
 .eh_frame      0x08001470        0x0 C:/ST/STM32CubeIDE_1.17.0/STM32CubeIDE/plugins/com.st.stm32cube.ide.mcu.externaltools.gnu-tools-for-stm32.12.3.rel1.win32_1.1.0.202410251130/tools/bin/../lib/gcc/arm-none-eabi/12.3.1/thumb/v7-m/nofp/crtbegin.o
 *(.init)
 .init          0x08001470        0x4 C:/ST/STM32CubeIDE_1.17.0/STM32CubeIDE/plugins/com.st.stm32cube.ide.mcu.externaltools.gnu-tools-for-stm32.12.3.rel1.win32_1.1.0.202410251130/tools/bin/../lib/gcc/arm-none-eabi/12.3.1/thumb/v7-m/nofp/crti.o
                0x08001470                _init
 .init          0x08001474        0x8 C:/ST/STM32CubeIDE_1.17.0/STM32CubeIDE/plugins/com.st.stm32cube.ide.mcu.externaltools.gnu-tools-for-stm32.12.3.rel1.win32_1.1.0.202410251130/tools/bin/../lib/gcc/arm-none-eabi/12.3.1/thumb/v7-m/nofp/crtn.o
 *(.fini)
 .fini          0x0800147c        0x4 C:/ST/STM32CubeIDE_1.17.0/STM32CubeIDE/plugins/com.st.stm32cube.ide.mcu.externaltools.gnu-tools-for-stm32.12.3.rel1.win32_1.1.0.202410251130/tools/bin/../lib/gcc/arm-none-eabi/12.3.1/thumb/v7-m/nofp/crti.o
                0x0800147c                _fini
 .fini          0x08001480        0x8 C:/ST/STM32CubeIDE_1.17.0/STM32CubeIDE/plugins/com.st.stm32cube.ide.mcu.externaltools.gnu-tools-for-stm32.12.3.rel1.win32_1.1.0.202410251130/tools/bin/../lib/gcc/arm-none-eabi/12.3.1/thumb/v7-m/nofp/crtn.o
                0x08001488                        . = ALIGN (0x4)
                0x08001488                        _etext = .

.vfp11_veneer   0x08001488        0x0
 .vfp11_veneer  0x08001488        0x0 linker stubs

.v4_bx          0x08001488        0x0
 .v4_bx         0x08001488        0x0 linker stubs

.iplt           0x08001488        0x0
 .iplt          0x08001488        0x0 C:/ST/STM32CubeIDE_1.17.0/STM32CubeIDE/plugins/com.st.stm32cube.ide.mcu.externaltools.gnu-tools-for-stm32.12.3.rel1.win32_1.1.0.202410251130/tools/bin/../lib/gcc/arm-none-eabi/12.3.1/thumb/v7-m/nofp/crtbegin.o

.rodata         0x08001488       0xe0
                0x08001488                        . = ALIGN (0x4)
 *(.rodata)
 .rodata        0x08001488       0xa5 ./Core/Src/main.o
 *(.rodata*)
 *fill*         0x0800152d        0x3 
 .rodata.Port_PinConfigList
                0x08001530        0xf ./Core/Src/MCAL/Port.o
                0x08001530                Port_PinConfigList
 *fill*         0x0800153f        0x1 
 .rodata.Port_Config
                0x08001540        0x8 ./Core/Src/MCAL/Port.o
                0x08001540                Port_Config
 .rodata.Port_GpioBase
                0x08001548       0x10 ./Core/Src/MCAL/Port.o
 .rodata.AHBPrescTable
                0x08001558       0x10 ./Core/Src/system_stm32f1xx.o
                0x08001558                AHBPrescTable
                0x08001568                        . = ALIGN (0x4)

.ARM.extab      0x08001568        0x0
                0x08001568                        . = ALIGN (0x4)
 *(.ARM.extab* .gnu.linkonce.armextab.*)
                0x08001568                        . = ALIGN (0x4)

.ARM            0x08001568        0x0
                0x08001568                        . = ALIGN (0x4)
                0x08001568                        __exidx_start = .
 *(.ARM.exidx*)
                0x08001568                        __exidx_end = .
                0x08001568                        . = ALIGN (0x4)

.preinit_array  0x08001568        0x0
                0x08001568                        . = ALIGN (0x4)
                0x08001568                        PROVIDE (__preinit_array_start = .)
 *(.preinit_array*)
                0x08001568                        PROVIDE (__preinit_array_end = .)
                0x08001568                        . = ALIGN (0x4)

.init_array     0x08001568        0x4
                0x08001568                        . = ALIGN (0x4)
                0x08001568                        PROVIDE (__init_array_start = .)
 *(SORT_BY_NAME(.init_array.*))
 *(.init_array*)
 .init_array    0x08001568        0x4 C:/ST/STM32CubeIDE_1.17.0/STM32CubeIDE/plugins/com.st.stm32cube.ide.mcu.externaltools.gnu-tools-for-stm32.12.3.rel1.win32_1.1.0.202410251130/tools/bin/../lib/gcc/arm-none-eabi/12.3.1/thumb/v7-m/nofp/crtbegin.o
                0x0800156c                        PROVIDE (__init_array_end = .)
                0x0800156c                        . = ALIGN (0x4)

.fini_array     0x0800156c        0x4
                0x0800156c                        . = ALIGN (0x4)
                [!provide]                        PROVIDE (__fini_array_start = .)
 *(SORT_BY_NAME(.fini_array.*))
 *(.fini_array*)
 .fini_array    0x0800156c        0x4 C:/ST/STM32CubeIDE_1.17.0/STM32CubeIDE/plugins/com.st.stm32cube.ide.mcu.externaltools.gnu-tools-for-stm32.12.3.rel1.win32_1.1.0.202410251130/tools/bin/../lib/gcc/arm-none-eabi/12.3.1/thumb/v7-m/nofp/crtbegin.o
                [!provide]                        PROVIDE (__fini_array_end = .)
                0x08001570                        . = ALIGN (0x4)
                0x08001570                        _sidata = LOADADDR (.data)

.rel.dyn        0x08001570        0x0
 .rel.iplt      0x08001570        0x0 C:/ST/STM32CubeIDE_1.17.0/STM32CubeIDE/plugins/com.st.stm32cube.ide.mcu.externaltools.gnu-tools-for-stm32.12.3.rel1.win32_1.1.0.202410251130/tools/bin/../lib/gcc/arm-none-eabi/12.3.1/thumb/v7-m/nofp/crtbegin.o

.data           0x20000000       0x14 load address 0x08001570
                0x20000000                        . = ALIGN (0x4)
                0x20000000                        _sdata = .
 *(.data)
 *(.data*)
 .data.Rte_Buffer_FrontUltra
                0x20000000        0x2 ./Core/Src/RTE/Rte_Control_Node.o
 .data.Rte_Buffer_Lidar
                0x20000002        0x2 ./Core/Src/RTE/Rte_Control_Node.o
 .data.Rte_Buffer_LeftUltra
                0x20000004        0x2 ./Core/Src/RTE/Rte_Control_Node.o
 .data.Rte_Buffer_RightUltra
                0x20000006        0x2 ./Core/Src/RTE/Rte_Control_Node.o
 .data.Rte_Buffer_Alpha
                0x20000008        0x4 ./Core/Src/RTE/Rte_Control_Node.o
 .data.SystemCoreClock
                0x2000000c        0x4 ./Core/Src/system_stm32f1xx.o
                0x2000000c                SystemCoreClock
 .data.uwTickFreq
                0x20000010        0x1 ./Drivers/STM32F1xx_HAL_Driver/Src/stm32f1xx_hal.o
                0x20000010                uwTickFreq
 *(.RamFunc)
 *(.RamFunc*)
                0x20000014                        . = ALIGN (0x4)
 *fill*         0x20000011        0x3 
                0x20000014                        _edata = .

.igot.plt       0x20000014        0x0 load address 0x08001584
 .igot.plt      0x20000014        0x0 C:/ST/STM32CubeIDE_1.17.0/STM32CubeIDE/plugins/com.st.stm32cube.ide.mcu.externaltools.gnu-tools-for-stm32.12.3.rel1.win32_1.1.0.202410251130/tools/bin/../lib/gcc/arm-none-eabi/12.3.1/thumb/v7-m/nofp/crtbegin.o
                0x20000014                        . = ALIGN (0x4)

.bss            0x20000014       0xb4 load address 0x08001584
                0x20000014                        _sbss = .
                0x20000014                        __bss_start__ = _sbss
 *(.bss)
 .bss           0x20000014       0x1c C:/ST/STM32CubeIDE_1.17.0/STM32CubeIDE/plugins/com.st.stm32cube.ide.mcu.externaltools.gnu-tools-for-stm32.12.3.rel1.win32_1.1.0.202410251130/tools/bin/../lib/gcc/arm-none-eabi/12.3.1/thumb/v7-m/nofp/crtbegin.o
 *(.bss*)
 .bss.Rte_Buffer_Fd
                0x20000030        0x2 ./Core/Src/RTE/Rte_Control_Node.o
 *fill*         0x20000032        0x2 
 .bss.Rte_Buffer_SimSpeed
                0x20000034        0x4 ./Core/Src/RTE/Rte_Control_Node.o
 .bss.Rte_Buffer_Status
                0x20000038        0x1 ./Core/Src/RTE/Rte_Control_Node.o
 *fill*         0x20000039        0x3 
 .bss.Com_RxQueue
                0x2000003c       0x80 ./Core/Src/Service/Com.o
 .bss.Com_RxHead
                0x200000bc        0x1 ./Core/Src/Service/Com.o
 .bss.Com_RxTail
                0x200000bd        0x1 ./Core/Src/Service/Com.o
 .bss.Com_RxCount
                0x200000be        0x1 ./Core/Src/Service/Com.o
 *fill*         0x200000bf        0x1 
 .bss.Os_SystemTick
                0x200000c0        0x4 ./Core/Src/Service/Os.o
 .bss.uwTick    0x200000c4        0x4 ./Drivers/STM32F1xx_HAL_Driver/Src/stm32f1xx_hal.o
                0x200000c4                uwTick
 *(COMMON)
                0x200000c8                        . = ALIGN (0x4)
                0x200000c8                        _ebss = .
                0x200000c8                        __bss_end__ = _ebss

._user_heap_stack
                0x200000c8      0x600 load address 0x08001584
                0x200000c8                        . = ALIGN (0x8)
                [!provide]                        PROVIDE (end = .)
                0x200000c8                        PROVIDE (_end = .)
                0x200002c8                        . = (. + _Min_Heap_Size)
 *fill*         0x200000c8      0x200 
                0x200006c8                        . = (. + _Min_Stack_Size)
 *fill*         0x200002c8      0x400 
                0x200006c8                        . = ALIGN (0x8)

/DISCARD/
 libc.a(*)
 libm.a(*)
 libgcc.a(*)

.ARM.attributes
                0x00000000       0x29
 *(.ARM.attributes)
 .ARM.attributes
                0x00000000       0x1d C:/ST/STM32CubeIDE_1.17.0/STM32CubeIDE/plugins/com.st.stm32cube.ide.mcu.externaltools.gnu-tools-for-stm32.12.3.rel1.win32_1.1.0.202410251130/tools/bin/../lib/gcc/arm-none-eabi/12.3.1/thumb/v7-m/nofp/crti.o
 .ARM.attributes
                0x0000001d       0x2d C:/ST/STM32CubeIDE_1.17.0/STM32CubeIDE/plugins/com.st.stm32cube.ide.mcu.externaltools.gnu-tools-for-stm32.12.3.rel1.win32_1.1.0.202410251130/tools/bin/../lib/gcc/arm-none-eabi/12.3.1/thumb/v7-m/nofp/crtbegin.o
 .ARM.attributes
                0x0000004a       0x2d ./Core/Src/ECU Abs/CanIf.o
 .ARM.attributes
                0x00000077       0x2d ./Core/Src/MCAL/Can.o
 .ARM.attributes
                0x000000a4       0x2d ./Core/Src/MCAL/Mcu.o
 .ARM.attributes
                0x000000d1       0x2d ./Core/Src/MCAL/Port.o
 .ARM.attributes
                0x000000fe       0x2d ./Core/Src/MCAL/Uart.o
 .ARM.attributes
                0x0000012b       0x2d ./Core/Src/RTE/Rte_Control_Node.o
 .ARM.attributes
                0x00000158       0x2d ./Core/Src/Service/Com.o
 .ARM.attributes
                0x00000185       0x2d ./Core/Src/Service/Os.o
 .ARM.attributes
                0x000001b2       0x2d ./Core/Src/Service/PduR.o
 .ARM.attributes
                0x000001df       0x2d ./Core/Src/main.o
 .ARM.attributes
                0x0000020c       0x2d ./Core/Src/stm32f1xx_it.o
 .ARM.attributes
                0x00000239       0x2d ./Core/Src/system_stm32f1xx.o
 .ARM.attributes
                0x00000266       0x21 ./Core/Startup/startup_stm32f103c6tx.o
 .ARM.attributes
                0x00000287       0x2d ./Drivers/STM32F1xx_HAL_Driver/Src/stm32f1xx_hal.o
 .ARM.attributes
                0x000002b4       0x2d C:/ST/STM32CubeIDE_1.17.0/STM32CubeIDE/plugins/com.st.stm32cube.ide.mcu.externaltools.gnu-tools-for-stm32.12.3.rel1.win32_1.1.0.202410251130/tools/bin/../lib/gcc/arm-none-eabi/12.3.1/../../../../arm-none-eabi/lib/thumb/v7-m/nofp\libc_nano.a(libc_a-init.o)
 .ARM.attributes
                0x000002e1       0x1d C:/ST/STM32CubeIDE_1.17.0/STM32CubeIDE/plugins/com.st.stm32cube.ide.mcu.externaltools.gnu-tools-for-stm32.12.3.rel1.win32_1.1.0.202410251130/tools/bin/../lib/gcc/arm-none-eabi/12.3.1/thumb/v7-m/nofp\libgcc.a(_arm_addsubsf3.o)
 .ARM.attributes
                0x000002fe       0x1d C:/ST/STM32CubeIDE_1.17.0/STM32CubeIDE/plugins/com.st.stm32cube.ide.mcu.externaltools.gnu-tools-for-stm32.12.3.rel1.win32_1.1.0.202410251130/tools/bin/../lib/gcc/arm-none-eabi/12.3.1/thumb/v7-m/nofp\libgcc.a(_arm_muldivsf3.o)
 .ARM.attributes
                0x0000031b       0x1d C:/ST/STM32CubeIDE_1.17.0/STM32CubeIDE/plugins/com.st.stm32cube.ide.mcu.externaltools.gnu-tools-for-stm32.12.3.rel1.win32_1.1.0.202410251130/tools/bin/../lib/gcc/arm-none-eabi/12.3.1/thumb/v7-m/nofp\libgcc.a(_arm_cmpsf2.o)
 .ARM.attributes
                0x00000338       0x1d C:/ST/STM32CubeIDE_1.17.0/STM32CubeIDE/plugins/com.st.stm32cube.ide.mcu.externaltools.gnu-tools-for-stm32.12.3.rel1.win32_1.1.0.202410251130/tools/bin/../lib/gcc/arm-none-eabi/12.3.1/thumb/v7-m/nofp\libgcc.a(_arm_fixsfsi.o)
 .ARM.attributes
                0x00000355       0x1d C:/ST/STM32CubeIDE_1.17.0/STM32CubeIDE/plugins/com.st.stm32cube.ide.mcu.externaltools.gnu-tools-for-stm32.12.3.rel1.win32_1.1.0.202410251130/tools/bin/../lib/gcc/arm-none-eabi/12.3.1/thumb/v7-m/nofp\libgcc.a(_arm_fixunssfsi.o)
 .ARM.attributes
                0x00000372       0x1d C:/ST/STM32CubeIDE_1.17.0/STM32CubeIDE/plugins/com.st.stm32cube.ide.mcu.externaltools.gnu-tools-for-stm32.12.3.rel1.win32_1.1.0.202410251130/tools/bin/../lib/gcc/arm-none-eabi/12.3.1/thumb/v7-m/nofp/crtn.o
OUTPUT(CONTROL_NODE_STM32.elf elf32-littlearm)
LOAD linker stubs
LOAD C:/ST/STM32CubeIDE_1.17.0/STM32CubeIDE/plugins/com.st.stm32cube.ide.mcu.externaltools.gnu-tools-for-stm32.12.3.rel1.win32_1.1.0.202410251130/tools/bin/../lib/gcc/arm-none-eabi/12.3.1/../../../../arm-none-eabi/lib/thumb/v7-m/nofp\libc.a
LOAD C:/ST/STM32CubeIDE_1.17.0/STM32CubeIDE/plugins/com.st.stm32cube.ide.mcu.externaltools.gnu-tools-for-stm32.12.3.rel1.win32_1.1.0.202410251130/tools/bin/../lib/gcc/arm-none-eabi/12.3.1/../../../../arm-none-eabi/lib/thumb/v7-m/nofp\libm.a
LOAD C:/ST/STM32CubeIDE_1.17.0/STM32CubeIDE/plugins/com.st.stm32cube.ide.mcu.externaltools.gnu-tools-for-stm32.12.3.rel1.win32_1.1.0.202410251130/tools/bin/../lib/gcc/arm-none-eabi/12.3.1/thumb/v7-m/nofp\libgcc.a

.debug_info     0x00000000     0x297c
 .debug_info    0x00000000      0x15f ./Core/Src/ECU Abs/CanIf.o
 .debug_info    0x0000015f      0x480 ./Core/Src/MCAL/Can.o
 .debug_info    0x000005df      0x27d ./Core/Src/MCAL/Mcu.o
 .debug_info    0x0000085c      0x32d ./Core/Src/MCAL/Port.o
 .debug_info    0x00000b89      0x37e ./Core/Src/MCAL/Uart.o
 .debug_info    0x00000f07      0x340 ./Core/Src/RTE/Rte_Control_Node.o
 .debug_info    0x00001247      0x1cc ./Core/Src/Service/Com.o
 .debug_info    0x00001413      0x5fc ./Core/Src/Service/Os.o
 .debug_info    0x00001a0f      0x17a ./Core/Src/Service/PduR.o
 .debug_info    0x00001b89      0x382 ./Core/Src/main.o
 .debug_info    0x00001f0b      0x139 ./Core/Src/stm32f1xx_it.o
 .debug_info    0x00002044      0x222 ./Core/Src/system_stm32f1xx.o
 .debug_info    0x00002266       0x30 ./Core/Startup/startup_stm32f103c6tx.o
 .debug_info    0x00002296      0x6e6 ./Drivers/STM32F1xx_HAL_Driver/Src/stm32f1xx_hal.o

.debug_abbrev   0x00000000      0xfbe
 .debug_abbrev  0x00000000       0xc1 ./Core/Src/ECU Abs/CanIf.o
 .debug_abbrev  0x000000c1      0x173 ./Core/Src/MCAL/Can.o
 .debug_abbrev  0x00000234      0x146 ./Core/Src/MCAL/Mcu.o
 .debug_abbrev  0x0000037a      0x15e ./Core/Src/MCAL/Port.o
 .debug_abbrev  0x000004d8      0x146 ./Core/Src/MCAL/Uart.o
 .debug_abbrev  0x0000061e      0x132 ./Core/Src/RTE/Rte_Control_Node.o
 .debug_abbrev  0x00000750       0xc3 ./Core/Src/Service/Com.o
 .debug_abbrev  0x00000813      0x1ce ./Core/Src/Service/Os.o
 .debug_abbrev  0x000009e1       0xcb ./Core/Src/Service/PduR.o
 .debug_abbrev  0x00000aac      0x128 ./Core/Src/main.o
 .debug_abbrev  0x00000bd4       0x86 ./Core/Src/stm32f1xx_it.o
 .debug_abbrev  0x00000c5a      0x13f ./Core/Src/system_stm32f1xx.o
 .debug_abbrev  0x00000d99       0x24 ./Core/Startup/startup_stm32f103c6tx.o
 .debug_abbrev  0x00000dbd      0x201 ./Drivers/STM32F1xx_HAL_Driver/Src/stm32f1xx_hal.o

.debug_aranges  0x00000000      0x370
 .debug_aranges
                0x00000000       0x20 ./Core/Src/ECU Abs/CanIf.o
 .debug_aranges
                0x00000020       0x28 ./Core/Src/MCAL/Can.o
 .debug_aranges
                0x00000048       0x38 ./Core/Src/MCAL/Mcu.o
 .debug_aranges
                0x00000080       0x20 ./Core/Src/MCAL/Port.o
 .debug_aranges
                0x000000a0       0x48 ./Core/Src/MCAL/Uart.o
 .debug_aranges
                0x000000e8       0x40 ./Core/Src/RTE/Rte_Control_Node.o
 .debug_aranges
                0x00000128       0x28 ./Core/Src/Service/Com.o
 .debug_aranges
                0x00000150       0x40 ./Core/Src/Service/Os.o
 .debug_aranges
                0x00000190       0x20 ./Core/Src/Service/PduR.o
 .debug_aranges
                0x000001b0       0x28 ./Core/Src/main.o
 .debug_aranges
                0x000001d8       0x68 ./Core/Src/stm32f1xx_it.o
 .debug_aranges
                0x00000240       0x28 ./Core/Src/system_stm32f1xx.o
 .debug_aranges
                0x00000268       0x28 ./Core/Startup/startup_stm32f103c6tx.o
 .debug_aranges
                0x00000290       0xe0 ./Drivers/STM32F1xx_HAL_Driver/Src/stm32f1xx_hal.o

.debug_rnglists
                0x00000000      0x258
 .debug_rnglists
                0x00000000       0x13 ./Core/Src/ECU Abs/CanIf.o
 .debug_rnglists
                0x00000013       0x1b ./Core/Src/MCAL/Can.o
 .debug_rnglists
                0x0000002e       0x26 ./Core/Src/MCAL/Mcu.o
 .debug_rnglists
                0x00000054       0x14 ./Core/Src/MCAL/Port.o
 .debug_rnglists
                0x00000068       0x33 ./Core/Src/MCAL/Uart.o
 .debug_rnglists
                0x0000009b       0x2c ./Core/Src/RTE/Rte_Control_Node.o
 .debug_rnglists
                0x000000c7       0x1a ./Core/Src/Service/Com.o
 .debug_rnglists
                0x000000e1       0x2b ./Core/Src/Service/Os.o
 .debug_rnglists
                0x0000010c       0x13 ./Core/Src/Service/PduR.o
 .debug_rnglists
                0x0000011f       0x1a ./Core/Src/main.o
 .debug_rnglists
                0x00000139       0x49 ./Core/Src/stm32f1xx_it.o
 .debug_rnglists
                0x00000182       0x1a ./Core/Src/system_stm32f1xx.o
 .debug_rnglists
                0x0000019c       0x19 ./Core/Startup/startup_stm32f103c6tx.o
 .debug_rnglists
                0x000001b5       0xa3 ./Drivers/STM32F1xx_HAL_Driver/Src/stm32f1xx_hal.o

.debug_macro    0x00000000    0x15216
 .debug_macro   0x00000000       0xa2 ./Core/Src/ECU Abs/CanIf.o
 .debug_macro   0x000000a2      0x1cb ./Core/Src/MCAL/Can.o
 .debug_macro   0x0000026d       0x2e ./Core/Src/MCAL/Can.o
 .debug_macro   0x0000029b       0x22 ./Core/Src/MCAL/Can.o
 .debug_macro   0x000002bd       0x1c ./Core/Src/MCAL/Can.o
 .debug_macro   0x000002d9       0x22 ./Core/Src/MCAL/Can.o
 .debug_macro   0x000002fb       0xbd ./Core/Src/MCAL/Can.o
 .debug_macro   0x000003b8      0xd23 ./Core/Src/MCAL/Can.o
 .debug_macro   0x000010db     0xde75 ./Core/Src/MCAL/Can.o
 .debug_macro   0x0000ef50       0x6d ./Core/Src/MCAL/Can.o
 .debug_macro   0x0000efbd      0x21b ./Core/Src/MCAL/Can.o
 .debug_macro   0x0000f1d8     0x34a2 ./Core/Src/MCAL/Can.o
 .debug_macro   0x0001267a      0x189 ./Core/Src/MCAL/Can.o
 .debug_macro   0x00012803       0x5c ./Core/Src/MCAL/Can.o
 .debug_macro   0x0001285f      0x5bc ./Core/Src/MCAL/Can.o
 .debug_macro   0x00012e1b      0x1b7 ./Core/Src/MCAL/Can.o
 .debug_macro   0x00012fd2      0x1cb ./Core/Src/MCAL/Can.o
 .debug_macro   0x0001319d      0x114 ./Core/Src/MCAL/Can.o
 .debug_macro   0x000132b1      0x1b2 ./Core/Src/MCAL/Can.o
 .debug_macro   0x00013463       0x27 ./Core/Src/MCAL/Can.o
 .debug_macro   0x0001348a      0x12f ./Core/Src/MCAL/Can.o
 .debug_macro   0x000135b9      0x1bc ./Core/Src/MCAL/Can.o
 .debug_macro   0x00013775       0x34 ./Core/Src/MCAL/Can.o
 .debug_macro   0x000137a9       0x3c ./Core/Src/MCAL/Can.o
 .debug_macro   0x000137e5      0x408 ./Core/Src/MCAL/Can.o
 .debug_macro   0x00013bed       0x57 ./Core/Src/MCAL/Can.o
 .debug_macro   0x00013c44       0x87 ./Core/Src/MCAL/Can.o
 .debug_macro   0x00013ccb      0x183 ./Core/Src/MCAL/Can.o
 .debug_macro   0x00013e4e      0x140 ./Core/Src/MCAL/Can.o
 .debug_macro   0x00013f8e      0x28e ./Core/Src/MCAL/Can.o
 .debug_macro   0x0001421c       0x69 ./Core/Src/MCAL/Can.o
 .debug_macro   0x00014285      0x1d0 ./Core/Src/MCAL/Mcu.o
 .debug_macro   0x00014455       0x16 ./Core/Src/MCAL/Mcu.o
 .debug_macro   0x0001446b      0x1d0 ./Core/Src/MCAL/Port.o
 .debug_macro   0x0001463b       0x1c ./Core/Src/MCAL/Port.o
 .debug_macro   0x00014657      0x1cb ./Core/Src/MCAL/Uart.o
 .debug_macro   0x00014822       0xb6 ./Core/Src/RTE/Rte_Control_Node.o
 .debug_macro   0x000148d8       0xa8 ./Core/Src/Service/Com.o
 .debug_macro   0x00014980      0x1cb ./Core/Src/Service/Os.o
 .debug_macro   0x00014b4b       0xb6 ./Core/Src/Service/PduR.o
 .debug_macro   0x00014c01       0xc4 ./Core/Src/main.o
 .debug_macro   0x00014cc5       0x22 ./Core/Src/main.o
 .debug_macro   0x00014ce7      0x1df ./Core/Src/stm32f1xx_it.o
 .debug_macro   0x00014ec6      0x196 ./Core/Src/system_stm32f1xx.o
 .debug_macro   0x0001505c      0x1ba ./Drivers/STM32F1xx_HAL_Driver/Src/stm32f1xx_hal.o

.debug_line     0x00000000     0x62cf
 .debug_line    0x00000000      0x53b ./Core/Src/ECU Abs/CanIf.o
 .debug_line    0x0000053b      0x8f3 ./Core/Src/MCAL/Can.o
 .debug_line    0x00000e2e      0x872 ./Core/Src/MCAL/Mcu.o
 .debug_line    0x000016a0      0x84c ./Core/Src/MCAL/Port.o
 .debug_line    0x00001eec      0x8fe ./Core/Src/MCAL/Uart.o
 .debug_line    0x000027ea      0x748 ./Core/Src/RTE/Rte_Control_Node.o
 .debug_line    0x00002f32      0x58c ./Core/Src/Service/Com.o
 .debug_line    0x000034be      0x869 ./Core/Src/Service/Os.o
 .debug_line    0x00003d27      0x5a6 ./Core/Src/Service/PduR.o
 .debug_line    0x000042cd      0x60c ./Core/Src/main.o
 .debug_line    0x000048d9      0x88f ./Core/Src/stm32f1xx_it.o
 .debug_line    0x00005168      0x761 ./Core/Src/system_stm32f1xx.o
 .debug_line    0x000058c9       0x78 ./Core/Startup/startup_stm32f103c6tx.o
 .debug_line    0x00005941      0x98e ./Drivers/STM32F1xx_HAL_Driver/Src/stm32f1xx_hal.o

.debug_str      0x00000000    0x7d5ed
 .debug_str     0x00000000     0x3d04 ./Core/Src/ECU Abs/CanIf.o
                               0x3e7e (size before relaxing)
 .debug_str     0x00003d04    0x789dc ./Core/Src/MCAL/Can.o
                              0x7c9e1 (size before relaxing)
 .debug_str     0x0007c6e0      0x14c ./Core/Src/MCAL/Mcu.o
                              0x7c9c3 (size before relaxing)
 .debug_str     0x0007c82c      0x11a ./Core/Src/MCAL/Port.o
                              0x7c98d (size before relaxing)
 .debug_str     0x0007c946       0xe8 ./Core/Src/MCAL/Uart.o
                              0x7c96a (size before relaxing)
 .debug_str     0x0007ca2e      0x1f6 ./Core/Src/RTE/Rte_Control_Node.o
                               0x4052 (size before relaxing)
 .debug_str     0x0007cc24       0x6e ./Core/Src/Service/Com.o
                               0x3ebe (size before relaxing)
 .debug_str     0x0007cc92      0x39f ./Core/Src/Service/Os.o
                              0x7ccb0 (size before relaxing)
 .debug_str     0x0007d031       0x1b ./Core/Src/Service/PduR.o
                               0x3ea7 (size before relaxing)
 .debug_str     0x0007d04c       0x75 ./Core/Src/main.o
                               0x4128 (size before relaxing)
 .debug_str     0x0007d0c1       0xd3 ./Core/Src/stm32f1xx_it.o
                              0x7c8f3 (size before relaxing)
 .debug_str     0x0007d194       0x58 ./Core/Src/system_stm32f1xx.o
                              0x7c7cd (size before relaxing)
 .debug_str     0x0007d1ec       0x44 ./Core/Startup/startup_stm32f103c6tx.o
                                 0x7e (size before relaxing)
 .debug_str     0x0007d230      0x3bd ./Drivers/STM32F1xx_HAL_Driver/Src/stm32f1xx_hal.o
                              0x7cec6 (size before relaxing)

.comment        0x00000000       0x43
 .comment       0x00000000       0x43 ./Core/Src/ECU Abs/CanIf.o
                                 0x44 (size before relaxing)
 .comment       0x00000043       0x44 ./Core/Src/MCAL/Can.o
 .comment       0x00000043       0x44 ./Core/Src/MCAL/Mcu.o
 .comment       0x00000043       0x44 ./Core/Src/MCAL/Port.o
 .comment       0x00000043       0x44 ./Core/Src/MCAL/Uart.o
 .comment       0x00000043       0x44 ./Core/Src/RTE/Rte_Control_Node.o
 .comment       0x00000043       0x44 ./Core/Src/Service/Com.o
 .comment       0x00000043       0x44 ./Core/Src/Service/Os.o
 .comment       0x00000043       0x44 ./Core/Src/Service/PduR.o
 .comment       0x00000043       0x44 ./Core/Src/main.o
 .comment       0x00000043       0x44 ./Core/Src/stm32f1xx_it.o
 .comment       0x00000043       0x44 ./Core/Src/system_stm32f1xx.o
 .comment       0x00000043       0x44 ./Drivers/STM32F1xx_HAL_Driver/Src/stm32f1xx_hal.o

.debug_frame    0x00000000      0xb28
 .debug_frame   0x00000000       0x34 ./Core/Src/ECU Abs/CanIf.o
 .debug_frame   0x00000034       0x58 ./Core/Src/MCAL/Can.o
 .debug_frame   0x0000008c       0x94 ./Core/Src/MCAL/Mcu.o
 .debug_frame   0x00000120       0x38 ./Core/Src/MCAL/Port.o
 .debug_frame   0x00000158       0xe8 ./Core/Src/MCAL/Uart.o
 .debug_frame   0x00000240       0xd0 ./Core/Src/RTE/Rte_Control_Node.o
 .debug_frame   0x00000310       0x60 ./Core/Src/Service/Com.o
 .debug_frame   0x00000370       0xbc ./Core/Src/Service/Os.o
 .debug_frame   0x0000042c       0x34 ./Core/Src/Service/PduR.o
 .debug_frame   0x00000460       0x58 ./Core/Src/main.o
 .debug_frame   0x000004b8      0x124 ./Core/Src/stm32f1xx_it.o
 .debug_frame   0x000005dc       0x58 ./Core/Src/system_stm32f1xx.o
 .debug_frame   0x00000634      0x334 ./Drivers/STM32F1xx_HAL_Driver/Src/stm32f1xx_hal.o
 .debug_frame   0x00000968       0x2c C:/ST/STM32CubeIDE_1.17.0/STM32CubeIDE/plugins/com.st.stm32cube.ide.mcu.externaltools.gnu-tools-for-stm32.12.3.rel1.win32_1.1.0.202410251130/tools/bin/../lib/gcc/arm-none-eabi/12.3.1/../../../../arm-none-eabi/lib/thumb/v7-m/nofp\libc_nano.a(libc_a-init.o)
 .debug_frame   0x00000994       0x4c C:/ST/STM32CubeIDE_1.17.0/STM32CubeIDE/plugins/com.st.stm32cube.ide.mcu.externaltools.gnu-tools-for-stm32.12.3.rel1.win32_1.1.0.202410251130/tools/bin/../lib/gcc/arm-none-eabi/12.3.1/thumb/v7-m/nofp\libgcc.a(_arm_addsubsf3.o)
 .debug_frame   0x000009e0       0x38 C:/ST/STM32CubeIDE_1.17.0/STM32CubeIDE/plugins/com.st.stm32cube.ide.mcu.externaltools.gnu-tools-for-stm32.12.3.rel1.win32_1.1.0.202410251130/tools/bin/../lib/gcc/arm-none-eabi/12.3.1/thumb/v7-m/nofp\libgcc.a(_arm_muldivsf3.o)
 .debug_frame   0x00000a18       0xc8 C:/ST/STM32CubeIDE_1.17.0/STM32CubeIDE/plugins/com.st.stm32cube.ide.mcu.externaltools.gnu-tools-for-stm32.12.3.rel1.win32_1.1.0.202410251130/tools/bin/../lib/gcc/arm-none-eabi/12.3.1/thumb/v7-m/nofp\libgcc.a(_arm_cmpsf2.o)
 .debug_frame   0x00000ae0       0x24 C:/ST/STM32CubeIDE_1.17.0/STM32CubeIDE/plugins/com.st.stm32cube.ide.mcu.externaltools.gnu-tools-for-stm32.12.3.rel1.win32_1.1.0.202410251130/tools/bin/../lib/gcc/arm-none-eabi/12.3.1/thumb/v7-m/nofp\libgcc.a(_arm_fixsfsi.o)
 .debug_frame   0x00000b04       0x24 C:/ST/STM32CubeIDE_1.17.0/STM32CubeIDE/plugins/com.st.stm32cube.ide.mcu.externaltools.gnu-tools-for-stm32.12.3.rel1.win32_1.1.0.202410251130/tools/bin/../lib/gcc/arm-none-eabi/12.3.1/thumb/v7-m/nofp\libgcc.a(_arm_fixunssfsi.o)

.debug_line_str
                0x00000000       0x62
 .debug_line_str
                0x00000000       0x62 ./Core/Startup/startup_stm32f103c6tx.o
